BL51 BANKED LINKER/LOCATER V6.22.4.0                                                    05/05/2023  16:22:58  PAGE 1


BL51 BANKED LINKER/LOCATER V6.22.4.0, INVOKED BY:
C:\KEIL_V5\C51\BIN\BL51.EXE .\Objects\STARTUP_M5.obj, .\Objects\sys.obj, .\Objects\timer.obj, .\Objects\uart.obj, .\Obje
>> cts\debug.obj, .\Objects\iic.obj, .\Objects\main.obj, .\Objects\const.obj, .\Objects\ui.obj, .\Objects\permission.obj
>> , .\Objects\data.obj, .\Objects\alarm.obj, .\Objects\umath.obj, .\Objects\modbus.obj, .\Objects\rtc.obj, .\Objects\no
>> rflash.obj TO .\Objects\T5L51 PRINT (.\Listings\T5L51.m51) RAMSIZE (256) DISABLEWARNING (16) CODE (0X0100-0XFEFF) XDA
>> TA (0X8000-0XFFFF)




PROGRAM RECURSIONS REMOVED FROM CALL TREE
=========================================
+--> ?CO?UI
<--+ ?PR?P52FUNC?UI



MEMORY MODEL: LARGE


INPUT MODULES INCLUDED:
  .\Objects\STARTUP_M5.obj (?C_STARTUP)
  .\Objects\sys.obj (SYS)
  .\Objects\timer.obj (TIMER)
  .\Objects\uart.obj (UART)
  .\Objects\debug.obj (DEBUG)
  .\Objects\iic.obj (IIC)
  .\Objects\main.obj (MAIN)
  .\Objects\const.obj (CONST)
  .\Objects\ui.obj (UI)
  .\Objects\permission.obj (PERMISSION)
  .\Objects\data.obj (DATA)
  .\Objects\alarm.obj (ALARM)
  .\Objects\umath.obj (UMATH)
  .\Objects\modbus.obj (MODBUS)
  .\Objects\rtc.obj (RTC)
  .\Objects\norflash.obj (NORFLASH)
  C:\KEIL_V5\C51\LIB\C51L.LIB (?C_INIT)
  C:\KEIL_V5\C51\LIB\C51L.LIB (?C?COPY)
  C:\KEIL_V5\C51\LIB\C51L.LIB (?C?CLDPTR)
  C:\KEIL_V5\C51\LIB\C51L.LIB (?C?CLDOPTR)
  C:\KEIL_V5\C51\LIB\C51L.LIB (?C?CSTPTR)
  C:\KEIL_V5\C51\LIB\C51L.LIB (?C?CSTOPTR)
  C:\KEIL_V5\C51\LIB\C51L.LIB (?C?IMUL)
  C:\KEIL_V5\C51\LIB\C51L.LIB (?C?UIDIV)
  C:\KEIL_V5\C51\LIB\C51L.LIB (?C?IILDX)
  C:\KEIL_V5\C51\LIB\C51L.LIB (?C?ILDIX)
  C:\KEIL_V5\C51\LIB\C51L.LIB (?C?ILDOPTR)
  C:\KEIL_V5\C51\LIB\C51L.LIB (?C?ISTPTR)
  C:\KEIL_V5\C51\LIB\C51L.LIB (?C?ISTOPTR)
  C:\KEIL_V5\C51\LIB\C51L.LIB (?C?LMUL)
  C:\KEIL_V5\C51\LIB\C51L.LIB (?C?ULDIV)
  C:\KEIL_V5\C51\LIB\C51L.LIB (?C?SLDIV)
  C:\KEIL_V5\C51\LIB\C51L.LIB (?C?SLCMP)
  C:\KEIL_V5\C51\LIB\C51L.LIB (?C?ULCMP)
  C:\KEIL_V5\C51\LIB\C51L.LIB (?C?ULSHR)
  C:\KEIL_V5\C51\LIB\C51L.LIB (?C?LLDOPTR)
  C:\KEIL_V5\C51\LIB\C51L.LIB (?C?LSTOPTR)
BL51 BANKED LINKER/LOCATER V6.22.4.0                                                  05/05/2023  16:22:58  PAGE 2


  C:\KEIL_V5\C51\LIB\C51L.LIB (?C?LSTXDATA)
  C:\KEIL_V5\C51\LIB\C51L.LIB (?C?LSTKXDATA)
  C:\KEIL_V5\C51\LIB\C51L.LIB (?C?OFFXADD)
  C:\KEIL_V5\C51\LIB\C51L.LIB (?C?PLDOPTR)
  C:\KEIL_V5\C51\LIB\C51L.LIB (?C?CCASE)
  C:\KEIL_V5\C51\LIB\C51L.LIB (?C?ICASE)
  C:\KEIL_V5\C51\LIB\C51L.LIB (?C?ICALL)
  C:\KEIL_V5\C51\LIB\C51L.LIB (PRINTF)
  C:\KEIL_V5\C51\LIB\C51L.LIB (STRNCMP)
  C:\KEIL_V5\C51\LIB\C51L.LIB (STRNCPY)
  C:\KEIL_V5\C51\LIB\C51L.LIB (STRPOS)
  C:\KEIL_V5\C51\LIB\C51L.LIB (?C?MEMCMP)
  C:\KEIL_V5\C51\LIB\C51L.LIB (?C?MEMSET)
  C:\KEIL_V5\C51\LIB\C51L.LIB (?C?LLDIDATA)
  C:\KEIL_V5\C51\LIB\C51L.LIB (?C?LLDXDATA)
  C:\KEIL_V5\C51\LIB\C51L.LIB (?C?LLDPDATA)
  C:\KEIL_V5\C51\LIB\C51L.LIB (?C?LLDCODE)
  C:\KEIL_V5\C51\LIB\C51L.LIB (?C?LSTIDATA)
  C:\KEIL_V5\C51\LIB\C51L.LIB (?C?LSTPDATA)
  C:\KEIL_V5\C51\LIB\C51L.LIB (?C?PLDIDATA)
  C:\KEIL_V5\C51\LIB\C51L.LIB (?C?PLDXDATA)
  C:\KEIL_V5\C51\LIB\C51L.LIB (?C?PLDIXDATA)
  C:\KEIL_V5\C51\LIB\C51L.LIB (?C?PSTXDATA)
  C:\KEIL_V5\C51\LIB\C51L.LIB (?C?PLDPDATA)
  C:\KEIL_V5\C51\LIB\C51L.LIB (?C?PLDCODE)


LINK MAP OF MODULE:  .\Objects\T5L51 (?C_STARTUP)


            TYPE    BASE      LENGTH    RELOCATION   SEGMENT NAME
            -----------------------------------------------------

            * * * * * * *   D A T A   M E M O R Y   * * * * * * *
            REG     0000H     0008H     ABSOLUTE     "REG BANK 0"
            DATA    0008H     0013H     UNIT         ?DT?TIMER
                    001BH     0005H                  *** GAP ***
            BIT     0020H.0   0001H.1   UNIT         _BIT_GROUP_
                    0021H.1   0000H.7                *** GAP ***
            DATA    0022H     0006H     UNIT         _DATA_GROUP_
            IDATA   0028H     0001H     UNIT         ?STACK

            * * * * * * *  X D A T A   M E M O R Y  * * * * * * *
                    0000H     8000H                  *** GAP ***
            XDATA   8000H     2024H     UNIT         ?XD?UART
            XDATA   A024H     08B9H     UNIT         ?XD?UI
            XDATA   A8DDH     03F8H     UNIT         ?XD?MODBUS
            XDATA   ACD5H     03E6H     UNIT         ?XD?CONST
            XDATA   B0BBH     021FH     UNIT         _XDATA_GROUP_
            XDATA   B2DAH     012CH     UNIT         ?XD?DATA
            XDATA   B406H     007FH     UNIT         ?XD?PERMISSION
            XDATA   B485H     0057H     UNIT         ?XD?SYS
            XDATA   B4DCH     0044H     UNIT         ?XD?ALARM
            XDATA   B520H     0019H     UNIT         ?XD?_HEX_INPUT_TO_ASCII?UMATH
            XDATA   B539H     0012H     UNIT         ?XD?_NORFLASHTODGUS?NORFLASH
            XDATA   B54BH     000CH     UNIT         ?XD?RTC
            XDATA   B557H     0009H     UNIT         ?XD?_GETCHARVALUE?UMATH
BL51 BANKED LINKER/LOCATER V6.22.4.0                                                  05/05/2023  16:22:58  PAGE 3


            XDATA   B560H     0008H     UNIT         ?XD?_STRCOPARE?UMATH
            XDATA   B568H     0008H     UNIT         ?XD?NORFLASH
            XDATA   B570H     0007H     UNIT         ?XD?_MSTRCMP?UMATH
            XDATA   B577H     0006H     UNIT         ?XD?_GETCHARVALUEASCII?UMATH
            XDATA   B57DH     0006H     UNIT         ?XD?_GETCHARASCII?UMATH
            XDATA   B583H     0005H     UNIT         ?XD?_STRCLEAR?UMATH
            XDATA   B588H     0003H     UNIT         ?XD?_SIZEARRAY?UMATH
            XDATA   B58BH     0002H     UNIT         ?XD?_TESTDISPLAYNUM?UI

            * * * * * * *   C O D E   M E M O R Y   * * * * * * *
            CODE    0000H     0003H     ABSOLUTE     
                    0003H     0008H                  *** GAP ***
            CODE    000BH     0003H     ABSOLUTE     
                    000EH     000DH                  *** GAP ***
            CODE    001BH     0003H     ABSOLUTE     
                    001EH     0005H                  *** GAP ***
            CODE    0023H     0003H     ABSOLUTE     
                    0026H     0005H                  *** GAP ***
            CODE    002BH     0003H     ABSOLUTE     
                    002EH     0025H                  *** GAP ***
            CODE    0053H     0003H     ABSOLUTE     
                    0056H     0005H                  *** GAP ***
            CODE    005BH     0003H     ABSOLUTE     
                    005EH     0005H                  *** GAP ***
            CODE    0063H     0003H     ABSOLUTE     
                    0066H     0005H                  *** GAP ***
            CODE    006BH     0003H     ABSOLUTE     
                    006EH     0015H                  *** GAP ***
            CODE    0083H     0003H     ABSOLUTE     
                    0086H     0072H                  *** GAP ***
            CODE    00F8H     0008H     ABSOLUTE     
            CODE    0100H     0FA7H     UNIT         ?PR?MODBUSCENERATE?CONST
            CODE    10A7H     0797H     UNIT         ?PR?P70FUNC?UI
            CODE    183EH     0779H     UNIT         ?PR?P75FUNC?UI
            CODE    1FB7H     0779H     UNIT         ?PR?P114FUNC?UI
            CODE    2730H     076DH     UNIT         ?C?LIB_CODE
            CODE    2E9DH     063BH     UNIT         ?PR?ALARMTREAT?ALARM
            CODE    34D8H     05FCH     UNIT         ?PR?P39FUNC?UI
            CODE    3AD4H     05EFH     UNIT         ?C_INITSEG
            CODE    40C3H     05CFH     UNIT         ?PR?HISTORYALARMDISPLAY?ALARM
            CODE    4692H     057FH     UNIT         ?PR?_ANALYSISMOSBUSORDER?MODBUS
            CODE    4C11H     0529H     UNIT         ?PR?MODBUSRXTREAT?MODBUS
            CODE    513AH     0467H     UNIT         ?CO?ALARM
            CODE    55A1H     0444H     UNIT         ?PR?P29FUNC?UI
            CODE    59E5H     0365H     UNIT         ?PR?PRINTF?PRINTF
            CODE    5D4AH     02E3H     UNIT         ?PR?BATTERYMANAGE?UI
            CODE    602DH     02B7H     UNIT         ?PR?P18FUNC?UI
            CODE    62E4H     0279H     UNIT         ?PR?INIT_RTC?RTC
            CODE    655DH     0265H     UNIT         ?PR?SYSPARAMETERREAD?NORFLASH
            CODE    67C2H     0249H     UNIT         ?PR?_RTC_CONFIG?RTC
            CODE    6A0BH     0247H     UNIT         ?PR?REALTIMEALARMDISPLAY?ALARM
            CODE    6C52H     0243H     UNIT         ?PR?P87FUNC?UI
            CODE    6E95H     0222H     UNIT         ?PR?P0FUNC?UI
            CODE    70B7H     021FH     UNIT         ?PR?PASSWORDMODIFY?PERMISSION
            CODE    72D6H     01FDH     UNIT         ?PR?HISTORYALARMREAD?ALARM
            CODE    74D3H     01E0H     UNIT         ?PR?_WRITE_DGUS_VP?SYS
            CODE    76B3H     01DCH     UNIT         ?PR?P88FUNC?UI
BL51 BANKED LINKER/LOCATER V6.22.4.0                                                  05/05/2023  16:22:58  PAGE 4


            CODE    788FH     01DAH     UNIT         ?PR?_READ_DGUS_VP?SYS
            CODE    7A69H     01DAH     UNIT         ?PR?P2FUNC?UI
            CODE    7C43H     01CEH     UNIT         ?PR?P72FUNC?UI
            CODE    7E11H     01C1H     UNIT         ?PR?_UART_SEND_DATA?UART
            CODE    7FD2H     01BFH     UNIT         ?PR?PERMISSIONLOGIN?PERMISSION
            CODE    8191H     01B5H     UNIT         ?PR?P86FUNC?UI
            CODE    8346H     01B0H     UNIT         ?PR?P48FUNC?UI
            CODE    84F6H     0173H     UNIT         ?PR?P68FUNC?UI
            CODE    8669H     0168H     UNIT         ?PR?BATTERYVOLTDISPLAY?UI
            CODE    87D1H     0167H     UNIT         ?PR?P113FUNC?UI
            CODE    8938H     0163H     UNIT         ?PR?P94FUNC?UI
            CODE    8A9BH     0161H     UNIT         ?CO?UI
            CODE    8BFCH     015AH     UNIT         ?PR?_PAGEOPENTREAT?UI
            CODE    8D56H     014AH     UNIT         ?PR?RDTIME?RTC
            CODE    8EA0H     011BH     UNIT         ?PR?P22FUNC?UI
            CODE    8FBBH     0116H     UNIT         ?PR?P26FUNC?UI
            CODE    90D1H     0113H     UNIT         ?PR?P33FUNC?UI
            CODE    91E4H     010CH     UNIT         ?PR?_LISTDELETE?ALARM
            CODE    92F0H     010BH     UNIT         ?PR?P76FUNC?UI
            CODE    93FBH     010BH     UNIT         ?PR?P77FUNC?UI
            CODE    9506H     010BH     UNIT         ?PR?P78FUNC?UI
            CODE    9611H     010BH     UNIT         ?PR?P79FUNC?UI
            CODE    971CH     00F4H     UNIT         ?PR?P52FUNC?UI
            CODE    9810H     00F0H     UNIT         ?PR?P11FUNC?UI
            CODE    9900H     00F0H     UNIT         ?PR?P12FUNC?UI
            CODE    99F0H     00F0H     UNIT         ?PR?P42FUNC?UI
            CODE    9AE0H     00F0H     UNIT         ?PR?P44FUNC?UI
            CODE    9BD0H     00F0H     UNIT         ?PR?P50FUNC?UI
            CODE    9CC0H     00EAH     UNIT         ?PR?P35FUNC?UI
            CODE    9DAAH     00E6H     UNIT         ?PR?_ALARMSTART?ALARM
            CODE    9E90H     00E5H     UNIT         ?PR?_HEX_INPUT_TO_ASCII?UMATH
            CODE    9F75H     00D5H     UNIT         ?PR?_WRITE_RTC?RTC
            CODE    A04AH     00D5H     UNIT         ?PR?_NOR_FLASH_READ?NORFLASH
            CODE    A11FH     00CFH     UNIT         ?PR?_LISTINSERTHEAD?ALARM
            CODE    A1EEH     00C7H     UNIT         ?PR?_GETCHARVALUE?UMATH
            CODE    A2B5H     00C4H     UNIT         ?C_C51STARTUP
            CODE    A379H     00C2H     UNIT         ?PR?_DGUSTONORFLASH?NORFLASH
            CODE    A43BH     00C2H     UNIT         ?PR?_NORFLASHTODGUS?NORFLASH
            CODE    A4FDH     00BDH     UNIT         ?PR?_CALCULATE_CRC16?UMATH
            CODE    A5BAH     00BCH     UNIT         ?PR?P82FUNC?UI
            CODE    A676H     00BCH     UNIT         ?PR?_NOR_FLASH_WRITE?NORFLASH
            CODE    A732H     00B1H     UNIT         ?PR?_ALARM?ALARM
            CODE    A7E3H     00A7H     UNIT         ?PR?MODBUSTXTREAT?MODBUS
            CODE    A88AH     00A4H     UNIT         ?PR?RECOVERY?UI
            CODE    A92EH     009BH     UNIT         ?PR?UART3_ISR?UART
            CODE    A9C9H     0093H     UNIT         ?PR?_PINOUTPUT?SYS
            CODE    AA5CH     0091H     UNIT         ?PR?_PAGE_CHANGE?SYS
            CODE    AAEDH     0090H     UNIT         ?PR?PAGEFUNCTION?UI
            CODE    AB7DH     0090H     UNIT         ?PR?_RTC_GET_WEEK?RTC
            CODE    AC0DH     008FH     UNIT         ?PR?UART2_ISR?UART
            CODE    AC9CH     008BH     UNIT         ?PR?_CHARGEMODESWITCH?UI
            CODE    AD27H     008AH     UNIT         ?PR?P85FUNC?UI
            CODE    ADB1H     0088H     UNIT         ?PR?GETLISTLENTH?ALARM
            CODE    AE39H     0087H     UNIT         ?PR?_STRNCMP?STRNCMP
            CODE    AEC0H     0084H     UNIT         ?PR?SAVESTARTALARM?ALARM
            CODE    AF44H     007CH     UNIT         ?PR?P80FUNC?UI
            CODE    AFC0H     007BH     UNIT         ?PR?OPENSCREENPROTECTION?UI
BL51 BANKED LINKER/LOCATER V6.22.4.0                                                  05/05/2023  16:22:58  PAGE 5


            CODE    B03BH     0075H     UNIT         ?PR?MAIN?MAIN
            CODE    B0B0H     0071H     UNIT         ?PR?T0_ISR_PC?TIMER
            CODE    B121H     0071H     UNIT         ?PR?_MSTRCMP?UMATH
            CODE    B192H     006FH     UNIT         ?PR?_STRCOPARE?UMATH
            CODE    B201H     006EH     UNIT         ?PR?UART4T_ISR?UART
            CODE    B26FH     006EH     UNIT         ?PR?_GETCHARVALUEASCII?UMATH
            CODE    B2DDH     0068H     UNIT         ?PR?_STRNCPY?STRNCPY
            CODE    B345H     0066H     UNIT         ?PR?_I2CBW?IIC
            CODE    B3ABH     0063H     UNIT         ?PR?_STRCOPY?UMATH
            CODE    B40EH     0062H     UNIT         ?PR?UART4R_ISR?UART
            CODE    B470H     0060H     UNIT         ?PR?UART5T_ISR?UART
            CODE    B4D0H     0060H     UNIT         ?PR?_GETCHARASCII?UMATH
            CODE    B530H     005CH     UNIT         ?PR?_CACK?IIC
            CODE    B58CH     0059H     UNIT         ?PR?PHISTORYALARMMOVE?ALARM
            CODE    B5E5H     0058H     UNIT         ?PR?SAVEENDALARM?ALARM
            CODE    B63DH     0055H     UNIT         ?PR?_GETPININ?SYS
            CODE    B692H     0055H     UNIT         ?PR?_I2CBR?IIC
            CODE    B6E7H     0053H     UNIT         ?PR?_UARTINIT?UART
            CODE    B73AH     0051H     UNIT         ?PR?_ALARMEND?ALARM
            CODE    B78BH     004EH     UNIT         ?PR?_UART2_INIT?UART
            CODE    B7D9H     004DH     UNIT         ?PR?_ENDTIMERECORD?ALARM
            CODE    B826H     004CH     UNIT         ?PR?_SETPININ?SYS
            CODE    B872H     004BH     UNIT         ?PR?_STRCLEAR?UMATH
            CODE    B8BDH     0049H     UNIT         ?PR?_UART3_INIT?UART
            CODE    B906H     0048H     UNIT         ?PR?_DELAY_MS?SYS
            CODE    B94EH     0048H     UNIT         ?PR?_SETPINOUT?SYS
            CODE    B996H     0048H     UNIT         ?PR?_STARTTIMERECORD?ALARM
            CODE    B9DEH     0047H     UNIT         ?PR?UART5R_ISR?UART
            CODE    BA25H     0047H     UNIT         ?PR?_SIZEARRAY?UMATH
            CODE    BA6CH     0044H     UNIT         ?C?LDIV
            CODE    BAB0H     003FH     UNIT         ?PR?_I2CSTOP?IIC
            CODE    BAEFH     003EH     UNIT         ?PR?_I2CSTART?IIC
            CODE    BB2DH     0038H     UNIT         ?PR?_MACK?IIC
            CODE    BB65H     0038H     UNIT         ?PR?_MNAK?IIC
            CODE    BB9DH     0034H     UNIT         ?PR?_HEXTOASCII?UMATH
            CODE    BBD1H     0034H     UNIT         ?PR?_HEXTOASCIISMALL?UMATH
            CODE    BC05H     0033H     UNIT         ?PR?POPFROMEMERGENCY?MODBUS
            CODE    BC38H     0032H     UNIT         ?PR?INITDEBUGUART?DEBUG
            CODE    BC6AH     0030H     UNIT         ?PR?_UART4_INIT?UART
            CODE    BC9AH     002EH     UNIT         ?PR?_PUSHTOEMERGENCY?MODBUS
            CODE    BCC8H     002AH     UNIT         ?PR?MODBUSTREAT?MODBUS
            CODE    BCF2H     0028H     UNIT         ?PR?_UART5_INIT?UART
            CODE    BD1AH     0028H     UNIT         ?PR?_PASSWORDLOGIN?PERMISSION
            CODE    BD42H     0028H     UNIT         ?CO?PERMISSION
            CODE    BD6AH     0026H     UNIT         ?PR?WEEKDISPLAY?UI
            CODE    BD90H     0022H     UNIT         ?PR?_STARTTIMER?TIMER
            CODE    BDB2H     001FH     UNIT         ?PR?CLRTOUCH?UI
            CODE    BDD1H     001FH     UNIT         ?PR?_STRPOS?STRPOS
            CODE    BDF0H     001EH     UNIT         ?PR?_SCKOUTH?IIC
            CODE    BE0EH     001EH     UNIT         ?PR?_SCKOUTL?IIC
            CODE    BE2CH     001EH     UNIT         ?CO?MAIN
            CODE    BE4AH     001CH     UNIT         ?PR?T0_INIT?TIMER
            CODE    BE66H     001CH     UNIT         ?PR?GETTOUCH?UI
            CODE    BE82H     001CH     UNIT         ?CO?UMATH
            CODE    BE9EH     001BH     UNIT         ?PR?_SDAOUTH?IIC
            CODE    BEB9H     001BH     UNIT         ?PR?_SDAOUTL?IIC
            CODE    BED4H     001BH     UNIT         ?PR?_TESTDISPLAYNUM?UI
BL51 BANKED LINKER/LOCATER V6.22.4.0                                                  05/05/2023  16:22:58  PAGE 6


            CODE    BEEFH     001AH     UNIT         ?PR?_PUTCHAR?DEBUG
            CODE    BF09H     001AH     UNIT         ?PR?ISEMERGENCYFULL?MODBUS
            CODE    BF23H     0019H     UNIT         ?PR?_SETSDAIN?IIC
            CODE    BF3CH     0019H     UNIT         ?PR?_SETSDAOUT?IIC
            CODE    BF55H     0019H     UNIT         ?PR?_GETSDAIN?IIC
            CODE    BF6EH     0019H     UNIT         ?PR?BATTERYCURRDISPLAY?UI
            CODE    BF87H     0018H     UNIT         ?PR?T1_INIT?TIMER
            CODE    BF9FH     0015H     UNIT         ?PR?_DELAY_US?SYS
            CODE    BFB4H     0015H     UNIT         ?PR?_KILLTIMER?TIMER
            CODE    BFC9H     0014H     UNIT         ?PR?T2_INIT?TIMER
            CODE    BFDDH     0014H     UNIT         ?PR?_INIT_IIC_INTERFACE?IIC
            CODE    BFF1H     0013H     UNIT         ?PR?_GETTIMEOUTFLAG?TIMER
            CODE    C004H     0013H     UNIT         ?PR?_BCD?UMATH
            CODE    C017H     0012H     UNIT         ?PR?ISEMERGENCYEMPTY?MODBUS
            CODE    C029H     000FH     UNIT         ?PR?_IBCD?UMATH
            CODE    C038H     000DH     UNIT         ?PR?TIMER1_ISR?TIMER
            CODE    C045H     000AH     UNIT         ?PR?CLREMERGENCY?MODBUS
            CODE    C04FH     0009H     UNIT         ?PR?TIMER2_ISR?TIMER
            CODE    C058H     0009H     UNIT         ?PR?PUBLICUI?UI



OVERLAY MAP OF MODULE:   .\Objects\T5L51 (?C_STARTUP)


SEGMENT                                    BIT_GROUP          DATA_GROUP          XDATA_GROUP
  +--> CALLED SEGMENT                   START    LENGTH     START    LENGTH     START    LENGTH
-----------------------------------------------------------------------------------------------
?C_C51STARTUP                           -----    -----      -----    -----      -----    -----
  +--> ?PR?MAIN?MAIN
  +--> ?C_INITSEG

?PR?MAIN?MAIN                           -----    -----      -----    -----      -----    -----
  +--> ?PR?T0_INIT?TIMER
  +--> ?PR?INIT_RTC?RTC
  +--> ?PR?INITDEBUGUART?DEBUG
  +--> ?PR?_UARTINIT?UART
  +--> ?PR?SYSPARAMETERREAD?NORFLASH
  +--> ?PR?MODBUSCENERATE?CONST
  +--> ?CO?MAIN
  +--> ?PR?PRINTF?PRINTF
  +--> ?PR?HISTORYALARMREAD?ALARM
  +--> ?PR?OPENSCREENPROTECTION?UI
  +--> ?PR?_STARTTIMER?TIMER
  +--> ?PR?PAGEFUNCTION?UI
  +--> ?PR?MODBUSTREAT?MODBUS
  +--> ?PR?_GETTIMEOUTFLAG?TIMER
  +--> ?PR?RDTIME?RTC
  +--> ?PR?PUBLICUI?UI
  +--> ?PR?ALARMTREAT?ALARM
  +--> ?PR?BATTERYMANAGE?UI

?PR?INIT_RTC?RTC                        -----    -----      -----    -----      B0BBH    0002H
  +--> ?PR?_INIT_IIC_INTERFACE?IIC
  +--> ?PR?_I2CSTART?IIC
  +--> ?PR?_I2CBW?IIC
  +--> ?PR?_I2CBR?IIC
BL51 BANKED LINKER/LOCATER V6.22.4.0                                                  05/05/2023  16:22:58  PAGE 7


  +--> ?PR?_MACK?IIC
  +--> ?PR?_MNAK?IIC
  +--> ?PR?_I2CSTOP?IIC

?PR?_INIT_IIC_INTERFACE?IIC             -----    -----      -----    -----      -----    -----
  +--> ?PR?_SETPINOUT?SYS

?PR?_I2CSTART?IIC                       -----    -----      -----    -----      B0E1H    0003H
  +--> ?PR?_SETSDAOUT?IIC
  +--> ?PR?_SDAOUTH?IIC
  +--> ?PR?_SCKOUTH?IIC
  +--> ?PR?_DELAY_US?SYS
  +--> ?PR?_SDAOUTL?IIC
  +--> ?PR?_SCKOUTL?IIC

?PR?_SETSDAOUT?IIC                      -----    -----      -----    -----      -----    -----
  +--> ?PR?_SETPINOUT?SYS

?PR?_SDAOUTH?IIC                        -----    -----      -----    -----      -----    -----
  +--> ?PR?_PINOUTPUT?SYS

?PR?_SCKOUTH?IIC                        -----    -----      -----    -----      -----    -----
  +--> ?PR?_PINOUTPUT?SYS

?PR?_SDAOUTL?IIC                        -----    -----      -----    -----      -----    -----
  +--> ?PR?_PINOUTPUT?SYS

?PR?_SCKOUTL?IIC                        -----    -----      -----    -----      -----    -----
  +--> ?PR?_PINOUTPUT?SYS

?PR?_I2CBW?IIC                          -----    -----      -----    -----      B0E1H    0005H
  +--> ?PR?_SETSDAOUT?IIC
  +--> ?PR?_SDAOUTH?IIC
  +--> ?PR?_SDAOUTL?IIC
  +--> ?PR?_DELAY_US?SYS
  +--> ?PR?_SCKOUTH?IIC
  +--> ?PR?_SCKOUTL?IIC
  +--> ?PR?_CACK?IIC

?PR?_CACK?IIC                           -----    -----      -----    -----      B0E6H    0004H
  +--> ?PR?_SETSDAIN?IIC
  +--> ?PR?_SDAOUTH?IIC
  +--> ?PR?_DELAY_US?SYS
  +--> ?PR?_SCKOUTH?IIC
  +--> ?PR?_GETSDAIN?IIC
  +--> ?PR?_SCKOUTL?IIC
  +--> ?PR?_SETSDAOUT?IIC

?PR?_SETSDAIN?IIC                       -----    -----      -----    -----      -----    -----
  +--> ?PR?_SETPININ?SYS

?PR?_GETSDAIN?IIC                       -----    -----      -----    -----      -----    -----
  +--> ?PR?_GETPININ?SYS

?PR?_I2CBR?IIC                          -----    -----      -----    -----      B0E1H    0005H
  +--> ?PR?_SETSDAIN?IIC
  +--> ?PR?_DELAY_US?SYS
BL51 BANKED LINKER/LOCATER V6.22.4.0                                                  05/05/2023  16:22:58  PAGE 8


  +--> ?PR?_SCKOUTH?IIC
  +--> ?PR?_GETSDAIN?IIC
  +--> ?PR?_SCKOUTL?IIC

?PR?_MACK?IIC                           -----    -----      -----    -----      B0E1H    0003H
  +--> ?PR?_SETSDAOUT?IIC
  +--> ?PR?_SDAOUTL?IIC
  +--> ?PR?_DELAY_US?SYS
  +--> ?PR?_SCKOUTH?IIC
  +--> ?PR?_SCKOUTL?IIC

?PR?_MNAK?IIC                           -----    -----      -----    -----      B0E1H    0003H
  +--> ?PR?_SETSDAOUT?IIC
  +--> ?PR?_SDAOUTH?IIC
  +--> ?PR?_DELAY_US?SYS
  +--> ?PR?_SCKOUTH?IIC
  +--> ?PR?_SCKOUTL?IIC

?PR?_I2CSTOP?IIC                        -----    -----      -----    -----      B0E1H    0003H
  +--> ?PR?_SETSDAOUT?IIC
  +--> ?PR?_SDAOUTL?IIC
  +--> ?PR?_SCKOUTH?IIC
  +--> ?PR?_DELAY_US?SYS
  +--> ?PR?_SDAOUTH?IIC
  +--> ?PR?_SETSDAIN?IIC

?PR?INITDEBUGUART?DEBUG                 -----    -----      -----    -----      B0BBH    0002H
  +--> ?PR?_SETPINOUT?SYS
  +--> ?PR?_SETPININ?SYS

?PR?_UARTINIT?UART                      -----    -----      -----    -----      B0BBH    0005H
  +--> ?PR?_UART2_INIT?UART
  +--> ?PR?_UART3_INIT?UART
  +--> ?PR?_UART4_INIT?UART
  +--> ?PR?_UART5_INIT?UART

?PR?_UART2_INIT?UART                    -----    -----      -----    -----      B0C0H    0002H
  +--> ?PR?_SETPINOUT?SYS
  +--> ?PR?_SETPININ?SYS

?PR?_UART3_INIT?UART                    -----    -----      -----    -----      B0C0H    0002H
  +--> ?PR?_SETPINOUT?SYS
  +--> ?PR?_SETPININ?SYS

?PR?_UART4_INIT?UART                    -----    -----      -----    -----      -----    -----
  +--> ?PR?_SETPINOUT?SYS

?PR?SYSPARAMETERREAD?NORFLASH           -----    -----      -----    -----      -----    -----
  +--> ?PR?_NOR_FLASH_READ?NORFLASH
  +--> ?PR?_WRITE_DGUS_VP?SYS

?PR?_NOR_FLASH_READ?NORFLASH            -----    -----      -----    -----      B0FDH    0009H
  +--> ?PR?_WRITE_DGUS_VP?SYS
  +--> ?PR?_READ_DGUS_VP?SYS
  +--> ?PR?_DELAY_MS?SYS

?PR?_WRITE_DGUS_VP?SYS                  -----    -----      -----    -----      B2C5H    0015H
BL51 BANKED LINKER/LOCATER V6.22.4.0                                                  05/05/2023  16:22:58  PAGE 9



?PR?_READ_DGUS_VP?SYS                   -----    -----      -----    -----      B2C4H    0015H

?PR?_DELAY_MS?SYS                       -----    -----      -----    -----      B1B0H    0004H
  +--> ?PR?_DELAY_US?SYS

?PR?MODBUSCENERATE?CONST                -----    -----      -----    -----      B0CFH    0004H

?PR?PRINTF?PRINTF                       0020H.0  0001H.1    0022H    0005H      B1BBH    0028H
  +--> ?PR?_PUTCHAR?DEBUG

?PR?_PUTCHAR?DEBUG                      -----    -----      -----    -----      B1E3H    0001H
  +--> ?PR?_UART_SEND_DATA?UART

?PR?_UART_SEND_DATA?UART                -----    -----      -----    -----      B2BCH    0008H

?PR?HISTORYALARMREAD?ALARM              -----    -----      -----    -----      B0BBH    0042H
  +--> ?PR?_NOR_FLASH_READ?NORFLASH
  +--> ?CO?ALARM
  +--> ?PR?PRINTF?PRINTF
  +--> ?PR?_WRITE_DGUS_VP?SYS

?PR?OPENSCREENPROTECTION?UI             -----    -----      -----    -----      B0BBH    0006H
  +--> ?PR?_READ_DGUS_VP?SYS
  +--> ?PR?_WRITE_DGUS_VP?SYS

?PR?PAGEFUNCTION?UI                     -----    -----      -----    -----      B0BBH    0002H
  +--> ?CO?UI
  +--> ?PR?_PAGEOPENTREAT?UI

?CO?UI                                  -----    -----      -----    -----      -----    -----
  +--> ?PR?P0FUNC?UI
  +--> ?PR?P2FUNC?UI
  +--> ?PR?P11FUNC?UI
  +--> ?PR?P12FUNC?UI
  +--> ?PR?P18FUNC?UI
  +--> ?PR?P22FUNC?UI
  +--> ?PR?P26FUNC?UI
  +--> ?PR?P29FUNC?UI
  +--> ?PR?P33FUNC?UI
  +--> ?PR?P35FUNC?UI
  +--> ?PR?P39FUNC?UI
  +--> ?PR?P42FUNC?UI
  +--> ?PR?P44FUNC?UI
  +--> ?PR?P48FUNC?UI
  +--> ?PR?P50FUNC?UI
  +--> ?PR?P52FUNC?UI
  +--> ?PR?REALTIMEALARMDISPLAY?ALARM
  +--> ?PR?HISTORYALARMDISPLAY?ALARM
  +--> ?PR?P68FUNC?UI
  +--> ?PR?P70FUNC?UI
  +--> ?PR?P72FUNC?UI
  +--> ?PR?P75FUNC?UI
  +--> ?PR?P76FUNC?UI
  +--> ?PR?P77FUNC?UI
  +--> ?PR?P78FUNC?UI
  +--> ?PR?P79FUNC?UI
BL51 BANKED LINKER/LOCATER V6.22.4.0                                                  05/05/2023  16:22:58  PAGE 10


  +--> ?PR?P80FUNC?UI
  +--> ?PR?P82FUNC?UI
  +--> ?PR?P85FUNC?UI
  +--> ?PR?P86FUNC?UI
  +--> ?PR?P87FUNC?UI
  +--> ?PR?P88FUNC?UI
  +--> ?PR?P94FUNC?UI
  +--> ?PR?PERMISSIONLOGIN?PERMISSION
  +--> ?PR?PASSWORDMODIFY?PERMISSION
  +--> ?PR?P113FUNC?UI
  +--> ?PR?P114FUNC?UI

?PR?P0FUNC?UI                           -----    -----      -----    -----      B0BDH    000EH
  +--> ?PR?_READ_DGUS_VP?SYS
  +--> ?PR?_PASSWORDLOGIN?PERMISSION
  +--> ?PR?_PAGE_CHANGE?SYS
  +--> ?PR?_WRITE_DGUS_VP?SYS

?PR?_PASSWORDLOGIN?PERMISSION           -----    -----      -----    -----      -----    -----
  +--> ?PR?_READ_DGUS_VP?SYS
  +--> ?PR?_PAGE_CHANGE?SYS

?PR?_PAGE_CHANGE?SYS                    -----    -----      -----    -----      B0EBH    0006H
  +--> ?PR?_WRITE_DGUS_VP?SYS
  +--> ?PR?_DELAY_US?SYS
  +--> ?PR?_READ_DGUS_VP?SYS

?PR?P2FUNC?UI                           -----    -----      -----    -----      B0BDH    000EH
  +--> ?PR?_READ_DGUS_VP?SYS
  +--> ?PR?_PAGE_CHANGE?SYS
  +--> ?PR?_PASSWORDLOGIN?PERMISSION
  +--> ?PR?_WRITE_DGUS_VP?SYS

?PR?P11FUNC?UI                          -----    -----      -----    -----      B0BDH    000EH
  +--> ?PR?_READ_DGUS_VP?SYS
  +--> ?PR?_DGUSTONORFLASH?NORFLASH
  +--> ?PR?MODBUSCENERATE?CONST
  +--> ?PR?_WRITE_DGUS_VP?SYS

?PR?_DGUSTONORFLASH?NORFLASH            -----    -----      -----    -----      B0CFH    0012H
  +--> ?PR?_WRITE_DGUS_VP?SYS
  +--> ?PR?_READ_DGUS_VP?SYS
  +--> ?PR?_DELAY_MS?SYS

?PR?P12FUNC?UI                          -----    -----      -----    -----      B0BDH    000EH
  +--> ?PR?_READ_DGUS_VP?SYS
  +--> ?PR?_DGUSTONORFLASH?NORFLASH
  +--> ?PR?MODBUSCENERATE?CONST
  +--> ?PR?_WRITE_DGUS_VP?SYS

?PR?P18FUNC?UI                          -----    -----      -----    -----      B0BDH    000EH
  +--> ?PR?_READ_DGUS_VP?SYS
  +--> ?PR?_DGUSTONORFLASH?NORFLASH
  +--> ?PR?MODBUSCENERATE?CONST
  +--> ?PR?_WRITE_DGUS_VP?SYS

?PR?P22FUNC?UI                          -----    -----      -----    -----      B0BDH    000EH
BL51 BANKED LINKER/LOCATER V6.22.4.0                                                  05/05/2023  16:22:58  PAGE 11


  +--> ?PR?_READ_DGUS_VP?SYS
  +--> ?PR?_DGUSTONORFLASH?NORFLASH
  +--> ?PR?MODBUSCENERATE?CONST
  +--> ?PR?_CHARGEMODESWITCH?UI
  +--> ?PR?_WRITE_DGUS_VP?SYS

?PR?_CHARGEMODESWITCH?UI                -----    -----      -----    -----      -----    -----
  +--> ?PR?_PUSHTOEMERGENCY?MODBUS

?PR?_PUSHTOEMERGENCY?MODBUS             -----    -----      -----    -----      -----    -----
  +--> ?PR?ISEMERGENCYFULL?MODBUS

?PR?P26FUNC?UI                          -----    -----      -----    -----      B0BDH    000EH
  +--> ?PR?_READ_DGUS_VP?SYS
  +--> ?PR?_PASSWORDLOGIN?PERMISSION
  +--> ?PR?_WRITE_DGUS_VP?SYS

?PR?P29FUNC?UI                          -----    -----      -----    -----      B0BDH    000EH
  +--> ?PR?_READ_DGUS_VP?SYS
  +--> ?PR?_DGUSTONORFLASH?NORFLASH
  +--> ?PR?MODBUSCENERATE?CONST
  +--> ?PR?_PUSHTOEMERGENCY?MODBUS
  +--> ?PR?_WRITE_DGUS_VP?SYS

?PR?P33FUNC?UI                          -----    -----      -----    -----      B0BDH    0014H
  +--> ?PR?_READ_DGUS_VP?SYS
  +--> ?PR?_WRITE_RTC?RTC
  +--> ?PR?_NOR_FLASH_WRITE?NORFLASH
  +--> ?PR?_WRITE_DGUS_VP?SYS

?PR?_WRITE_RTC?RTC                      -----    -----      -----    -----      B0D1H    000BH
  +--> ?PR?_BCD?UMATH
  +--> ?PR?_RTC_GET_WEEK?RTC
  +--> ?PR?_RTC_CONFIG?RTC

?PR?_RTC_GET_WEEK?RTC                   -----    -----      -----    -----      B0DCH    0005H

?PR?_RTC_CONFIG?RTC                     -----    -----      -----    -----      B0DCH    0005H
  +--> ?PR?_I2CSTART?IIC
  +--> ?PR?_I2CBW?IIC
  +--> ?PR?_I2CBR?IIC
  +--> ?PR?_MACK?IIC
  +--> ?PR?_MNAK?IIC
  +--> ?PR?_I2CSTOP?IIC

?PR?_NOR_FLASH_WRITE?NORFLASH           -----    -----      -----    -----      B1A7H    0009H
  +--> ?PR?_WRITE_DGUS_VP?SYS
  +--> ?PR?_READ_DGUS_VP?SYS
  +--> ?PR?_DELAY_MS?SYS

?PR?P35FUNC?UI                          -----    -----      -----    -----      B0BDH    000EH
  +--> ?PR?_READ_DGUS_VP?SYS
  +--> ?PR?_DGUSTONORFLASH?NORFLASH
  +--> ?PR?MODBUSCENERATE?CONST
  +--> ?PR?_WRITE_DGUS_VP?SYS

?PR?P39FUNC?UI                          -----    -----      -----    -----      B0BDH    0012H
BL51 BANKED LINKER/LOCATER V6.22.4.0                                                  05/05/2023  16:22:58  PAGE 12


  +--> ?PR?_READ_DGUS_VP?SYS
  +--> ?PR?_DGUSTONORFLASH?NORFLASH
  +--> ?PR?MODBUSCENERATE?CONST
  +--> ?PR?_WRITE_DGUS_VP?SYS

?PR?P42FUNC?UI                          -----    -----      -----    -----      B0BDH    000EH
  +--> ?PR?_READ_DGUS_VP?SYS
  +--> ?PR?_DGUSTONORFLASH?NORFLASH
  +--> ?PR?MODBUSCENERATE?CONST
  +--> ?PR?_WRITE_DGUS_VP?SYS

?PR?P44FUNC?UI                          -----    -----      -----    -----      B0BDH    000EH
  +--> ?PR?_READ_DGUS_VP?SYS
  +--> ?PR?_DGUSTONORFLASH?NORFLASH
  +--> ?PR?MODBUSCENERATE?CONST
  +--> ?PR?_WRITE_DGUS_VP?SYS

?PR?P48FUNC?UI                          -----    -----      -----    -----      B0BDH    000EH
  +--> ?PR?_READ_DGUS_VP?SYS
  +--> ?PR?_DGUSTONORFLASH?NORFLASH
  +--> ?PR?MODBUSCENERATE?CONST
  +--> ?PR?_PUSHTOEMERGENCY?MODBUS
  +--> ?PR?_WRITE_DGUS_VP?SYS

?PR?P50FUNC?UI                          -----    -----      -----    -----      B0BDH    000EH
  +--> ?PR?_READ_DGUS_VP?SYS
  +--> ?PR?_DGUSTONORFLASH?NORFLASH
  +--> ?PR?MODBUSCENERATE?CONST
  +--> ?PR?_WRITE_DGUS_VP?SYS

?PR?P52FUNC?UI                          -----    -----      -----    -----      B0BDH    000EH
  +--> ?PR?_READ_DGUS_VP?SYS
  +--> ?PR?RECOVERY?UI
  +--> ?PR?_WRITE_DGUS_VP?SYS

?PR?RECOVERY?UI                         -----    -----      -----    -----      -----    -----
  +--> ?PR?_NOR_FLASH_WRITE?NORFLASH
  +--> ?PR?_WRITE_DGUS_VP?SYS

?PR?REALTIMEALARMDISPLAY?ALARM          -----    -----      -----    -----      B0BDH    00BCH
  +--> ?CO?ALARM
  +--> ?PR?PRINTF?PRINTF
  +--> ?PR?GETLISTLENTH?ALARM
  +--> ?PR?_READ_DGUS_VP?SYS
  +--> ?PR?_WRITE_DGUS_VP?SYS
  +--> ?PR?_STRNCPY?STRNCPY

?PR?GETLISTLENTH?ALARM                  -----    -----      -----    -----      B179H    0042H
  +--> ?CO?ALARM
  +--> ?PR?PRINTF?PRINTF
  +--> ?PR?_READ_DGUS_VP?SYS

?PR?_STRNCPY?STRNCPY                    -----    -----      -----    -----      B1A7H    000AH

?PR?HISTORYALARMDISPLAY?ALARM           -----    -----      -----    -----      B0BDH    00EAH
  +--> ?PR?_READ_DGUS_VP?SYS
  +--> ?PR?_WRITE_DGUS_VP?SYS
BL51 BANKED LINKER/LOCATER V6.22.4.0                                                  05/05/2023  16:22:58  PAGE 13


  +--> ?CO?ALARM
  +--> ?PR?PRINTF?PRINTF
  +--> ?PR?_STRNCPY?STRNCPY
  +--> ?PR?_NOR_FLASH_WRITE?NORFLASH

?PR?P68FUNC?UI                          -----    -----      -----    -----      B0BDH    0002H
  +--> ?PR?_WRITE_DGUS_VP?SYS

?PR?P70FUNC?UI                          -----    -----      -----    -----      B0BDH    000EH
  +--> ?PR?_READ_DGUS_VP?SYS
  +--> ?PR?_WRITE_DGUS_VP?SYS
  +--> ?PR?_PUSHTOEMERGENCY?MODBUS

?PR?P72FUNC?UI                          -----    -----      -----    -----      B0BDH    0004H
  +--> ?PR?_WRITE_DGUS_VP?SYS

?PR?P75FUNC?UI                          -----    -----      -----    -----      B0BDH    0012H
  +--> ?PR?_WRITE_DGUS_VP?SYS
  +--> ?PR?_READ_DGUS_VP?SYS
  +--> ?PR?_PUSHTOEMERGENCY?MODBUS

?PR?P76FUNC?UI                          -----    -----      -----    -----      B0BDH    0004H
  +--> ?PR?_WRITE_DGUS_VP?SYS

?PR?P77FUNC?UI                          -----    -----      -----    -----      B0BDH    0004H
  +--> ?PR?_WRITE_DGUS_VP?SYS

?PR?P78FUNC?UI                          -----    -----      -----    -----      B0BDH    0004H
  +--> ?PR?_WRITE_DGUS_VP?SYS

?PR?P79FUNC?UI                          -----    -----      -----    -----      B0BDH    0004H
  +--> ?PR?_WRITE_DGUS_VP?SYS

?PR?P80FUNC?UI                          -----    -----      -----    -----      -----    -----
  +--> ?PR?_WRITE_DGUS_VP?SYS

?PR?P82FUNC?UI                          -----    -----      -----    -----      B0BDH    0002H
  +--> ?PR?_WRITE_DGUS_VP?SYS

?PR?P85FUNC?UI                          -----    -----      -----    -----      B0BDH    0002H
  +--> ?PR?_WRITE_DGUS_VP?SYS

?PR?P86FUNC?UI                          -----    -----      -----    -----      B0BDH    0006H
  +--> ?PR?_WRITE_DGUS_VP?SYS

?PR?P87FUNC?UI                          -----    -----      -----    -----      B0BDH    000EH
  +--> ?PR?_WRITE_DGUS_VP?SYS
  +--> ?PR?_READ_DGUS_VP?SYS

?PR?P88FUNC?UI                          -----    -----      -----    -----      B0BDH    000AH
  +--> ?PR?_WRITE_DGUS_VP?SYS
  +--> ?PR?_READ_DGUS_VP?SYS

?PR?P94FUNC?UI                          -----    -----      -----    -----      B0BDH    0004H
  +--> ?PR?_WRITE_DGUS_VP?SYS

?PR?PERMISSIONLOGIN?PERMISSION          -----    -----      -----    -----      B0BDH    001AH
BL51 BANKED LINKER/LOCATER V6.22.4.0                                                  05/05/2023  16:22:58  PAGE 14


  +--> ?PR?_READ_DGUS_VP?SYS
  +--> ?PR?_NOR_FLASH_READ?NORFLASH
  +--> ?PR?_STRPOS?STRPOS
  +--> ?PR?_STRNCMP?STRNCMP
  +--> ?PR?_PAGE_CHANGE?SYS
  +--> ?PR?_WRITE_DGUS_VP?SYS

?PR?_STRNCMP?STRNCMP                    -----    -----      -----    -----      B0EBH    0008H

?PR?PASSWORDMODIFY?PERMISSION           -----    -----      -----    -----      B0BDH    002EH
  +--> ?CO?PERMISSION
  +--> ?PR?_READ_DGUS_VP?SYS
  +--> ?PR?_NOR_FLASH_READ?NORFLASH
  +--> ?PR?_STRPOS?STRPOS
  +--> ?PR?_STRNCMP?STRNCMP
  +--> ?PR?_NOR_FLASH_WRITE?NORFLASH
  +--> ?PR?_PAGE_CHANGE?SYS
  +--> ?PR?_WRITE_DGUS_VP?SYS

?PR?P113FUNC?UI                         -----    -----      -----    -----      B0BDH    0004H
  +--> ?PR?_WRITE_DGUS_VP?SYS

?PR?P114FUNC?UI                         -----    -----      -----    -----      B0BDH    0012H
  +--> ?PR?_WRITE_DGUS_VP?SYS
  +--> ?PR?_READ_DGUS_VP?SYS
  +--> ?PR?_PUSHTOEMERGENCY?MODBUS

?PR?_PAGEOPENTREAT?UI                   -----    -----      -----    -----      B0BDH    0006H
  +--> ?PR?_WRITE_DGUS_VP?SYS

?PR?MODBUSTREAT?MODBUS                  -----    -----      -----    -----      -----    -----
  +--> ?PR?_GETTIMEOUTFLAG?TIMER
  +--> ?PR?MODBUSTXTREAT?MODBUS
  +--> ?PR?MODBUSRXTREAT?MODBUS

?PR?MODBUSTXTREAT?MODBUS                -----    -----      -----    -----      B0BBH    0201H
  +--> ?PR?POPFROMEMERGENCY?MODBUS
  +--> ?PR?_ANALYSISMOSBUSORDER?MODBUS
  +--> ?PR?_UART_SEND_DATA?UART
  +--> ?PR?_STARTTIMER?TIMER

?PR?POPFROMEMERGENCY?MODBUS             -----    -----      -----    -----      -----    -----
  +--> ?PR?ISEMERGENCYEMPTY?MODBUS

?PR?_ANALYSISMOSBUSORDER?MODBUS         -----    -----      -----    -----      B2BCH    0008H
  +--> ?PR?_READ_DGUS_VP?SYS
  +--> ?PR?_CALCULATE_CRC16?UMATH

?PR?_CALCULATE_CRC16?UMATH              -----    -----      -----    -----      B2C5H    0008H

?PR?MODBUSRXTREAT?MODBUS                -----    -----      -----    -----      B0BBH    020AH
  +--> ?PR?_CALCULATE_CRC16?UMATH
  +--> ?PR?_WRITE_DGUS_VP?SYS

?PR?RDTIME?RTC                          -----    -----      -----    -----      B0BBH    000BH
  +--> ?PR?_I2CSTART?IIC
  +--> ?PR?_I2CBW?IIC
BL51 BANKED LINKER/LOCATER V6.22.4.0                                                  05/05/2023  16:22:58  PAGE 15


  +--> ?PR?_I2CBR?IIC
  +--> ?PR?_MACK?IIC
  +--> ?PR?_MNAK?IIC
  +--> ?PR?_I2CSTOP?IIC
  +--> ?PR?_STRCOPY?UMATH
  +--> ?PR?_WRITE_DGUS_VP?SYS

?PR?_STRCOPY?UMATH                      -----    -----      -----    -----      B0C6H    0008H

?PR?PUBLICUI?UI                         -----    -----      -----    -----      -----    -----
  +--> ?PR?WEEKDISPLAY?UI
  +--> ?PR?BATTERYVOLTDISPLAY?UI
  +--> ?PR?BATTERYCURRDISPLAY?UI

?PR?WEEKDISPLAY?UI                      -----    -----      -----    -----      B0BBH    0002H
  +--> ?PR?_WRITE_DGUS_VP?SYS

?PR?BATTERYVOLTDISPLAY?UI               -----    -----      -----    -----      B0BBH    0004H
  +--> ?PR?_WRITE_DGUS_VP?SYS

?PR?BATTERYCURRDISPLAY?UI               -----    -----      -----    -----      -----    -----
  +--> ?PR?_WRITE_DGUS_VP?SYS

?PR?ALARMTREAT?ALARM                    -----    -----      -----    -----      B0BBH    0006H
  +--> ?CO?ALARM
  +--> ?PR?_ALARM?ALARM

?PR?_ALARM?ALARM                        -----    -----      -----    -----      B0C1H    0049H
  +--> ?PR?_READ_DGUS_VP?SYS
  +--> ?CO?ALARM
  +--> ?PR?PRINTF?PRINTF
  +--> ?PR?_ALARMSTART?ALARM
  +--> ?PR?_ALARMEND?ALARM

?PR?_ALARMSTART?ALARM                   -----    -----      -----    -----      B10AH    000AH
  +--> ?CO?ALARM
  +--> ?PR?PRINTF?PRINTF
  +--> ?PR?_STARTTIMERECORD?ALARM
  +--> ?PR?_STRNCPY?STRNCPY
  +--> ?PR?_LISTINSERTHEAD?ALARM
  +--> ?PR?SAVESTARTALARM?ALARM

?PR?_STARTTIMERECORD?ALARM              -----    -----      -----    -----      B114H    0003H

?PR?_LISTINSERTHEAD?ALARM               -----    -----      -----    -----      B114H    0003H
  +--> ?CO?ALARM
  +--> ?PR?PRINTF?PRINTF
  +--> ?PR?_WRITE_DGUS_VP?SYS

?PR?SAVESTARTALARM?ALARM                -----    -----      -----    -----      B114H    0040H
  +--> ?PR?_NOR_FLASH_WRITE?NORFLASH
  +--> ?PR?_WRITE_DGUS_VP?SYS
  +--> ?PR?PHISTORYALARMMOVE?ALARM

?PR?PHISTORYALARMMOVE?ALARM             -----    -----      -----    -----      -----    -----
  +--> ?PR?_NOR_FLASH_WRITE?NORFLASH

BL51 BANKED LINKER/LOCATER V6.22.4.0                                                  05/05/2023  16:22:58  PAGE 16


?PR?_ALARMEND?ALARM                     -----    -----      -----    -----      B10AH    0003H
  +--> ?PR?_ENDTIMERECORD?ALARM
  +--> ?PR?SAVEENDALARM?ALARM
  +--> ?PR?_LISTDELETE?ALARM

?PR?_ENDTIMERECORD?ALARM                -----    -----      -----    -----      B10DH    0003H

?PR?SAVEENDALARM?ALARM                  -----    -----      -----    -----      B10DH    0040H
  +--> ?PR?_NOR_FLASH_WRITE?NORFLASH
  +--> ?PR?_WRITE_DGUS_VP?SYS

?PR?_LISTDELETE?ALARM                   -----    -----      -----    -----      B10DH    0084H
  +--> ?PR?_READ_DGUS_VP?SYS
  +--> ?PR?_WRITE_DGUS_VP?SYS

?PR?BATTERYMANAGE?UI                    -----    -----      -----    -----      B0BBH    000AH
  +--> ?PR?_KILLTIMER?TIMER
  +--> ?PR?_STARTTIMER?TIMER
  +--> ?PR?_CHARGEMODESWITCH?UI
  +--> ?PR?_GETTIMEOUTFLAG?TIMER
  +--> ?PR?_WRITE_DGUS_VP?SYS

*** NEW ROOT ***************************************************

?PR?T0_ISR_PC?TIMER                     -----    -----      0027H    0001H      -----    -----



SYMBOL TABLE OF MODULE:  .\Objects\T5L51 (?C_STARTUP)

  VALUE           TYPE          NAME
  ----------------------------------

  -------         MODULE        ?C_STARTUP
  C:A2B5H         SEGMENT       ?C_C51STARTUP
  I:0028H         SEGMENT       ?STACK
  C:0000H         PUBLIC        ?C_STARTUP
  D:00E0H         SYMBOL        ACC
  D:00F0H         SYMBOL        B
  D:008EH         SYMBOL        CKCON
  D:0094H         SYMBOL        DAGESEL
  D:0093H         SYMBOL        DPC
  D:0083H         SYMBOL        DPH
  D:0082H         SYMBOL        DPL
  D:0095H         SYMBOL        D_PAGESEL
  N:0000H         SYMBOL        IBPSTACK
  N:0100H         SYMBOL        IBPSTACKTOP
  N:0080H         SYMBOL        IDATALEN
  C:A2E2H         SYMBOL        IDATALOOP
  D:00A8H         SYMBOL        IEN0
  D:00B8H         SYMBOL        IEN1
  D:009AH         SYMBOL        IEN2
  D:00A9H         SYMBOL        IP0
  D:00B9H         SYMBOL        IP1
  D:00C9H         SYMBOL        MUX_SEL
  N:0000H         SYMBOL        PBPSTACK
  N:0100H         SYMBOL        PBPSTACKTOP
BL51 BANKED LINKER/LOCATER V6.22.4.0                                                  05/05/2023  16:22:58  PAGE 17


  N:0000H         SYMBOL        PDATALEN
  N:0000H         SYMBOL        PDATASTART
  D:00F9H         SYMBOL        PORTDRV
  N:0000H         SYMBOL        PPAGE
  N:0000H         SYMBOL        PPAGEENABLE
  D:00A0H         SYMBOL        PPAGE_SFR
  D:00D0H         SYMBOL        PSW
  D:00F8H         SYMBOL        RAMMODE
  D:0081H         SYMBOL        SP
  C:A2B5H         SYMBOL        STARTUP1
  D:00C8H         SYMBOL        T2CON
  N:0000H         SYMBOL        XBPSTACK
  N:0000H         SYMBOL        XBPSTACKTOP
  N:8000H         SYMBOL        XDATALEN
  C:A2EDH         SYMBOL        XDATALOOP
  N:8000H         SYMBOL        XDATASTART
  C:0000H         LINE#         140
  C:A2B5H         LINE#         160
  C:A2B8H         LINE#         161
  C:A2BBH         LINE#         162
  C:A2BEH         LINE#         163
  C:A2C1H         LINE#         164
  C:A2C4H         LINE#         166
  C:A2C7H         LINE#         167
  C:A2CAH         LINE#         168
  C:A2CDH         LINE#         169
  C:A2D0H         LINE#         170
  C:A2D3H         LINE#         171
  C:A2D6H         LINE#         172
  C:A2D9H         LINE#         173
  C:A2DCH         LINE#         174
  C:A2DFH         LINE#         180
  C:A2E1H         LINE#         181
  C:A2E2H         LINE#         182
  C:A2E3H         LINE#         183
  C:A2E5H         LINE#         187
  C:A2E8H         LINE#         188
  C:A2EAH         LINE#         192
  C:A2ECH         LINE#         194
  C:A2EDH         LINE#         195
  C:A2EEH         LINE#         196
  C:A2EFH         LINE#         197
  C:A2F1H         LINE#         198
  C:A2F3H         LINE#         232
  C:A2F6H         LINE#         243
  -------         ENDMOD        ?C_STARTUP

  -------         MODULE        SYS
  C:0000H         SYMBOL        _ICE_DUMMY_
  X:B485H         PUBLIC        Spi_Flash
  D:00F1H         PUBLIC        ADR_H
  D:0080H         PUBLIC        P0
  D:0090H         PUBLIC        P1
  X:B495H         PUBLIC        Nor_Flash
  D:00A0H         PUBLIC        P2
  C:B63DH         PUBLIC        _GetPinIn
  D:00B0H         PUBLIC        P3
BL51 BANKED LINKER/LOCATER V6.22.4.0                                                  05/05/2023  16:22:58  PAGE 18


  D:00F3H         PUBLIC        ADR_L
  D:00F2H         PUBLIC        ADR_M
  B:00A8H.7       PUBLIC        EA
  D:00F8H         PUBLIC        RAMMODE
  C:74D3H         PUBLIC        _write_dgus_vp
  D:00B7H         PUBLIC        P0MDOUT
  D:00BCH         PUBLIC        P1MDOUT
  D:00BDH         PUBLIC        P2MDOUT
  C:B826H         PUBLIC        _SetPinIn
  X:B4A1H         PUBLIC        PressPosChange
  D:00BEH         PUBLIC        P3MDOUT
  C:B94EH         PUBLIC        _SetPinOut
  B:00F8H.4       PUBLIC        APP_ACK
  X:B4A2H         PUBLIC        RealPosX
  D:00F4H         PUBLIC        ADR_INC
  X:B4A4H         PUBLIC        RealPosY
  X:B4A6H         PUBLIC        PressPosX
  X:B4A8H         PUBLIC        PressPageID
  X:B4AAH         PUBLIC        PressPosY
  X:B4ACH         PUBLIC        LastPosX
  X:B4AEH         PUBLIC        MusicBuf
  X:B4D1H         PUBLIC        LastPosY
  C:AA5CH         PUBLIC        _Page_Change
  X:B4D3H         PUBLIC        Touchstate
  C:A9C9H         PUBLIC        _PinOutput
  X:B4D4H         PUBLIC        xdistance
  X:B4D6H         PUBLIC        ydistance
  X:B4D8H         PUBLIC        PosXChangeSpeed
  D:00FDH         PUBLIC        DATA0
  X:B4DAH         PUBLIC        PosYChangeSpeed
  D:00FCH         PUBLIC        DATA1
  D:00FBH         PUBLIC        DATA2
  D:00FAH         PUBLIC        DATA3
  C:B906H         PUBLIC        _delay_ms
  B:00F8H.6       PUBLIC        APP_EN
  C:BF9FH         PUBLIC        _delay_us
  C:788FH         PUBLIC        _read_dgus_vp
  -------         PROC          _READ_DGUS_VP
  X:B2C4H         SYMBOL        addr
  X:B2C8H         SYMBOL        buf
  X:B2CBH         SYMBOL        len
  -------         DO            
  X:B2CDH         SYMBOL        OS_addr
  X:B2CFH         SYMBOL        OS_addr_offset
  X:B2D1H         SYMBOL        OS_len
  X:B2D3H         SYMBOL        OS_len_offset
  X:B2D5H         SYMBOL        LenLimit
  -------         ENDDO         
  C:788FH         LINE#         37
  C:78A0H         LINE#         38
  C:78A0H         LINE#         39
  C:78A7H         LINE#         40
  C:78ABH         LINE#         41
  C:78B3H         LINE#         44
  C:78C0H         LINE#         46
  C:78E2H         LINE#         47
  C:7901H         LINE#         48
BL51 BANKED LINKER/LOCATER V6.22.4.0                                                  05/05/2023  16:22:58  PAGE 19


  C:7901H         LINE#         49
  C:7912H         LINE#         50
  C:7912H         LINE#         51
  C:792DH         LINE#         52
  C:793FH         LINE#         54
  C:7941H         LINE#         56
  C:7944H         LINE#         57
  C:794FH         LINE#         58
  C:7951H         LINE#         59
  C:7954H         LINE#         60
  C:7957H         LINE#         61
  C:795AH         LINE#         62
  C:7964H         LINE#         63
  C:7964H         LINE#         64
  C:7966H         LINE#         65
  C:7969H         LINE#         66
  C:797EH         LINE#         67
  C:7993H         LINE#         68
  C:79A1H         LINE#         69
  C:79A1H         LINE#         70
  C:79B7H         LINE#         71
  C:79C1H         LINE#         72
  C:79CFH         LINE#         73
  C:79CFH         LINE#         74
  C:79D1H         LINE#         75
  C:79D4H         LINE#         76
  C:79E9H         LINE#         77
  C:79FEH         LINE#         78
  C:7A13H         LINE#         79
  C:7A28H         LINE#         80
  C:7A2AH         LINE#         81
  C:7A34H         LINE#         82
  C:7A34H         LINE#         83
  C:7A36H         LINE#         84
  C:7A39H         LINE#         85
  C:7A4EH         LINE#         86
  C:7A63H         LINE#         87
  C:7A63H         LINE#         88
  C:7A66H         LINE#         90
  C:7A68H         LINE#         92
  -------         ENDPROC       _READ_DGUS_VP
  -------         PROC          _WRITE_DGUS_VP
  X:B2C5H         SYMBOL        addr
  X:B2C9H         SYMBOL        buf
  X:B2CCH         SYMBOL        len
  -------         DO            
  X:B2CEH         SYMBOL        OS_addr
  X:B2D0H         SYMBOL        OS_addr_offset
  X:B2D2H         SYMBOL        OS_len
  X:B2D4H         SYMBOL        OS_len_offset
  X:B2D6H         SYMBOL        LenLimit
  -------         ENDDO         
  C:74D3H         LINE#         162
  C:74E4H         LINE#         163
  C:74E4H         LINE#         164
  C:74EBH         LINE#         165
  C:74EFH         LINE#         166
BL51 BANKED LINKER/LOCATER V6.22.4.0                                                  05/05/2023  16:22:58  PAGE 20


  C:74F7H         LINE#         169
  C:7504H         LINE#         171
  C:7526H         LINE#         172
  C:7545H         LINE#         173
  C:7545H         LINE#         174
  C:7556H         LINE#         175
  C:7556H         LINE#         176
  C:7571H         LINE#         177
  C:7583H         LINE#         179
  C:7585H         LINE#         181
  C:7588H         LINE#         182
  C:7593H         LINE#         183
  C:7595H         LINE#         184
  C:7598H         LINE#         185
  C:759BH         LINE#         186
  C:759EH         LINE#         187
  C:75A8H         LINE#         188
  C:75A8H         LINE#         189
  C:75BDH         LINE#         190
  C:75D2H         LINE#         191
  C:75D4H         LINE#         192
  C:75D7H         LINE#         193
  C:75E5H         LINE#         194
  C:75E5H         LINE#         195
  C:75FBH         LINE#         196
  C:7605H         LINE#         197
  C:7608H         LINE#         198
  C:7616H         LINE#         199
  C:7616H         LINE#         200
  C:762BH         LINE#         201
  C:7640H         LINE#         202
  C:7655H         LINE#         203
  C:766AH         LINE#         204
  C:766CH         LINE#         205
  C:7671H         LINE#         206
  C:7671H         LINE#         207
  C:767BH         LINE#         208
  C:767BH         LINE#         209
  C:767EH         LINE#         210
  C:7693H         LINE#         211
  C:76A8H         LINE#         212
  C:76AAH         LINE#         213
  C:76ADH         LINE#         214
  C:76ADH         LINE#         215
  C:76B0H         LINE#         217
  C:76B2H         LINE#         219
  -------         ENDPROC       _WRITE_DGUS_VP
  -------         PROC          _DELAY_US
  D:0006H         SYMBOL        t
  -------         DO            
  D:0005H         SYMBOL        i
  -------         ENDDO         
  C:BF9FH         LINE#         341
  C:BF9FH         LINE#         342
  C:BF9FH         LINE#         345
  C:BFA3H         LINE#         346
  C:BFA3H         LINE#         347
BL51 BANKED LINKER/LOCATER V6.22.4.0                                                  05/05/2023  16:22:58  PAGE 21


  C:BFA5H         LINE#         348
  C:BFACH         LINE#         349
  C:BFB1H         LINE#         350
  C:BFB3H         LINE#         351
  -------         ENDPROC       _DELAY_US
  -------         PROC          _PAGE_CHANGE
  X:B0EBH         SYMBOL        PageID
  -------         DO            
  X:B0EDH         SYMBOL        buf
  -------         ENDDO         
  C:AA5CH         LINE#         353
  C:AA64H         LINE#         354
  C:AA64H         LINE#         357
  C:AA68H         LINE#         358
  C:AA6CH         LINE#         359
  C:AA79H         LINE#         360
  C:AA7CH         LINE#         361
  C:AA96H         LINE#         363
  C:AA96H         LINE#         364
  C:AA9DH         LINE#         365
  C:AAB7H         LINE#         366
  C:AAC9H         LINE#         367
  C:AACEH         LINE#         368
  C:AAD0H         LINE#         369
  C:AAD2H         LINE#         370
  C:AAD4H         LINE#         371
  -------         ENDPROC       _PAGE_CHANGE
  -------         PROC          _DELAY_MS
  X:B1B0H         SYMBOL        t
  -------         DO            
  X:B1B2H         SYMBOL        i
  D:0002H         SYMBOL        j
  -------         ENDDO         
  C:B906H         LINE#         374
  C:B90EH         LINE#         375
  C:B90EH         LINE#         377
  C:B928H         LINE#         378
  C:B928H         LINE#         379
  C:B92BH         LINE#         380
  C:B93DH         LINE#         381
  C:B94DH         LINE#         382
  -------         ENDPROC       _DELAY_MS
  -------         PROC          _SETPINOUT
  D:0007H         SYMBOL        Port
  D:0005H         SYMBOL        Pin
  C:B94EH         LINE#         384
  C:B94EH         LINE#         385
  C:B94EH         LINE#         386
  C:B95CH         LINE#         387
  C:B95CH         LINE#         388
  C:B969H         LINE#         389
  C:B96AH         LINE#         390
  C:B977H         LINE#         391
  C:B978H         LINE#         392
  C:B985H         LINE#         393
  C:B986H         LINE#         394
  C:B995H         LINE#         395
BL51 BANKED LINKER/LOCATER V6.22.4.0                                                  05/05/2023  16:22:58  PAGE 22


  C:B995H         LINE#         396
  C:B995H         LINE#         397
  C:B995H         LINE#         399
  -------         ENDPROC       _SETPINOUT
  -------         PROC          _SETPININ
  D:0007H         SYMBOL        Port
  D:0005H         SYMBOL        Pin
  C:B826H         LINE#         401
  C:B826H         LINE#         402
  C:B826H         LINE#         403
  C:B834H         LINE#         404
  C:B834H         LINE#         405
  C:B842H         LINE#         406
  C:B843H         LINE#         407
  C:B851H         LINE#         408
  C:B852H         LINE#         409
  C:B860H         LINE#         410
  C:B861H         LINE#         411
  C:B871H         LINE#         412
  C:B871H         LINE#         413
  C:B871H         LINE#         414
  C:B871H         LINE#         416
  -------         ENDPROC       _SETPININ
  -------         PROC          _PINOUTPUT
  D:0007H         SYMBOL        Port
  D:0005H         SYMBOL        Pin
  D:0003H         SYMBOL        value
  C:A9C9H         LINE#         418
  C:A9C9H         LINE#         419
  C:A9C9H         LINE#         420
  C:A9DAH         LINE#         421
  C:A9DAH         LINE#         422
  C:A9EBH         LINE#         423
  C:A9F9H         LINE#         424
  C:A9FAH         LINE#         425
  C:AA0BH         LINE#         426
  C:AA19H         LINE#         427
  C:AA1AH         LINE#         428
  C:AA2BH         LINE#         429
  C:AA39H         LINE#         430
  C:AA3AH         LINE#         431
  C:AA4BH         LINE#         432
  C:AA5BH         LINE#         433
  C:AA5BH         LINE#         434
  C:AA5BH         LINE#         435
  C:AA5BH         LINE#         436
  -------         ENDPROC       _PINOUTPUT
  -------         PROC          _GETPININ
  D:0007H         SYMBOL        Port
  D:0005H         SYMBOL        Pin
  -------         DO            
  D:0006H         SYMBOL        value
  -------         ENDDO         
  C:B63DH         LINE#         438
  C:B63DH         LINE#         439
  C:B63DH         LINE#         441
  C:B64BH         LINE#         442
BL51 BANKED LINKER/LOCATER V6.22.4.0                                                  05/05/2023  16:22:58  PAGE 23


  C:B64BH         LINE#         443
  C:B659H         LINE#         444
  C:B65BH         LINE#         445
  C:B669H         LINE#         446
  C:B66BH         LINE#         447
  C:B679H         LINE#         448
  C:B67BH         LINE#         449
  C:B68BH         LINE#         450
  C:B68DH         LINE#         451
  C:B68DH         LINE#         452
  C:B68FH         LINE#         453
  C:B68FH         LINE#         454
  C:B68FH         LINE#         455
  C:B691H         LINE#         456
  -------         ENDPROC       _GETPININ
  -------         ENDMOD        SYS

  -------         MODULE        TIMER
  C:0000H         SYMBOL        _ICE_DUMMY_
  B:00A8H.7       PUBLIC        EA
  C:BFB4H         PUBLIC        _KillTimer
  D:0008H         PUBLIC        TimerTime
  C:BD90H         PUBLIC        _StartTimer
  B:0090H.0       PUBLIC        P10
  B:0090H.1       PUBLIC        P11
  D:0089H         PUBLIC        TMOD
  C:B0B0H         PUBLIC        T0_ISR_PC
  D:0018H         PUBLIC        OutTimeFlag
  B:00A8H.1       PUBLIC        ET0
  B:00A8H.3       PUBLIC        ET1
  B:00A8H.5       PUBLIC        ET2
  B:00C0H.6       PUBLIC        TF2
  D:008CH         PUBLIC        TH0
  D:008DH         PUBLIC        TH1
  D:0019H         PUBLIC        SysTick
  D:00CDH         PUBLIC        TH2
  D:001AH         PUBLIC        EnableTimer
  D:008AH         PUBLIC        TL0
  D:008BH         PUBLIC        TL1
  D:00CCH         PUBLIC        TL2
  B:0088H.4       PUBLIC        TR0
  B:0088H.6       PUBLIC        TR1
  C:C038H         PUBLIC        timer1_Isr
  C:C04FH         PUBLIC        timer2_Isr
  D:00C8H         PUBLIC        T2CON
  C:BFF1H         PUBLIC        _GetTimeOutFlag
  D:00CBH         PUBLIC        TRL2H
  D:00CAH         PUBLIC        TRL2L
  C:BE4AH         PUBLIC        T0_Init
  C:BF87H         PUBLIC        T1_Init
  C:BFC9H         PUBLIC        T2_Init
  -------         PROC          T0_INIT
  C:BE4AH         LINE#         41
  C:BE4AH         LINE#         42
  C:BE4AH         LINE#         43
  C:BE4DH         LINE#         45
  C:BE50H         LINE#         46
BL51 BANKED LINKER/LOCATER V6.22.4.0                                                  05/05/2023  16:22:58  PAGE 24


  C:BE52H         LINE#         47
  C:BE54H         LINE#         49
  C:BE56H         LINE#         50
  C:BE58H         LINE#         52
  C:BE5BH         LINE#         53
  C:BE5EH         LINE#         54
  C:BE61H         LINE#         55
  C:BE63H         LINE#         57
  C:BE65H         LINE#         58
  -------         ENDPROC       T0_INIT
  -------         PROC          T0_ISR_PC
  -------         DO            
  D:0027H         SYMBOL        i
  -------         ENDDO         
  C:B0B0H         LINE#         69
  C:B0BDH         LINE#         73
  C:B0BFH         LINE#         74
  C:B0C2H         LINE#         75
  C:B0C5H         LINE#         76
  C:B0C7H         LINE#         77
  C:B0CAH         LINE#         78
  C:B0CAH         LINE#         79
  C:B0E0H         LINE#         80
  C:B0E0H         LINE#         81
  C:B0EEH         LINE#         82
  C:B0FCH         LINE#         83
  C:B0FCH         LINE#         84
  C:B10AH         LINE#         85
  C:B10DH         LINE#         86
  C:B10DH         LINE#         87
  C:B10DH         LINE#         88
  C:B114H         LINE#         89
  C:B116H         LINE#         90
  -------         ENDPROC       T0_ISR_PC
  -------         PROC          T1_INIT
  C:BF87H         LINE#         93
  C:BF87H         LINE#         94
  C:BF87H         LINE#         95
  C:BF8AH         LINE#         97
  C:BF8DH         LINE#         98
  C:BF8FH         LINE#         99
  C:BF91H         LINE#         101
  C:BF94H         LINE#         102
  C:BF97H         LINE#         103
  C:BF9AH         LINE#         104
  C:BF9CH         LINE#         105
  C:BF9EH         LINE#         106
  -------         ENDPROC       T1_INIT
  -------         PROC          TIMER1_ISR
  C:C038H         LINE#         108
  C:C038H         LINE#         110
  C:C03AH         LINE#         111
  C:C03DH         LINE#         112
  C:C040H         LINE#         113
  C:C042H         LINE#         114
  C:C044H         LINE#         115
  -------         ENDPROC       TIMER1_ISR
BL51 BANKED LINKER/LOCATER V6.22.4.0                                                  05/05/2023  16:22:58  PAGE 25


  -------         PROC          T2_INIT
  C:BFC9H         LINE#         119
  C:BFC9H         LINE#         120
  C:BFC9H         LINE#         121
  C:BFCCH         LINE#         123
  C:BFCFH         LINE#         124
  C:BFD2H         LINE#         125
  C:BFD5H         LINE#         126
  C:BFD7H         LINE#         127
  C:BFDAH         LINE#         128
  C:BFDCH         LINE#         129
  -------         ENDPROC       T2_INIT
  -------         PROC          TIMER2_ISR
  C:C04FH         LINE#         131
  C:C04FH         LINE#         133
  C:C051H         LINE#         134
  C:C053H         LINE#         135
  C:C055H         LINE#         136
  C:C057H         LINE#         137
  -------         ENDPROC       TIMER2_ISR
  -------         PROC          _STARTTIMER
  D:0007H         SYMBOL        ID
  D:0004H         SYMBOL        nTime
  C:BD90H         LINE#         152
  C:BD90H         LINE#         153
  C:BD90H         LINE#         154
  C:BD92H         LINE#         155
  C:BDA0H         LINE#         156
  C:BDABH         LINE#         157
  C:BDAFH         LINE#         158
  C:BDB1H         LINE#         159
  -------         ENDPROC       _STARTTIMER
  -------         PROC          _KILLTIMER
  D:0007H         SYMBOL        ID
  C:BFB4H         LINE#         172
  C:BFB4H         LINE#         173
  C:BFB4H         LINE#         174
  C:BFB6H         LINE#         175
  C:BFC4H         LINE#         176
  C:BFC6H         LINE#         177
  C:BFC8H         LINE#         178
  -------         ENDPROC       _KILLTIMER
  -------         PROC          _GETTIMEOUTFLAG
  D:0007H         SYMBOL        ID
  -------         DO            
  D:0007H         SYMBOL        flag
  -------         ENDDO         
  C:BFF1H         LINE#         190
  C:BFF1H         LINE#         191
  C:BFF1H         LINE#         193
  C:BFF3H         LINE#         194
  C:C001H         LINE#         195
  C:C003H         LINE#         196
  C:C003H         LINE#         198
  -------         ENDPROC       _GETTIMEOUTFLAG
  -------         ENDMOD        TIMER

BL51 BANKED LINKER/LOCATER V6.22.4.0                                                  05/05/2023  16:22:58  PAGE 26


  -------         MODULE        UART
  C:0000H         SYMBOL        _ICE_DUMMY_
  D:0080H         PUBLIC        P0
  C:AC0DH         PUBLIC        uart2_Isr
  C:A92EH         PUBLIC        uart3_Isr
  B:00A8H.7       PUBLIC        EA
  X:8000H         PUBLIC        Uart_Struct
  D:00A8H         PUBLIC        IEN0
  D:00B8H         PUBLIC        IEN1
  D:009AH         PUBLIC        IEN2
  D:00BAH         PUBLIC        SREL0H
  D:00BBH         PUBLIC        SREL1H
  D:00AAH         PUBLIC        SREL0L
  C:B6E7H         PUBLIC        _UartInit
  D:009DH         PUBLIC        SREL1L
  D:0097H         PUBLIC        SCON2R
  D:00D9H         PUBLIC        BODE2_DIV_H
  D:00ABH         PUBLIC        SCON3R
  D:00AEH         PUBLIC        BODE3_DIV_H
  D:0096H         PUBLIC        SCON2T
  D:00A7H         PUBLIC        SCON3T
  D:00E7H         PUBLIC        BODE2_DIV_L
  D:00AFH         PUBLIC        BODE3_DIV_L
  D:00C9H         PUBLIC        MUX_SEL
  D:00E0H         PUBLIC        ACC
  B:00A8H.4       PUBLIC        ES0
  B:0098H.0       PUBLIC        RI0
  B:0098H.1       PUBLIC        TI0
  B:00D0H.0       PUBLIC        P
  B:0080H.0       PUBLIC        TR4
  D:0099H         PUBLIC        SBUF0
  D:009CH         PUBLIC        SBUF1
  D:0098H         PUBLIC        SCON0
  D:009BH         PUBLIC        SCON1
  C:B78BH         PUBLIC        _UART2_Init
  D:00D8H         PUBLIC        ADCON
  C:B8BDH         PUBLIC        _UART3_Init
  C:7E11H         PUBLIC        _Uart_Send_Data
  C:BC6AH         PUBLIC        _UART4_Init
  C:BCF2H         PUBLIC        _UART5_Init
  D:009FH         PUBLIC        SBUF2_RX
  D:00ADH         PUBLIC        SBUF3_RX
  D:009EH         PUBLIC        SBUF2_TX
  D:00ACH         PUBLIC        SBUF3_TX
  C:B40EH         PUBLIC        uart4r_Isr
  C:B9DEH         PUBLIC        uart5r_Isr
  C:B201H         PUBLIC        uart4t_Isr
  C:B470H         PUBLIC        uart5t_Isr
  -------         PROC          _UART2_INIT
  D:0004H         SYMBOL        bdt
  -------         DO            
  X:B0C0H         SYMBOL        tmp
  -------         ENDDO         
  C:B78BH         LINE#         36
  C:B78BH         LINE#         37
  C:B78BH         LINE#         39
  C:B7ACH         LINE#         40
BL51 BANKED LINKER/LOCATER V6.22.4.0                                                  05/05/2023  16:22:58  PAGE 27


  C:B7AFH         LINE#         41
  C:B7B6H         LINE#         42
  C:B7BDH         LINE#         43
  C:B7C0H         LINE#         44
  C:B7C3H         LINE#         45
  C:B7C6H         LINE#         46
  C:B7D1H         LINE#         47
  C:B7D3H         LINE#         48
  C:B7D6H         LINE#         49
  C:B7D8H         LINE#         60
  -------         ENDPROC       _UART2_INIT
  -------         PROC          _UART3_INIT
  D:0004H         SYMBOL        bdt
  -------         DO            
  X:B0C0H         SYMBOL        tmp
  -------         ENDDO         
  C:B8BDH         LINE#         75
  C:B8BDH         LINE#         76
  C:B8BDH         LINE#         78
  C:B8DEH         LINE#         80
  C:B8E1H         LINE#         82
  C:B8E8H         LINE#         83
  C:B8EFH         LINE#         84
  C:B8F2H         LINE#         86
  C:B8F5H         LINE#         87
  C:B900H         LINE#         88
  C:B902H         LINE#         89
  C:B905H         LINE#         99
  -------         ENDPROC       _UART3_INIT
  -------         PROC          _UART4_INIT
  D:0004H         SYMBOL        bdt
  -------         DO            
  D:0004H         SYMBOL        tmp
  -------         ENDDO         
  C:BC6AH         LINE#         114
  C:BC6AH         LINE#         115
  C:BC6AH         LINE#         117
  C:BC6DH         LINE#         118
  C:BC70H         LINE#         121
  C:BC87H         LINE#         122
  C:BC8AH         LINE#         123
  C:BC8EH         LINE#         125
  C:BC91H         LINE#         127
  C:BC97H         LINE#         128
  C:BC99H         LINE#         135
  -------         ENDPROC       _UART4_INIT
  -------         PROC          _UART5_INIT
  D:0004H         SYMBOL        bdt
  -------         DO            
  D:0004H         SYMBOL        tmp
  -------         ENDDO         
  C:BCF2H         LINE#         150
  C:BCF2H         LINE#         151
  C:BCF2H         LINE#         153
  C:BCF5H         LINE#         154
  C:BCF8H         LINE#         156
  C:BD0FH         LINE#         157
BL51 BANKED LINKER/LOCATER V6.22.4.0                                                  05/05/2023  16:22:58  PAGE 28


  C:BD12H         LINE#         158
  C:BD16H         LINE#         160
  C:BD19H         LINE#         170
  -------         ENDPROC       _UART5_INIT
  -------         PROC          _UARTINIT
  D:0007H         SYMBOL        UartPort
  X:B0BCH         SYMBOL        bdt
  C:B6E7H         LINE#         172
  C:B6E7H         LINE#         173
  C:B6E7H         LINE#         174
  C:B6F5H         LINE#         175
  C:B6F5H         LINE#         176
  C:B6F5H         LINE#         177
  C:B706H         LINE#         178
  C:B706H         LINE#         179
  C:B706H         LINE#         180
  C:B717H         LINE#         181
  C:B717H         LINE#         182
  C:B717H         LINE#         183
  C:B728H         LINE#         184
  C:B728H         LINE#         185
  C:B728H         LINE#         186
  C:B739H         LINE#         187
  C:B739H         LINE#         188
  C:B739H         LINE#         189
  C:B739H         LINE#         190
  C:B739H         LINE#         191
  -------         ENDPROC       _UARTINIT
  -------         PROC          _UART_SEND_DATA
  X:B2BCH         SYMBOL        str
  X:B2BDH         SYMBOL        len
  X:B2BFH         SYMBOL        buf
  -------         DO            
  X:B2C2H         SYMBOL        i
  -------         ENDDO         
  C:7E11H         LINE#         203
  C:7E25H         LINE#         204
  C:7E25H         LINE#         207
  C:7E27H         LINE#         208
  C:7E44H         LINE#         209
  C:7E44H         LINE#         210
  C:7E9DH         LINE#         211
  C:7EBCH         LINE#         212
  C:7ED8H         LINE#         213
  C:7EE9H         LINE#         214
  C:7F00H         LINE#         215
  C:7F00H         LINE#         216
  C:7F00H         LINE#         217
  C:7F09H         LINE#         218
  C:7F09H         LINE#         222
  C:7F0BH         LINE#         223
  C:7F1EH         LINE#         224
  C:7F2CH         LINE#         225
  C:7F2FH         LINE#         226
  C:7F2FH         LINE#         227
  C:7F32H         LINE#         228
  C:7F32H         LINE#         229
BL51 BANKED LINKER/LOCATER V6.22.4.0                                                  05/05/2023  16:22:58  PAGE 29


  C:7F3BH         LINE#         230
  C:7F3BH         LINE#         234
  C:7F3DH         LINE#         235
  C:7F50H         LINE#         236
  C:7F5EH         LINE#         237
  C:7F61H         LINE#         238
  C:7F61H         LINE#         239
  C:7F63H         LINE#         240
  C:7F63H         LINE#         241
  C:7F69H         LINE#         242
  C:7F69H         LINE#         244
  C:7F6BH         LINE#         246
  C:7F6DH         LINE#         248
  C:7F7FH         LINE#         249
  C:7F8AH         LINE#         251
  C:7F8CH         LINE#         252
  C:7F9AH         LINE#         253
  C:7F9DH         LINE#         254
  C:7F9DH         LINE#         255
  C:7F9FH         LINE#         256
  C:7F9FH         LINE#         257
  C:7FA5H         LINE#         258
  C:7FA5H         LINE#         262
  C:7FA7H         LINE#         263
  C:7FBAH         LINE#         264
  C:7FC8H         LINE#         265
  C:7FCFH         LINE#         266
  C:7FCFH         LINE#         267
  C:7FCFH         LINE#         268
  C:7FCFH         LINE#         269
  C:7FCFH         LINE#         270
  C:7FCFH         LINE#         271
  C:7FD1H         LINE#         272
  -------         ENDPROC       _UART_SEND_DATA
  -------         PROC          UART2_ISR
  C:AC0DH         LINE#         274
  C:AC1CH         LINE#         276
  C:AC1EH         LINE#         277
  C:AC21H         LINE#         278
  C:AC21H         LINE#         279
  C:AC23H         LINE#         280
  C:AC36H         LINE#         281
  C:AC44H         LINE#         282
  C:AC4BH         LINE#         283
  C:AC4BH         LINE#         284
  C:AC4EH         LINE#         285
  C:AC4EH         LINE#         286
  C:AC50H         LINE#         287
  C:AC64H         LINE#         288
  C:AC64H         LINE#         289
  C:AC71H         LINE#         290
  C:AC7FH         LINE#         291
  C:AC86H         LINE#         292
  C:AC88H         LINE#         294
  C:AC88H         LINE#         295
  C:AC8DH         LINE#         299
  C:AC8DH         LINE#         300
BL51 BANKED LINKER/LOCATER V6.22.4.0                                                  05/05/2023  16:22:58  PAGE 30


  C:AC8DH         LINE#         301
  C:AC8FH         LINE#         302
  -------         ENDPROC       UART2_ISR
  -------         PROC          UART4T_ISR
  C:B201H         LINE#         304
  C:B210H         LINE#         306
  C:B212H         LINE#         307
  C:B215H         LINE#         308
  C:B229H         LINE#         309
  C:B229H         LINE#         310
  C:B235H         LINE#         311
  C:B240H         LINE#         313
  C:B242H         LINE#         314
  C:B250H         LINE#         315
  C:B257H         LINE#         316
  C:B259H         LINE#         318
  C:B259H         LINE#         319
  C:B25EH         LINE#         321
  C:B260H         LINE#         323
  C:B260H         LINE#         324
  C:B262H         LINE#         325
  -------         ENDPROC       UART4T_ISR
  -------         PROC          UART4R_ISR
  C:B40EH         LINE#         327
  C:B41DH         LINE#         329
  C:B41FH         LINE#         330
  C:B422H         LINE#         331
  C:B424H         LINE#         332
  C:B439H         LINE#         333
  C:B439H         LINE#         334
  C:B44CH         LINE#         335
  C:B45AH         LINE#         336
  C:B461H         LINE#         337
  C:B461H         LINE#         338
  C:B463H         LINE#         339
  -------         ENDPROC       UART4R_ISR
  -------         PROC          UART5T_ISR
  C:B470H         LINE#         341
  C:B47FH         LINE#         343
  C:B481H         LINE#         344
  C:B484H         LINE#         345
  C:B498H         LINE#         346
  C:B498H         LINE#         347
  C:B4A5H         LINE#         348
  C:B4B3H         LINE#         349
  C:B4BAH         LINE#         350
  C:B4BCH         LINE#         352
  C:B4BCH         LINE#         353
  C:B4C1H         LINE#         357
  C:B4C1H         LINE#         358
  C:B4C3H         LINE#         359
  -------         ENDPROC       UART5T_ISR
  -------         PROC          UART5R_ISR
  C:B9DEH         LINE#         361
  C:B9EBH         LINE#         363
  C:B9EDH         LINE#         364
  C:B9F0H         LINE#         365
BL51 BANKED LINKER/LOCATER V6.22.4.0                                                  05/05/2023  16:22:58  PAGE 31


  C:BA03H         LINE#         366
  C:BA11H         LINE#         367
  C:BA18H         LINE#         368
  C:BA1AH         LINE#         369
  -------         ENDPROC       UART5R_ISR
  -------         PROC          UART3_ISR
  C:A92EH         LINE#         371
  C:A93DH         LINE#         373
  C:A93FH         LINE#         374
  C:A944H         LINE#         375
  C:A944H         LINE#         376
  C:A947H         LINE#         377
  C:A94AH         LINE#         378
  C:A95DH         LINE#         379
  C:A96BH         LINE#         380
  C:A972H         LINE#         381
  C:A972H         LINE#         382
  C:A977H         LINE#         383
  C:A977H         LINE#         384
  C:A97AH         LINE#         385
  C:A97DH         LINE#         386
  C:A991H         LINE#         387
  C:A991H         LINE#         388
  C:A99EH         LINE#         389
  C:A9ACH         LINE#         390
  C:A9B3H         LINE#         391
  C:A9B5H         LINE#         393
  C:A9B5H         LINE#         394
  C:A9BAH         LINE#         398
  C:A9BAH         LINE#         399
  C:A9BAH         LINE#         400
  C:A9BCH         LINE#         401
  -------         ENDPROC       UART3_ISR
  -------         ENDMOD        UART

  -------         MODULE        DEBUG
  C:0000H         SYMBOL        _ICE_DUMMY_
  D:0080H         PUBLIC        P0
  D:00BBH         PUBLIC        SREL1H
  D:009DH         PUBLIC        SREL1L
  C:BC38H         PUBLIC        initDebugUart
  D:00C9H         PUBLIC        MUX_SEL
  D:009CH         PUBLIC        SBUF1
  D:009BH         PUBLIC        SCON1
  C:BEEFH         PUBLIC        _putchar
  -------         PROC          INITDEBUGUART
  -------         DO            
  X:B0BBH         SYMBOL        tmp
  -------         ENDDO         
  C:BC38H         LINE#         4
  C:BC38H         LINE#         5
  C:BC38H         LINE#         8
  C:BC42H         LINE#         9
  C:BC45H         LINE#         10
  C:BC4CH         LINE#         11
  C:BC53H         LINE#         12
  C:BC56H         LINE#         14
BL51 BANKED LINKER/LOCATER V6.22.4.0                                                  05/05/2023  16:22:58  PAGE 32


  C:BC59H         LINE#         15
  C:BC64H         LINE#         16
  C:BC66H         LINE#         17
  C:BC69H         LINE#         18
  -------         ENDPROC       INITDEBUGUART
  -------         PROC          _PUTCHAR
  X:B1E3H         SYMBOL        c
  C:BEEFH         LINE#         28
  C:BEF4H         LINE#         29
  C:BEF4H         LINE#         30
  C:BF03H         LINE#         31
  C:BF08H         LINE#         32
  -------         ENDPROC       _PUTCHAR
  -------         ENDMOD        DEBUG

  -------         MODULE        IIC
  C:0000H         SYMBOL        _ICE_DUMMY_
  C:BF2BH         PUBLIC        _SetSdaIn
  C:BF44H         PUBLIC        _SetSdaOut
  C:B530H         PUBLIC        _cack
  C:BEA6H         PUBLIC        _SdaOutH
  C:BB2DH         PUBLIC        _mack
  C:BEC1H         PUBLIC        _SdaOutL
  C:BDF8H         PUBLIC        _SckOutH
  C:BE16H         PUBLIC        _SckOutL
  C:BB65H         PUBLIC        _mnak
  C:BAEFH         PUBLIC        _i2cstart
  C:BAB0H         PUBLIC        _i2cstop
  C:B692H         PUBLIC        _i2cbr
  C:B345H         PUBLIC        _i2cbw
  C:BFDDH         PUBLIC        _Init_IIc_Interface
  C:BF5DH         PUBLIC        _GetSdaIn
  -------         PROC          _INIT_IIC_INTERFACE
  D:0001H         SYMBOL        cfg
  C:BFDDH         LINE#         7
  C:BFDDH         LINE#         8
  C:BFDDH         LINE#         9
  -------         ENDPROC       _INIT_IIC_INTERFACE
  -------         PROC          L?0040
  -------         ENDPROC       L?0040
  -------         PROC          _SETSDAIN
  D:0001H         SYMBOL        cfg
  C:BF2BH         LINE#         13
  C:BF2BH         LINE#         14
  C:BF2BH         LINE#         15
  -------         ENDPROC       _SETSDAIN
  C:BF3CH         SYMBOL        L?0037
  -------         PROC          L?0036
  -------         ENDPROC       L?0036
  C:BF3CH         SYMBOL        L?0037
  -------         PROC          _SETSDAOUT
  D:0001H         SYMBOL        cfg
  C:BF44H         LINE#         18
  C:BF44H         LINE#         19
  C:BF44H         LINE#         20
  -------         ENDPROC       _SETSDAOUT
  -------         PROC          L?0041
BL51 BANKED LINKER/LOCATER V6.22.4.0                                                  05/05/2023  16:22:58  PAGE 33


  -------         ENDPROC       L?0041
  -------         PROC          _GETSDAIN
  D:0001H         SYMBOL        cfg
  C:BF5DH         LINE#         23
  C:BF5DH         LINE#         24
  C:BF5DH         LINE#         25
  -------         ENDPROC       _GETSDAIN
  C:BE9EH         SYMBOL        L?0035
  -------         PROC          L?0034
  -------         ENDPROC       L?0034
  C:BE9EH         SYMBOL        L?0035
  -------         PROC          _SDAOUTH
  D:0001H         SYMBOL        cfg
  C:BEA6H         LINE#         28
  C:BEA6H         LINE#         29
  C:BEA6H         LINE#         30
  -------         ENDPROC       _SDAOUTH
  C:BEB9H         SYMBOL        L?0039
  -------         PROC          L?0038
  -------         ENDPROC       L?0038
  C:BEB9H         SYMBOL        L?0039
  -------         PROC          _SDAOUTL
  D:0001H         SYMBOL        cfg
  C:BEC1H         LINE#         33
  C:BEC1H         LINE#         34
  C:BEC1H         LINE#         35
  -------         ENDPROC       _SDAOUTL
  C:BDF0H         SYMBOL        L?0031
  -------         PROC          L?0030
  -------         ENDPROC       L?0030
  C:BDF0H         SYMBOL        L?0031
  -------         PROC          _SCKOUTH
  D:0001H         SYMBOL        cfg
  C:BDF8H         LINE#         38
  C:BDF8H         LINE#         39
  C:BDF8H         LINE#         40
  -------         ENDPROC       _SCKOUTH
  C:BE0EH         SYMBOL        L?0033
  -------         PROC          L?0032
  -------         ENDPROC       L?0032
  C:BE0EH         SYMBOL        L?0033
  -------         PROC          _SCKOUTL
  D:0001H         SYMBOL        cfg
  C:BE16H         LINE#         43
  C:BE16H         LINE#         44
  C:BE16H         LINE#         45
  -------         ENDPROC       _SCKOUTL
  -------         PROC          _I2CSTART
  X:B0E1H         SYMBOL        cfg
  C:BAEFH         LINE#         49
  C:BAFAH         LINE#         50
  C:BAFAH         LINE#         51
  C:BB00H         LINE#         52
  C:BB06H         LINE#         53
  C:BB0CH         LINE#         54
  C:BB13H         LINE#         55
  C:BB19H         LINE#         56
[...]
  C:63BAH         LINE#         229
  C:63BDH         LINE#         230
  C:63C6H         LINE#         231
  C:63D1H         LINE#         232
  C:63DCH         LINE#         233
  C:63EAH         LINE#         234
  C:63F3H         LINE#         235
  C:63F3H         LINE#         238
  C:63FAH         LINE#         239
  C:6403H         LINE#         240
  C:640EH         LINE#         241
  C:6419H         LINE#         242
  C:6427H         LINE#         243
  C:6430H         LINE#         244
  C:6437H         LINE#         245
  C:6440H         LINE#         246
  C:644BH         LINE#         247
  C:6456H         LINE#         248
  C:6464H         LINE#         249
BL51 BANKED LINKER/LOCATER V6.22.4.0                                                  05/05/2023  16:22:58  PAGE 118


  C:646DH         LINE#         252
  C:6476H         LINE#         253
  C:6481H         LINE#         254
  C:648CH         LINE#         255
  C:6497H         LINE#         256
  C:64A2H         LINE#         257
  C:64ADH         LINE#         258
  C:64B8H         LINE#         259
  C:64C3H         LINE#         260
  C:64CEH         LINE#         261
  C:64D9H         LINE#         262
  C:64E2H         LINE#         263
  C:64E9H         LINE#         264
  C:64F0H         LINE#         265
  C:64F9H         LINE#         266
  C:6504H         LINE#         267
  C:650FH         LINE#         268
  C:651DH         LINE#         269
  C:6526H         LINE#         270
  C:652FH         LINE#         271
  C:653AH         LINE#         272
  C:6545H         LINE#         273
  C:6553H         LINE#         274
  C:655CH         LINE#         275
  C:655CH         LINE#         276
  -------         ENDPROC       INIT_RTC
  -------         PROC          _RTC_CONFIG
  X:B0DCH         SYMBOL        prtc_set
  -------         DO            
  X:B0DFH         SYMBOL        dat
  X:B0E0H         SYMBOL        dat1
  -------         ENDDO         
  C:67C2H         LINE#         278
  C:67CDH         LINE#         279
  C:67CDH         LINE#         282
  C:67D6H         LINE#         283
  C:67E1H         LINE#         284
  C:67ECH         LINE#         285
  C:67F5H         LINE#         286
  C:6800H         LINE#         287
  C:680EH         LINE#         288
  C:6817H         LINE#         289
  C:6825H         LINE#         290
  C:682EH         LINE#         291
  C:6837H         LINE#         292
  C:683EH         LINE#         293
  C:6847H         LINE#         294
  C:6852H         LINE#         295
  C:685DH         LINE#         296
  C:686BH         LINE#         297
  C:6874H         LINE#         298
  C:687BH         LINE#         299
  C:6884H         LINE#         300
  C:688FH         LINE#         301
  C:689AH         LINE#         302
  C:68A8H         LINE#         303
  C:68B1H         LINE#         306
BL51 BANKED LINKER/LOCATER V6.22.4.0                                                  05/05/2023  16:22:58  PAGE 119


  C:68BAH         LINE#         307
  C:68C5H         LINE#         308
  C:68D0H         LINE#         309
  C:68EBH         LINE#         310
  C:6906H         LINE#         311
  C:6921H         LINE#         312
  C:693CH         LINE#         313
  C:6957H         LINE#         314
  C:6972H         LINE#         315
  C:698AH         LINE#         316
  C:6993H         LINE#         317
  C:699AH         LINE#         318
  C:699FH         LINE#         319
  C:69A8H         LINE#         320
  C:69B3H         LINE#         321
  C:69BEH         LINE#         322
  C:69CCH         LINE#         323
  C:69D5H         LINE#         324
  C:69DEH         LINE#         325
  C:69E9H         LINE#         326
  C:69F4H         LINE#         327
  C:6A02H         LINE#         328
  -------         ENDPROC       _RTC_CONFIG
  -------         PROC          RDTIME
  -------         DO            
  X:B0BBH         SYMBOL        rtcdata
  X:B0C3H         SYMBOL        i
  X:B0C4H         SYMBOL        n
  X:B0C5H         SYMBOL        m
  -------         ENDDO         
  C:8D56H         LINE#         332
  C:8D56H         LINE#         333
  C:8D56H         LINE#         336
  C:8D5FH         LINE#         337
  C:8D6AH         LINE#         338
  C:8D75H         LINE#         339
  C:8D7EH         LINE#         340
  C:8D89H         LINE#         341
  C:8D8FH         LINE#         342
  C:8D8FH         LINE#         343
  C:8DA7H         LINE#         344
  C:8DB0H         LINE#         345
  C:8DBCH         LINE#         346
  C:8DCAH         LINE#         347
  C:8DD3H         LINE#         348
  C:8DDCH         LINE#         349
  C:8DE3H         LINE#         353
  C:8DE8H         LINE#         354
  C:8DE8H         LINE#         355
  C:8E00H         LINE#         356
  C:8E06H         LINE#         357
  C:8E19H         LINE#         358
  C:8E23H         LINE#         359
  C:8E29H         LINE#         360
  C:8E29H         LINE#         361
  C:8E41H         LINE#         362
  C:8E47H         LINE#         363
BL51 BANKED LINKER/LOCATER V6.22.4.0                                                  05/05/2023  16:22:58  PAGE 120


  C:8E5AH         LINE#         364
  C:8E64H         LINE#         366
  C:8E69H         LINE#         367
  C:8E86H         LINE#         368
  -------         ENDPROC       RDTIME
  -------         PROC          _RTC_GET_WEEK
  D:0003H         SYMBOL        year
  D:0005H         SYMBOL        month
  X:B0DCH         SYMBOL        day
  -------         DO            
  D:0006H         SYMBOL        tmp
  X:B0DDH         SYMBOL        mon
  X:B0DFH         SYMBOL        y
  D:0007H         SYMBOL        week
  -------         ENDDO         
  C:AB7DH         LINE#         373
  C:AB84H         LINE#         374
  C:AB84H         LINE#         377
  C:AB8DH         LINE#         378
  C:AB8DH         LINE#         379
  C:AB9AH         LINE#         380
  C:ABA6H         LINE#         381
  C:ABA8H         LINE#         383
  C:ABA8H         LINE#         384
  C:ABB2H         LINE#         385
  C:ABBAH         LINE#         386
  C:ABBAH         LINE#         387
  C:AC05H         LINE#         388
  C:AC0CH         LINE#         389
  C:AC0CH         LINE#         390
  -------         ENDPROC       _RTC_GET_WEEK
  -------         PROC          _WRITE_RTC
  X:B0D1H         SYMBOL        date
  -------         DO            
  X:B0D4H         SYMBOL        rtc_set
  -------         ENDDO         
  C:9F75H         LINE#         392
  C:9F80H         LINE#         393
  C:9F80H         LINE#         395
  C:9F97H         LINE#         396
  C:9FB1H         LINE#         397
  C:9FCBH         LINE#         398
  C:9FF0H         LINE#         399
  C:A00AH         LINE#         400
  C:A00DH         LINE#         401
  C:A027H         LINE#         402
  C:A041H         LINE#         403
  -------         ENDPROC       _WRITE_RTC
  -------         ENDMOD        RTC

  -------         MODULE        NORFLASH
  C:0000H         SYMBOL        _ICE_DUMMY_
  C:A050H         PUBLIC        _Nor_Flash_read
  C:655DH         PUBLIC        sysParameterRead
  C:A676H         PUBLIC        _Nor_Flash_write
  C:A43BH         PUBLIC        _norFlashToDgus
  C:A379H         PUBLIC        _dgusToNorFlash
BL51 BANKED LINKER/LOCATER V6.22.4.0                                                  05/05/2023  16:22:58  PAGE 121


  X:B568H         PUBLIC        norflash_cmd
  -------         PROC          _NOR_FLASH_WRITE
  X:B1A7H         SYMBOL        addr
  D:0001H         SYMBOL        buff
  X:B1AEH         SYMBOL        len
  C:A676H         LINE#         14
  C:A67CH         LINE#         15
  C:A67CH         LINE#         16
  C:A696H         LINE#         17
  C:A69CH         LINE#         19
  C:A6B4H         LINE#         20
  C:A6CCH         LINE#         21
  C:A6D7H         LINE#         23
  C:A6DBH         LINE#         24
  C:A6DEH         LINE#         26
  C:A6EBH         LINE#         27
  C:A6EEH         LINE#         29
  C:A708H         LINE#         30
  C:A708H         LINE#         31
  C:A708H         LINE#         32
  C:A722H         LINE#         33
  C:A728H         LINE#         34
  C:A728H         LINE#         35
  C:A728H         LINE#         36
  C:A728H         LINE#         37
  C:A72FH         LINE#         38
  C:A731H         LINE#         39
  -------         ENDPROC       _NOR_FLASH_WRITE
  C:A04AH         SYMBOL        L?0020
  C:A04CH         SYMBOL        L?0021
  -------         PROC          L?0019
  -------         ENDPROC       L?0019
  C:A04AH         SYMBOL        L?0020
  C:A04CH         SYMBOL        L?0021
  -------         PROC          _NOR_FLASH_READ
  X:B0FDH         SYMBOL        addr
  X:B101H         SYMBOL        buff
  X:B104H         SYMBOL        len
  C:A050H         LINE#         41
  C:A061H         LINE#         42
  C:A061H         LINE#         43
  C:A067H         LINE#         45
  C:A07FH         LINE#         46
  C:A097H         LINE#         47
  C:A0A2H         LINE#         49
  C:A0A6H         LINE#         50
  C:A0A9H         LINE#         52
  C:A0B6H         LINE#         53
  C:A0B9H         LINE#         55
  C:A0D3H         LINE#         56
  C:A0D3H         LINE#         57
  C:A0D3H         LINE#         58
  C:A0EDH         LINE#         59
  C:A0F3H         LINE#         60
  C:A0F3H         LINE#         61
  C:A0F3H         LINE#         62
  C:A0F3H         LINE#         63
BL51 BANKED LINKER/LOCATER V6.22.4.0                                                  05/05/2023  16:22:58  PAGE 122


  C:A0FAH         LINE#         64
  C:A0FCH         LINE#         65
  -------         ENDPROC       _NOR_FLASH_READ
  -------         PROC          _DGUSTONORFLASH
  X:B0CFH         SYMBOL        addrForNorFlash
  X:B0D3H         SYMBOL        addrInDgus
  X:B0D7H         SYMBOL        len
  -------         DO            
  X:B0D9H         SYMBOL        norFlash_buff
  -------         ENDDO         
  C:A379H         LINE#         72
  C:A37FH         LINE#         73
  C:A37FH         LINE#         76
  C:A385H         LINE#         77
  C:A39DH         LINE#         78
  C:A3B5H         LINE#         79
  C:A3C2H         LINE#         80
  C:A3DAH         LINE#         81
  C:A3E7H         LINE#         82
  C:A3F4H         LINE#         83
  C:A3F7H         LINE#         84
  C:A411H         LINE#         86
  C:A411H         LINE#         87
  C:A411H         LINE#         88
  C:A42BH         LINE#         89
  C:A431H         LINE#         90
  C:A431H         LINE#         91
  C:A438H         LINE#         92
  C:A43AH         LINE#         93
  -------         ENDPROC       _DGUSTONORFLASH
  -------         PROC          _NORFLASHTODGUS
  X:B539H         SYMBOL        addrForNorFlash
  X:B53DH         SYMBOL        addrInDgus
  X:B541H         SYMBOL        len
  -------         DO            
  X:B543H         SYMBOL        norFlash_buff
  -------         ENDDO         
  C:A43BH         LINE#         95
  C:A441H         LINE#         96
  C:A441H         LINE#         99
  C:A447H         LINE#         100
  C:A45FH         LINE#         101
  C:A477H         LINE#         102
  C:A484H         LINE#         103
  C:A49CH         LINE#         104
  C:A4A9H         LINE#         105
  C:A4B6H         LINE#         106
  C:A4B9H         LINE#         107
  C:A4D3H         LINE#         109
  C:A4D3H         LINE#         110
  C:A4D3H         LINE#         111
  C:A4EDH         LINE#         112
  C:A4F3H         LINE#         113
  C:A4F3H         LINE#         114
  C:A4FAH         LINE#         115
  C:A4FCH         LINE#         116
  -------         ENDPROC       _NORFLASHTODGUS
BL51 BANKED LINKER/LOCATER V6.22.4.0                                                  05/05/2023  16:22:58  PAGE 123


  -------         PROC          SYSPARAMETERREAD
  C:655DH         LINE#         118
  C:655DH         LINE#         119
  C:655DH         LINE#         121
  C:6571H         LINE#         122
  C:658BH         LINE#         124
  C:659FH         LINE#         125
  C:65B9H         LINE#         127
  C:65CDH         LINE#         128
  C:65E7H         LINE#         130
  C:65FDH         LINE#         131
  C:6617H         LINE#         133
  C:662CH         LINE#         134
  C:6646H         LINE#         136
  C:665BH         LINE#         137
  C:666AH         LINE#         138
  C:666AH         LINE#         139
  C:6671H         LINE#         140
  C:6671H         LINE#         141
  C:668AH         LINE#         142
  C:66A3H         LINE#         145
  C:66B9H         LINE#         146
  C:66D3H         LINE#         148
  C:66E9H         LINE#         149
  C:6703H         LINE#         151
  C:6719H         LINE#         152
  C:6733H         LINE#         154
  C:6749H         LINE#         155
  C:6763H         LINE#         157
  C:6778H         LINE#         158
  C:6792H         LINE#         160
  C:67A8H         LINE#         161
  -------         ENDPROC       SYSPARAMETERREAD
  -------         ENDMOD        NORFLASH

  -------         MODULE        ?C?COPY
  C:2800H         PUBLIC        ?C?COPY
  -------         ENDMOD        ?C?COPY

  -------         MODULE        ?C?CLDPTR
  C:2826H         PUBLIC        ?C?CLDPTR
  -------         ENDMOD        ?C?CLDPTR

  -------         MODULE        ?C?CLDOPTR
  C:283FH         PUBLIC        ?C?CLDOPTR
  -------         ENDMOD        ?C?CLDOPTR

  -------         MODULE        ?C?CSTPTR
  C:286CH         PUBLIC        ?C?CSTPTR
  -------         ENDMOD        ?C?CSTPTR

  -------         MODULE        ?C?CSTOPTR
  C:287EH         PUBLIC        ?C?CSTOPTR
  -------         ENDMOD        ?C?CSTOPTR

  -------         MODULE        ?C?IMUL
  C:28A0H         PUBLIC        ?C?IMUL
BL51 BANKED LINKER/LOCATER V6.22.4.0                                                  05/05/2023  16:22:58  PAGE 124


  -------         ENDMOD        ?C?IMUL

  -------         MODULE        ?C?UIDIV
  C:28B2H         PUBLIC        ?C?UIDIV
  -------         ENDMOD        ?C?UIDIV

  -------         MODULE        ?C?IILDX
  C:2907H         PUBLIC        ?C?IILDX
  -------         ENDMOD        ?C?IILDX

  -------         MODULE        ?C?ILDIX
  C:291DH         PUBLIC        ?C?ILDIX
  -------         ENDMOD        ?C?ILDIX

  -------         MODULE        ?C?ILDOPTR
  C:2933H         PUBLIC        ?C?ILDOPTR
  -------         ENDMOD        ?C?ILDOPTR

  -------         MODULE        ?C?ISTPTR
  C:296BH         PUBLIC        ?C?ISTPTR
  -------         ENDMOD        ?C?ISTPTR

  -------         MODULE        ?C?ISTOPTR
  C:298AH         PUBLIC        ?C?ISTOPTR
  -------         ENDMOD        ?C?ISTOPTR

  -------         MODULE        ?C?LMUL
  C:29B7H         PUBLIC        ?C?LMUL
  -------         ENDMOD        ?C?LMUL

  -------         MODULE        ?C?ULDIV
  C:2A42H         PUBLIC        ?C?ULDIV
  -------         ENDMOD        ?C?ULDIV

  -------         MODULE        ?C?SLDIV
  C:BA6CH         PUBLIC        ?C?SLDIV
  -------         ENDMOD        ?C?SLDIV

  -------         MODULE        ?C?SLCMP
  C:2AD4H         PUBLIC        ?C?SLCMP
  -------         ENDMOD        ?C?SLCMP

  -------         MODULE        ?C?ULCMP
  C:2AEAH         PUBLIC        ?C?ULCMP
  -------         ENDMOD        ?C?ULCMP

  -------         MODULE        ?C?ULSHR
  C:2AFBH         PUBLIC        ?C?ULSHR
  -------         ENDMOD        ?C?ULSHR

  -------         MODULE        ?C?LLDOPTR
  C:2B0EH         PUBLIC        ?C?LLDOPTR
  -------         ENDMOD        ?C?LLDOPTR

  -------         MODULE        ?C?LSTOPTR
  C:2B3EH         PUBLIC        ?C?LSTOPTR
  -------         ENDMOD        ?C?LSTOPTR
BL51 BANKED LINKER/LOCATER V6.22.4.0                                                  05/05/2023  16:22:58  PAGE 125



  -------         MODULE        ?C?LSTXDATA
  C:2B62H         PUBLIC        ?C?LSTXDATA
  -------         ENDMOD        ?C?LSTXDATA

  -------         MODULE        ?C?LSTKXDATA
  C:2B6EH         PUBLIC        ?C?LSTKXDATA
  -------         ENDMOD        ?C?LSTKXDATA

  -------         MODULE        ?C?OFFXADD
  C:2B9FH         PUBLIC        ?C?OFFXADD
  -------         ENDMOD        ?C?OFFXADD

  -------         MODULE        ?C?PLDOPTR
  C:2BABH         PUBLIC        ?C?PLDOPTR
  -------         ENDMOD        ?C?PLDOPTR

  -------         MODULE        ?C?CCASE
  C:2BDBH         PUBLIC        ?C?CCASE
  -------         ENDMOD        ?C?CCASE

  -------         MODULE        ?C?ICASE
  C:2C01H         PUBLIC        ?C?ICASE
  -------         ENDMOD        ?C?ICASE

  -------         MODULE        ?C?ICALL
  C:2C2EH         PUBLIC        ?C?ICALL
  C:2C32H         PUBLIC        ?C?ICALL2
  -------         ENDMOD        ?C?ICALL

  -------         MODULE        PRINTF
  X:B1BBH         PUBLIC        ?_PRINTF517?BYTE
  X:B1BBH         PUBLIC        ?_PRINTF?BYTE
  X:B1BBH         PUBLIC        ?_SPRINTF517?BYTE
  X:B1BBH         PUBLIC        ?_SPRINTF?BYTE
  C:5A50H         PUBLIC        _PRINTF
  C:5A50H         PUBLIC        _PRINTF517
  C:5A4AH         PUBLIC        _SPRINTF
  C:5A4AH         PUBLIC        _SPRINTF517
  -------         ENDMOD        PRINTF

  -------         MODULE        STRNCMP
  X:B0EBH         PUBLIC        ?_strncmp?BYTE
  C:AE39H         PUBLIC        _strncmp
  -------         ENDMOD        STRNCMP

  -------         MODULE        STRNCPY
  X:B1A7H         PUBLIC        ?_strncpy?BYTE
  C:B2DDH         PUBLIC        _strncpy
  -------         ENDMOD        STRNCPY

  -------         MODULE        STRPOS
  C:BDD1H         PUBLIC        _STRPOS
  -------         ENDMOD        STRPOS

  -------         MODULE        ?C?MEMCMP
  C:2DBAH         PUBLIC        ?C?MEMCMP
BL51 BANKED LINKER/LOCATER V6.22.4.0                                                  05/05/2023  16:22:58  PAGE 126


  -------         ENDMOD        ?C?MEMCMP

  -------         MODULE        ?C?MEMSET
  C:2DDEH         PUBLIC        ?C?MEMSET
  -------         ENDMOD        ?C?MEMSET

  -------         MODULE        ?C?LLDIDATA
  C:2E0AH         PUBLIC        ?C?LLDIDATA
  -------         ENDMOD        ?C?LLDIDATA

  -------         MODULE        ?C?LLDXDATA
  C:2E16H         PUBLIC        ?C?LLDXDATA
  -------         ENDMOD        ?C?LLDXDATA

  -------         MODULE        ?C?LLDPDATA
  C:2E22H         PUBLIC        ?C?LLDPDATA
  -------         ENDMOD        ?C?LLDPDATA

  -------         MODULE        ?C?LLDCODE
  C:2E2EH         PUBLIC        ?C?LLDCODE
  -------         ENDMOD        ?C?LLDCODE

  -------         MODULE        ?C?LSTIDATA
  C:2E3EH         PUBLIC        ?C?LSTIDATA
  -------         ENDMOD        ?C?LSTIDATA

  -------         MODULE        ?C?LSTPDATA
  C:2E4AH         PUBLIC        ?C?LSTPDATA
  -------         ENDMOD        ?C?LSTPDATA

  -------         MODULE        ?C?PLDIDATA
  C:2E56H         PUBLIC        ?C?PLDIDATA
  -------         ENDMOD        ?C?PLDIDATA

  -------         MODULE        ?C?PLDXDATA
  C:2E5FH         PUBLIC        ?C?PLDXDATA
  -------         ENDMOD        ?C?PLDXDATA

  -------         MODULE        ?C?PLDIXDATA
  C:2E68H         PUBLIC        ?C?PLDIXDATA
  -------         ENDMOD        ?C?PLDIXDATA

  -------         MODULE        ?C?PSTXDATA
  C:2E7FH         PUBLIC        ?C?PSTXDATA
  -------         ENDMOD        ?C?PSTXDATA

  -------         MODULE        ?C?PLDPDATA
  C:2E88H         PUBLIC        ?C?PLDPDATA
  -------         ENDMOD        ?C?PLDPDATA

  -------         MODULE        ?C?PLDCODE
  C:2E91H         PUBLIC        ?C?PLDCODE
  -------         ENDMOD        ?C?PLDCODE

*** WARNING L13: RECURSIVE CALL TO SEGMENT
    SEGMENT: ?CO?UI
    CALLER:  ?PR?P52FUNC?UI
BL51 BANKED LINKER/LOCATER V6.22.4.0                                                  05/05/2023  16:22:58  PAGE 127



Program Size: data=35.1 xdata=13709 code=49031
LINK/LOCATE RUN COMPLETE.  1 WARNING(S),  0 ERROR(S)
