BL51 BANKED LINKER/LOCATER V6.22.4.0                                                    05/11/2023  11:48:35  PAGE 1


BL51 BANKED LINKER/LOCATER V6.22.4.0, INVOKED BY:
C:\KEIL_V5\C51\BIN\BL51.EXE .\Objects\STARTUP_M5.obj, .\Objects\sys.obj, .\Objects\timer.obj, .\Objects\uart.obj, .\Obje
>> cts\debug.obj, .\Objects\iic.obj, .\Objects\main.obj, .\Objects\const.obj, .\Objects\ui.obj, .\Objects\permission.obj
>> , .\Objects\data.obj, .\Objects\alarm.obj, .\Objects\umath.obj, .\Objects\modbus.obj, .\Objects\rtc.obj, .\Objects\no
>> rflash.obj TO .\Objects\T5L51 PRINT (.\Listings\T5L51.m51) RAMSIZE (256) DISABLEWARNING (16) CODE (0X0100-0XFEFF) XDA
>> TA (0X8000-0XFFFF)




PROGRAM RECURSIONS REMOVED FROM CALL TREE
=========================================
+--> ?CO?UI
<--+ ?PR?P52FUNC?UI



MEMORY MODEL: LARGE


INPUT MODULES INCLUDED:
  .\Objects\STARTUP_M5.obj (?C_STARTUP)
  .\Objects\sys.obj (SYS)
  .\Objects\timer.obj (TIMER)
  .\Objects\uart.obj (UART)
  .\Objects\debug.obj (DEBUG)
  .\Objects\iic.obj (IIC)
  .\Objects\main.obj (MAIN)
  .\Objects\const.obj (CONST)
  .\Objects\ui.obj (UI)
  .\Objects\permission.obj (PERMISSION)
  .\Objects\data.obj (DATA)
  .\Objects\alarm.obj (ALARM)
  .\Objects\umath.obj (UMATH)
  .\Objects\modbus.obj (MODBUS)
  .\Objects\rtc.obj (RTC)
  .\Objects\norflash.obj (NORFLASH)
  C:\KEIL_V5\C51\LIB\C51L.LIB (?C_INIT)
  C:\KEIL_V5\C51\LIB\C51L.LIB (?C?COPY)
  C:\KEIL_V5\C51\LIB\C51L.LIB (?C?CLDPTR)
  C:\KEIL_V5\C51\LIB\C51L.LIB (?C?CLDOPTR)
  C:\KEIL_V5\C51\LIB\C51L.LIB (?C?CSTPTR)
  C:\KEIL_V5\C51\LIB\C51L.LIB (?C?CSTOPTR)
  C:\KEIL_V5\C51\LIB\C51L.LIB (?C?IMUL)
  C:\KEIL_V5\C51\LIB\C51L.LIB (?C?UIDIV)
  C:\KEIL_V5\C51\LIB\C51L.LIB (?C?IILDX)
  C:\KEIL_V5\C51\LIB\C51L.LIB (?C?ILDIX)
  C:\KEIL_V5\C51\LIB\C51L.LIB (?C?ILDOPTR)
  C:\KEIL_V5\C51\LIB\C51L.LIB (?C?ISTPTR)
  C:\KEIL_V5\C51\LIB\C51L.LIB (?C?ISTOPTR)
  C:\KEIL_V5\C51\LIB\C51L.LIB (?C?LMUL)
  C:\KEIL_V5\C51\LIB\C51L.LIB (?C?ULDIV)
  C:\KEIL_V5\C51\LIB\C51L.LIB (?C?SLDIV)
  C:\KEIL_V5\C51\LIB\C51L.LIB (?C?SLCMP)
  C:\KEIL_V5\C51\LIB\C51L.LIB (?C?ULCMP)
  C:\KEIL_V5\C51\LIB\C51L.LIB (?C?ULSHR)
  C:\KEIL_V5\C51\LIB\C51L.LIB (?C?LLDOPTR)
  C:\KEIL_V5\C51\LIB\C51L.LIB (?C?LSTOPTR)
BL51 BANKED LINKER/LOCATER V6.22.4.0                                                  05/11/2023  11:48:35  PAGE 2


  C:\KEIL_V5\C51\LIB\C51L.LIB (?C?LSTXDATA)
  C:\KEIL_V5\C51\LIB\C51L.LIB (?C?LSTKXDATA)
  C:\KEIL_V5\C51\LIB\C51L.LIB (?C?OFFXADD)
  C:\KEIL_V5\C51\LIB\C51L.LIB (?C?PLDOPTR)
  C:\KEIL_V5\C51\LIB\C51L.LIB (?C?CCASE)
  C:\KEIL_V5\C51\LIB\C51L.LIB (?C?ICASE)
  C:\KEIL_V5\C51\LIB\C51L.LIB (?C?ICALL)
  C:\KEIL_V5\C51\LIB\C51L.LIB (PRINTF)
  C:\KEIL_V5\C51\LIB\C51L.LIB (STRNCMP)
  C:\KEIL_V5\C51\LIB\C51L.LIB (STRNCPY)
  C:\KEIL_V5\C51\LIB\C51L.LIB (STRPOS)
  C:\KEIL_V5\C51\LIB\C51L.LIB (?C?MEMCMP)
  C:\KEIL_V5\C51\LIB\C51L.LIB (?C?MEMSET)
  C:\KEIL_V5\C51\LIB\C51L.LIB (?C?LLDIDATA)
  C:\KEIL_V5\C51\LIB\C51L.LIB (?C?LLDXDATA)
  C:\KEIL_V5\C51\LIB\C51L.LIB (?C?LLDPDATA)
  C:\KEIL_V5\C51\LIB\C51L.LIB (?C?LLDCODE)
  C:\KEIL_V5\C51\LIB\C51L.LIB (?C?LSTIDATA)
  C:\KEIL_V5\C51\LIB\C51L.LIB (?C?LSTPDATA)
  C:\KEIL_V5\C51\LIB\C51L.LIB (?C?PLDIDATA)
  C:\KEIL_V5\C51\LIB\C51L.LIB (?C?PLDXDATA)
  C:\KEIL_V5\C51\LIB\C51L.LIB (?C?PLDIXDATA)
  C:\KEIL_V5\C51\LIB\C51L.LIB (?C?PSTXDATA)
  C:\KEIL_V5\C51\LIB\C51L.LIB (?C?PLDPDATA)
  C:\KEIL_V5\C51\LIB\C51L.LIB (?C?PLDCODE)


LINK MAP OF MODULE:  .\Objects\T5L51 (?C_STARTUP)


            TYPE    BASE      LENGTH    RELOCATION   SEGMENT NAME
            -----------------------------------------------------

            * * * * * * *   D A T A   M E M O R Y   * * * * * * *
            REG     0000H     0008H     ABSOLUTE     "REG BANK 0"
            DATA    0008H     0013H     UNIT         ?DT?TIMER
                    001BH     0005H                  *** GAP ***
            BIT     0020H.0   0001H.1   UNIT         _BIT_GROUP_
                    0021H.1   0000H.7                *** GAP ***
            DATA    0022H     0006H     UNIT         _DATA_GROUP_
            IDATA   0028H     0001H     UNIT         ?STACK

            * * * * * * *  X D A T A   M E M O R Y  * * * * * * *
                    0000H     8000H                  *** GAP ***
            XDATA   8000H     2024H     UNIT         ?XD?UART
            XDATA   A024H     08CCH     UNIT         ?XD?UI
            XDATA   A8F0H     041BH     UNIT         ?XD?MODBUS
            XDATA   AD0BH     03EEH     UNIT         ?XD?CONST
            XDATA   B0F9H     0223H     UNIT         _XDATA_GROUP_
            XDATA   B31CH     0130H     UNIT         ?XD?DATA
            XDATA   B44CH     00FCH     UNIT         ?XD?ALARM
            XDATA   B548H     007FH     UNIT         ?XD?PERMISSION
            XDATA   B5C7H     0057H     UNIT         ?XD?SYS
            XDATA   B61EH     0019H     UNIT         ?XD?_HEX_INPUT_TO_ASCII?UMATH
            XDATA   B637H     0012H     UNIT         ?XD?_NORFLASHTODGUS?NORFLASH
            XDATA   B649H     000CH     UNIT         ?XD?RTC
            XDATA   B655H     0009H     UNIT         ?XD?_GETCHARVALUE?UMATH
BL51 BANKED LINKER/LOCATER V6.22.4.0                                                  05/11/2023  11:48:35  PAGE 3


            XDATA   B65EH     0008H     UNIT         ?XD?_STRCOPARE?UMATH
            XDATA   B666H     0008H     UNIT         ?XD?NORFLASH
            XDATA   B66EH     0007H     UNIT         ?XD?_MSTRCMP?UMATH
            XDATA   B675H     0006H     UNIT         ?XD?_GETCHARVALUEASCII?UMATH
            XDATA   B67BH     0006H     UNIT         ?XD?_GETCHARASCII?UMATH
            XDATA   B681H     0005H     UNIT         ?XD?_STRCLEAR?UMATH
            XDATA   B686H     0003H     UNIT         ?XD?_SIZEARRAY?UMATH
            XDATA   B689H     0002H     UNIT         ?XD?MAIN
            XDATA   B68BH     0002H     UNIT         ?XD?_TESTDISPLAYNUM?UI

            * * * * * * *   C O D E   M E M O R Y   * * * * * * *
            CODE    0000H     0003H     ABSOLUTE     
                    0003H     0008H                  *** GAP ***
            CODE    000BH     0003H     ABSOLUTE     
                    000EH     000DH                  *** GAP ***
            CODE    001BH     0003H     ABSOLUTE     
                    001EH     0005H                  *** GAP ***
            CODE    0023H     0003H     ABSOLUTE     
                    0026H     0005H                  *** GAP ***
            CODE    002BH     0003H     ABSOLUTE     
                    002EH     0025H                  *** GAP ***
            CODE    0053H     0003H     ABSOLUTE     
                    0056H     0005H                  *** GAP ***
            CODE    005BH     0003H     ABSOLUTE     
                    005EH     0005H                  *** GAP ***
            CODE    0063H     0003H     ABSOLUTE     
                    0066H     0005H                  *** GAP ***
            CODE    006BH     0003H     ABSOLUTE     
                    006EH     0015H                  *** GAP ***
            CODE    0083H     0003H     ABSOLUTE     
                    0086H     0072H                  *** GAP ***
            CODE    00F8H     0008H     ABSOLUTE     
            CODE    0100H     1E75H     UNIT         ?PR?ALARMTREAT?ALARM
            CODE    1F75H     10AFH     UNIT         ?PR?MODBUSCENERATE?CONST
            CODE    3024H     0E50H     UNIT         ?CO?ALARM
            CODE    3E74H     0962H     UNIT         ?PR?SYNTHESISCOLLECT_JDQ_STATE?ALARM
            CODE    47D6H     07AFH     UNIT         ?PR?MODBUSRXTREAT?MODBUS
            CODE    4F85H     0797H     UNIT         ?PR?P70FUNC?UI
            CODE    571CH     0779H     UNIT         ?PR?P75FUNC?UI
            CODE    5E95H     0779H     UNIT         ?PR?P114FUNC?UI
            CODE    660EH     076DH     UNIT         ?C?LIB_CODE
            CODE    6D7BH     0648H     UNIT         ?C_INITSEG
            CODE    73C3H     05FCH     UNIT         ?PR?P39FUNC?UI
            CODE    79BFH     05D3H     UNIT         ?PR?HISTORYALARMDISPLAY?ALARM
            CODE    7F92H     057FH     UNIT         ?PR?_ANALYSISMOSBUSORDER?MODBUS
            CODE    8511H     0444H     UNIT         ?PR?P29FUNC?UI
            CODE    8955H     0365H     UNIT         ?PR?PRINTF?PRINTF
            CODE    8CBAH     0315H     UNIT         ?PR?REALTIMEALARMDISPLAY?ALARM
            CODE    8FCFH     02E3H     UNIT         ?PR?BATTERYMANAGE?UI
            CODE    92B2H     02C2H     UNIT         ?PR?SYSPARAMETERREAD?NORFLASH
            CODE    9574H     02B7H     UNIT         ?PR?P18FUNC?UI
            CODE    982BH     02B5H     UNIT         ?PR?UART485RXTREAT?MODBUS
            CODE    9AE0H     02ACH     UNIT         ?PR?P88FUNC?UI
            CODE    9D8CH     02A6H     UNIT         ?PR?P87FUNC?UI
            CODE    A032H     0287H     UNIT         ?PR?MODBUSTREAT?MODBUS
            CODE    A2B9H     0279H     UNIT         ?PR?INIT_RTC?RTC
            CODE    A532H     0249H     UNIT         ?PR?_RTC_CONFIG?RTC
BL51 BANKED LINKER/LOCATER V6.22.4.0                                                  05/11/2023  11:48:35  PAGE 4


            CODE    A77BH     0222H     UNIT         ?PR?P0FUNC?UI
            CODE    A99DH     021FH     UNIT         ?PR?PASSWORDMODIFY?PERMISSION
            CODE    ABBCH     01E9H     UNIT         ?PR?HISTORYALARMREAD?ALARM
            CODE    ADA5H     01E7H     UNIT         ?PR?PERMISSIONLOGIN?PERMISSION
            CODE    AF8CH     01E6H     UNIT         ?PR?_WRITE_DGUS_VP?SYS
            CODE    B172H     01E0H     UNIT         ?PR?_READ_DGUS_VP?SYS
            CODE    B352H     01DAH     UNIT         ?PR?P2FUNC?UI
            CODE    B52CH     01CEH     UNIT         ?PR?P72FUNC?UI
            CODE    B6FAH     01C3H     UNIT         ?PR?_UART_SEND_DATA?UART
            CODE    B8BDH     01B5H     UNIT         ?PR?P86FUNC?UI
            CODE    BA72H     01B0H     UNIT         ?PR?P48FUNC?UI
            CODE    BC22H     0173H     UNIT         ?PR?P68FUNC?UI
            CODE    BD95H     0168H     UNIT         ?PR?BATTERYVOLTDISPLAY?UI
            CODE    BEFDH     0167H     UNIT         ?PR?P113FUNC?UI
            CODE    C064H     0165H     UNIT         ?CO?UI
            CODE    C1C9H     0163H     UNIT         ?PR?P94FUNC?UI
            CODE    C32CH     015AH     UNIT         ?PR?_PAGEOPENTREAT?UI
            CODE    C486H     014BH     UNIT         ?PR?P42FUNC?UI
            CODE    C5D1H     014AH     UNIT         ?PR?RDTIME?RTC
            CODE    C71BH     0123H     UNIT         ?PR?_LISTDELETE?ALARM
            CODE    C83EH     011DH     UNIT         ?PR?SCREENPROTECTION?UI
            CODE    C95BH     011BH     UNIT         ?PR?P22FUNC?UI
            CODE    CA76H     011BH     UNIT         ?PR?P52FUNC?UI
            CODE    CB91H     0116H     UNIT         ?PR?P26FUNC?UI
            CODE    CCA7H     0113H     UNIT         ?PR?P33FUNC?UI
            CODE    CDBAH     010BH     UNIT         ?PR?P76FUNC?UI
            CODE    CEC5H     010BH     UNIT         ?PR?P77FUNC?UI
            CODE    CFD0H     010BH     UNIT         ?PR?P78FUNC?UI
            CODE    D0DBH     010BH     UNIT         ?PR?P79FUNC?UI
            CODE    D1E6H     00F0H     UNIT         ?PR?P11FUNC?UI
            CODE    D2D6H     00F0H     UNIT         ?PR?P12FUNC?UI
            CODE    D3C6H     00F0H     UNIT         ?PR?P44FUNC?UI
            CODE    D4B6H     00F0H     UNIT         ?PR?P50FUNC?UI
            CODE    D5A6H     00EAH     UNIT         ?PR?P35FUNC?UI
            CODE    D690H     00E5H     UNIT         ?PR?_HEX_INPUT_TO_ASCII?UMATH
            CODE    D775H     00D5H     UNIT         ?PR?_WRITE_RTC?RTC
            CODE    D84AH     00D5H     UNIT         ?PR?_NOR_FLASH_READ?NORFLASH
            CODE    D91FH     00C7H     UNIT         ?PR?_GETCHARVALUE?UMATH
            CODE    D9E6H     00C5H     UNIT         ?PR?MAIN?MAIN
            CODE    DAABH     00C4H     UNIT         ?C_C51STARTUP
            CODE    DB6FH     00C2H     UNIT         ?PR?_DGUSTONORFLASH?NORFLASH
            CODE    DC31H     00C2H     UNIT         ?PR?_NORFLASHTODGUS?NORFLASH
            CODE    DCF3H     00BDH     UNIT         ?PR?_CALCULATE_CRC16?UMATH
            CODE    DDB0H     00BCH     UNIT         ?PR?P82FUNC?UI
            CODE    DE6CH     00BCH     UNIT         ?PR?_NOR_FLASH_WRITE?NORFLASH
            CODE    DF28H     00ABH     UNIT         ?PR?P24FUNC?UI
            CODE    DFD3H     00A7H     UNIT         ?PR?MODBUSTXTREAT?MODBUS
            CODE    E07AH     00A5H     UNIT         ?PR?_ALARMSTART?ALARM
            CODE    E11FH     00A4H     UNIT         ?PR?RECOVERY?UI
            CODE    E1C3H     009BH     UNIT         ?PR?UART3_ISR?UART
            CODE    E25EH     0093H     UNIT         ?PR?_PINOUTPUT?SYS
            CODE    E2F1H     0090H     UNIT         ?PR?PAGEFUNCTION?UI
            CODE    E381H     0090H     UNIT         ?PR?_RTC_GET_WEEK?RTC
            CODE    E411H     008FH     UNIT         ?PR?UART2_ISR?UART
            CODE    E4A0H     008BH     UNIT         ?PR?_CHARGEMODESWITCH?UI
            CODE    E52BH     008AH     UNIT         ?PR?P85FUNC?UI
            CODE    E5B5H     0087H     UNIT         ?PR?SAVESTARTALARM?ALARM
BL51 BANKED LINKER/LOCATER V6.22.4.0                                                  05/11/2023  11:48:35  PAGE 5


            CODE    E63CH     0087H     UNIT         ?PR?_STRNCMP?STRNCMP
            CODE    E6C3H     0085H     UNIT         ?PR?_PAGE_CHANGE?SYS
            CODE    E748H     007CH     UNIT         ?PR?P80FUNC?UI
            CODE    E7C4H     007CH     UNIT         ?PR?_ALARM?ALARM
            CODE    E840H     0071H     UNIT         ?PR?T0_ISR_PC?TIMER
            CODE    E8B1H     0071H     UNIT         ?PR?_MSTRCMP?UMATH
            CODE    E922H     006FH     UNIT         ?PR?_STRCOPARE?UMATH
            CODE    E991H     006EH     UNIT         ?PR?UART4T_ISR?UART
            CODE    E9FFH     006EH     UNIT         ?PR?_GETCHARVALUEASCII?UMATH
            CODE    EA6DH     0068H     UNIT         ?PR?_STRNCPY?STRNCPY
            CODE    EAD5H     0066H     UNIT         ?PR?_I2CBW?IIC
            CODE    EB3BH     0063H     UNIT         ?PR?_STRCOPY?UMATH
            CODE    EB9EH     0062H     UNIT         ?PR?UART4R_ISR?UART
            CODE    EC00H     0062H     UNIT         ?PR?UART5T_ISR?UART
            CODE    EC62H     0060H     UNIT         ?PR?_GETCHARASCII?UMATH
            CODE    ECC2H     005CH     UNIT         ?PR?_CACK?IIC
            CODE    ED1EH     005BH     UNIT         ?PR?SAVEENDALARM?ALARM
            CODE    ED79H     0059H     UNIT         ?PR?PHISTORYALARMMOVE?ALARM
            CODE    EDD2H     0055H     UNIT         ?PR?_GETPININ?SYS
            CODE    EE27H     0055H     UNIT         ?PR?_I2CBR?IIC
            CODE    EE7CH     0053H     UNIT         ?PR?_UARTINIT?UART
            CODE    EECFH     0051H     UNIT         ?PR?ALARMSOUNDPLAY?UI
            CODE    EF20H     0051H     UNIT         ?PR?_ALARMEND?ALARM
            CODE    EF71H     004EH     UNIT         ?PR?_UART2_INIT?UART
            CODE    EFBFH     004DH     UNIT         ?PR?_ENDTIMERECORD?ALARM
            CODE    F00CH     004CH     UNIT         ?PR?_SETPININ?SYS
            CODE    F058H     004BH     UNIT         ?PR?PUBLICUI?UI
            CODE    F0A3H     004BH     UNIT         ?PR?_STRCLEAR?UMATH
            CODE    F0EEH     0049H     UNIT         ?PR?_UART3_INIT?UART
            CODE    F137H     0048H     UNIT         ?PR?_DELAY_MS?SYS
            CODE    F17FH     0048H     UNIT         ?PR?_SETPINOUT?SYS
            CODE    F1C7H     0048H     UNIT         ?PR?_STARTTIMERECORD?ALARM
            CODE    F20FH     0047H     UNIT         ?PR?UART5R_ISR?UART
            CODE    F256H     0047H     UNIT         ?PR?_SIZEARRAY?UMATH
            CODE    F29DH     0044H     UNIT         ?C?LDIV
            CODE    F2E1H     0041H     UNIT         ?PR?_LISTINSERTHEAD?ALARM
            CODE    F322H     003FH     UNIT         ?PR?_I2CSTOP?IIC
            CODE    F361H     003EH     UNIT         ?PR?_I2CSTART?IIC
            CODE    F39FH     0038H     UNIT         ?PR?_MACK?IIC
            CODE    F3D7H     0038H     UNIT         ?PR?_MNAK?IIC
            CODE    F40FH     0034H     UNIT         ?PR?SCREENTOUCHORNOT?SYS
            CODE    F443H     0034H     UNIT         ?PR?_HEXTOASCII?UMATH
            CODE    F477H     0034H     UNIT         ?PR?_HEXTOASCIISMALL?UMATH
            CODE    F4ABH     0033H     UNIT         ?PR?POPFROMEMERGENCY?MODBUS
            CODE    F4DEH     0032H     UNIT         ?PR?INITDEBUGUART?DEBUG
            CODE    F510H     0031H     UNIT         ?PR?_UART5_INIT?UART
            CODE    F541H     0030H     UNIT         ?PR?_UART4_INIT?UART
            CODE    F571H     002EH     UNIT         ?PR?_PUSHTOEMERGENCY?MODBUS
            CODE    F59FH     0028H     UNIT         ?PR?_PASSWORDLOGIN?PERMISSION
            CODE    F5C7H     0028H     UNIT         ?CO?PERMISSION
            CODE    F5EFH     0026H     UNIT         ?PR?WEEKDISPLAY?UI
            CODE    F615H     0022H     UNIT         ?PR?_STARTTIMER?TIMER
            CODE    F637H     001FH     UNIT         ?PR?CLRTOUCH?UI
            CODE    F656H     001FH     UNIT         ?PR?_STRPOS?STRPOS
            CODE    F675H     001EH     UNIT         ?PR?_SCKOUTH?IIC
            CODE    F693H     001EH     UNIT         ?PR?_SCKOUTL?IIC
            CODE    F6B1H     001CH     UNIT         ?PR?T0_INIT?TIMER
BL51 BANKED LINKER/LOCATER V6.22.4.0                                                  05/11/2023  11:48:35  PAGE 6


            CODE    F6CDH     001CH     UNIT         ?PR?GETTOUCH?UI
            CODE    F6E9H     001CH     UNIT         ?CO?UMATH
            CODE    F705H     001BH     UNIT         ?PR?_SDAOUTH?IIC
            CODE    F720H     001BH     UNIT         ?PR?_SDAOUTL?IIC
            CODE    F73BH     001BH     UNIT         ?PR?_TESTDISPLAYNUM?UI
            CODE    F756H     001AH     UNIT         ?PR?_PUTCHAR?DEBUG
            CODE    F770H     001AH     UNIT         ?PR?ISEMERGENCYFULL?MODBUS
            CODE    F78AH     0019H     UNIT         ?PR?_SETSDAIN?IIC
            CODE    F7A3H     0019H     UNIT         ?PR?_SETSDAOUT?IIC
            CODE    F7BCH     0019H     UNIT         ?PR?_GETSDAIN?IIC
            CODE    F7D5H     0019H     UNIT         ?PR?BATTERYCURRDISPLAY?UI
            CODE    F7EEH     0018H     UNIT         ?PR?T1_INIT?TIMER
            CODE    F806H     0015H     UNIT         ?PR?_DELAY_US?SYS
            CODE    F81BH     0015H     UNIT         ?PR?_KILLTIMER?TIMER
            CODE    F830H     0014H     UNIT         ?PR?T2_INIT?TIMER
            CODE    F844H     0014H     UNIT         ?PR?_INIT_IIC_INTERFACE?IIC
            CODE    F858H     0013H     UNIT         ?PR?_GETTIMEOUTFLAG?TIMER
            CODE    F86BH     0013H     UNIT         ?PR?_BCD?UMATH
            CODE    F87EH     0012H     UNIT         ?PR?ISEMERGENCYEMPTY?MODBUS
            CODE    F890H     000FH     UNIT         ?PR?_IBCD?UMATH
            CODE    F89FH     000EH     UNIT         ?CO?MAIN
            CODE    F8ADH     000DH     UNIT         ?PR?TIMER1_ISR?TIMER
            CODE    F8BAH     000AH     UNIT         ?PR?CLREMERGENCY?MODBUS
            CODE    F8C4H     0009H     UNIT         ?PR?TIMER2_ISR?TIMER



OVERLAY MAP OF MODULE:   .\Objects\T5L51 (?C_STARTUP)


SEGMENT                                         BIT_GROUP          DATA_GROUP          XDATA_GROUP
  +--> CALLED SEGMENT                        START    LENGTH     START    LENGTH     START    LENGTH
----------------------------------------------------------------------------------------------------
?C_C51STARTUP                                -----    -----      -----    -----      -----    -----
  +--> ?PR?MAIN?MAIN
  +--> ?C_INITSEG

?PR?MAIN?MAIN                                -----    -----      -----    -----      -----    -----
  +--> ?PR?T0_INIT?TIMER
  +--> ?PR?INIT_RTC?RTC
  +--> ?PR?RDTIME?RTC
  +--> ?PR?INITDEBUGUART?DEBUG
  +--> ?PR?_UARTINIT?UART
  +--> ?PR?SYSPARAMETERREAD?NORFLASH
  +--> ?PR?MODBUSCENERATE?CONST
  +--> ?PR?HISTORYALARMREAD?ALARM
  +--> ?PR?_STARTTIMER?TIMER
  +--> ?CO?MAIN
  +--> ?PR?PRINTF?PRINTF
  +--> ?PR?PAGEFUNCTION?UI
  +--> ?PR?MODBUSTREAT?MODBUS
  +--> ?PR?UART485RXTREAT?MODBUS
  +--> ?PR?_GETTIMEOUTFLAG?TIMER
  +--> ?PR?PUBLICUI?UI
  +--> ?PR?ALARMSOUNDPLAY?UI
  +--> ?PR?ALARMTREAT?ALARM
  +--> ?PR?BATTERYMANAGE?UI
BL51 BANKED LINKER/LOCATER V6.22.4.0                                                  05/11/2023  11:48:35  PAGE 7


  +--> ?PR?SCREENPROTECTION?UI

?PR?INIT_RTC?RTC                             -----    -----      -----    -----      B0F9H    0002H
  +--> ?PR?_INIT_IIC_INTERFACE?IIC
  +--> ?PR?_I2CSTART?IIC
  +--> ?PR?_I2CBW?IIC
  +--> ?PR?_I2CBR?IIC
  +--> ?PR?_MACK?IIC
  +--> ?PR?_MNAK?IIC
  +--> ?PR?_I2CSTOP?IIC

?PR?_INIT_IIC_INTERFACE?IIC                  -----    -----      -----    -----      -----    -----
  +--> ?PR?_SETPINOUT?SYS

?PR?_I2CSTART?IIC                            -----    -----      -----    -----      B121H    0003H
  +--> ?PR?_SETSDAOUT?IIC
  +--> ?PR?_SDAOUTH?IIC
  +--> ?PR?_SCKOUTH?IIC
  +--> ?PR?_DELAY_US?SYS
  +--> ?PR?_SDAOUTL?IIC
  +--> ?PR?_SCKOUTL?IIC

?PR?_SETSDAOUT?IIC                           -----    -----      -----    -----      -----    -----
  +--> ?PR?_SETPINOUT?SYS

?PR?_SDAOUTH?IIC                             -----    -----      -----    -----      -----    -----
  +--> ?PR?_PINOUTPUT?SYS

?PR?_SCKOUTH?IIC                             -----    -----      -----    -----      -----    -----
  +--> ?PR?_PINOUTPUT?SYS

?PR?_SDAOUTL?IIC                             -----    -----      -----    -----      -----    -----
  +--> ?PR?_PINOUTPUT?SYS

?PR?_SCKOUTL?IIC                             -----    -----      -----    -----      -----    -----
  +--> ?PR?_PINOUTPUT?SYS

?PR?_I2CBW?IIC                               -----    -----      -----    -----      B121H    0005H
  +--> ?PR?_SETSDAOUT?IIC
  +--> ?PR?_SDAOUTH?IIC
  +--> ?PR?_SDAOUTL?IIC
  +--> ?PR?_DELAY_US?SYS
  +--> ?PR?_SCKOUTH?IIC
  +--> ?PR?_SCKOUTL?IIC
  +--> ?PR?_CACK?IIC

?PR?_CACK?IIC                                -----    -----      -----    -----      B126H    0004H
  +--> ?PR?_SETSDAIN?IIC
  +--> ?PR?_SDAOUTH?IIC
  +--> ?PR?_DELAY_US?SYS
  +--> ?PR?_SCKOUTH?IIC
  +--> ?PR?_GETSDAIN?IIC
  +--> ?PR?_SCKOUTL?IIC
  +--> ?PR?_SETSDAOUT?IIC

?PR?_SETSDAIN?IIC                            -----    -----      -----    -----      -----    -----
  +--> ?PR?_SETPININ?SYS
BL51 BANKED LINKER/LOCATER V6.22.4.0                                                  05/11/2023  11:48:35  PAGE 8



?PR?_GETSDAIN?IIC                            -----    -----      -----    -----      -----    -----
  +--> ?PR?_GETPININ?SYS

?PR?_I2CBR?IIC                               -----    -----      -----    -----      B121H    0005H
  +--> ?PR?_SETSDAIN?IIC
  +--> ?PR?_DELAY_US?SYS
  +--> ?PR?_SCKOUTH?IIC
  +--> ?PR?_GETSDAIN?IIC
  +--> ?PR?_SCKOUTL?IIC

?PR?_MACK?IIC                                -----    -----      -----    -----      B121H    0003H
  +--> ?PR?_SETSDAOUT?IIC
  +--> ?PR?_SDAOUTL?IIC
  +--> ?PR?_DELAY_US?SYS
  +--> ?PR?_SCKOUTH?IIC
  +--> ?PR?_SCKOUTL?IIC

?PR?_MNAK?IIC                                -----    -----      -----    -----      B121H    0003H
  +--> ?PR?_SETSDAOUT?IIC
  +--> ?PR?_SDAOUTH?IIC
  +--> ?PR?_DELAY_US?SYS
  +--> ?PR?_SCKOUTH?IIC
  +--> ?PR?_SCKOUTL?IIC

?PR?_I2CSTOP?IIC                             -----    -----      -----    -----      B121H    0003H
  +--> ?PR?_SETSDAOUT?IIC
  +--> ?PR?_SDAOUTL?IIC
  +--> ?PR?_SCKOUTH?IIC
  +--> ?PR?_DELAY_US?SYS
  +--> ?PR?_SDAOUTH?IIC
  +--> ?PR?_SETSDAIN?IIC

?PR?RDTIME?RTC                               -----    -----      -----    -----      B0F9H    000BH
  +--> ?PR?_I2CSTART?IIC
  +--> ?PR?_I2CBW?IIC
  +--> ?PR?_I2CBR?IIC
  +--> ?PR?_MACK?IIC
  +--> ?PR?_MNAK?IIC
  +--> ?PR?_I2CSTOP?IIC
  +--> ?PR?_STRCOPY?UMATH
  +--> ?PR?_WRITE_DGUS_VP?SYS

?PR?_STRCOPY?UMATH                           -----    -----      -----    -----      B104H    0008H

?PR?_WRITE_DGUS_VP?SYS                       -----    -----      -----    -----      B307H    0015H

?PR?INITDEBUGUART?DEBUG                      -----    -----      -----    -----      B0F9H    0002H
  +--> ?PR?_SETPINOUT?SYS
  +--> ?PR?_SETPININ?SYS

?PR?_UARTINIT?UART                           -----    -----      -----    -----      B0F9H    0005H
  +--> ?PR?_UART2_INIT?UART
  +--> ?PR?_UART3_INIT?UART
  +--> ?PR?_UART4_INIT?UART
  +--> ?PR?_UART5_INIT?UART

BL51 BANKED LINKER/LOCATER V6.22.4.0                                                  05/11/2023  11:48:35  PAGE 9


?PR?_UART2_INIT?UART                         -----    -----      -----    -----      B0FEH    0002H
  +--> ?PR?_SETPINOUT?SYS
  +--> ?PR?_SETPININ?SYS

?PR?_UART3_INIT?UART                         -----    -----      -----    -----      B0FEH    0002H
  +--> ?PR?_SETPINOUT?SYS
  +--> ?PR?_SETPININ?SYS

?PR?_UART4_INIT?UART                         -----    -----      -----    -----      -----    -----
  +--> ?PR?_SETPINOUT?SYS

?PR?_UART5_INIT?UART                         -----    -----      -----    -----      -----    -----
  +--> ?PR?_SETPINOUT?SYS

?PR?SYSPARAMETERREAD?NORFLASH                -----    -----      -----    -----      -----    -----
  +--> ?PR?_NOR_FLASH_READ?NORFLASH
  +--> ?PR?_WRITE_DGUS_VP?SYS

?PR?_NOR_FLASH_READ?NORFLASH                 -----    -----      -----    -----      B13BH    0009H
  +--> ?PR?_WRITE_DGUS_VP?SYS
  +--> ?PR?_READ_DGUS_VP?SYS
  +--> ?PR?_DELAY_MS?SYS

?PR?_READ_DGUS_VP?SYS                        -----    -----      -----    -----      B304H    0015H

?PR?_DELAY_MS?SYS                            -----    -----      -----    -----      B1F0H    0004H
  +--> ?PR?_DELAY_US?SYS

?PR?MODBUSCENERATE?CONST                     -----    -----      -----    -----      B10FH    0004H

?PR?HISTORYALARMREAD?ALARM                   -----    -----      -----    -----      B0F9H    0042H
  +--> ?PR?_NOR_FLASH_READ?NORFLASH
  +--> ?PR?_WRITE_DGUS_VP?SYS

?PR?PRINTF?PRINTF                            0020H.0  0001H.1    0022H    0005H      B1EDH    0028H
  +--> ?PR?_PUTCHAR?DEBUG

?PR?_PUTCHAR?DEBUG                           -----    -----      -----    -----      B215H    0001H
  +--> ?PR?_UART_SEND_DATA?UART

?PR?_UART_SEND_DATA?UART                     -----    -----      -----    -----      B301H    0008H

?PR?PAGEFUNCTION?UI                          -----    -----      -----    -----      B0F9H    0002H
  +--> ?CO?UI
  +--> ?PR?_PAGEOPENTREAT?UI

?CO?UI                                       -----    -----      -----    -----      -----    -----
  +--> ?PR?P0FUNC?UI
  +--> ?PR?P2FUNC?UI
  +--> ?PR?P11FUNC?UI
  +--> ?PR?P12FUNC?UI
  +--> ?PR?P18FUNC?UI
  +--> ?PR?P22FUNC?UI
  +--> ?PR?P24FUNC?UI
  +--> ?PR?P26FUNC?UI
  +--> ?PR?P29FUNC?UI
  +--> ?PR?P33FUNC?UI
BL51 BANKED LINKER/LOCATER V6.22.4.0                                                  05/11/2023  11:48:35  PAGE 10


  +--> ?PR?P35FUNC?UI
  +--> ?PR?P39FUNC?UI
  +--> ?PR?P42FUNC?UI
  +--> ?PR?P44FUNC?UI
  +--> ?PR?P48FUNC?UI
  +--> ?PR?P50FUNC?UI
  +--> ?PR?P52FUNC?UI
  +--> ?PR?REALTIMEALARMDISPLAY?ALARM
  +--> ?PR?HISTORYALARMDISPLAY?ALARM
  +--> ?PR?P68FUNC?UI
  +--> ?PR?P70FUNC?UI
  +--> ?PR?P72FUNC?UI
  +--> ?PR?P75FUNC?UI
  +--> ?PR?P76FUNC?UI
  +--> ?PR?P77FUNC?UI
  +--> ?PR?P78FUNC?UI
  +--> ?PR?P79FUNC?UI
  +--> ?PR?P80FUNC?UI
  +--> ?PR?P82FUNC?UI
  +--> ?PR?P85FUNC?UI
  +--> ?PR?P86FUNC?UI
  +--> ?PR?P87FUNC?UI
  +--> ?PR?P88FUNC?UI
  +--> ?PR?P94FUNC?UI
  +--> ?PR?PERMISSIONLOGIN?PERMISSION
  +--> ?PR?PASSWORDMODIFY?PERMISSION
  +--> ?PR?P113FUNC?UI
  +--> ?PR?P114FUNC?UI

?PR?P0FUNC?UI                                -----    -----      -----    -----      B0FDH    000EH
  +--> ?PR?_READ_DGUS_VP?SYS
  +--> ?PR?_PASSWORDLOGIN?PERMISSION
  +--> ?PR?_PAGE_CHANGE?SYS
  +--> ?PR?_WRITE_DGUS_VP?SYS

?PR?_PASSWORDLOGIN?PERMISSION                -----    -----      -----    -----      -----    -----
  +--> ?PR?_READ_DGUS_VP?SYS
  +--> ?PR?_PAGE_CHANGE?SYS

?PR?_PAGE_CHANGE?SYS                         -----    -----      -----    -----      B12BH    0006H
  +--> ?PR?_WRITE_DGUS_VP?SYS
  +--> ?PR?_DELAY_US?SYS
  +--> ?PR?_READ_DGUS_VP?SYS

?PR?P2FUNC?UI                                -----    -----      -----    -----      B0FDH    000EH
  +--> ?PR?_READ_DGUS_VP?SYS
  +--> ?PR?_PAGE_CHANGE?SYS
  +--> ?PR?_PASSWORDLOGIN?PERMISSION
  +--> ?PR?_WRITE_DGUS_VP?SYS

?PR?P11FUNC?UI                               -----    -----      -----    -----      B0FDH    000EH
  +--> ?PR?_READ_DGUS_VP?SYS
  +--> ?PR?_DGUSTONORFLASH?NORFLASH
  +--> ?PR?MODBUSCENERATE?CONST
  +--> ?PR?_WRITE_DGUS_VP?SYS

?PR?_DGUSTONORFLASH?NORFLASH                 -----    -----      -----    -----      B10FH    0012H
BL51 BANKED LINKER/LOCATER V6.22.4.0                                                  05/11/2023  11:48:35  PAGE 11


  +--> ?PR?_WRITE_DGUS_VP?SYS
  +--> ?PR?_READ_DGUS_VP?SYS
  +--> ?PR?_DELAY_MS?SYS

?PR?P12FUNC?UI                               -----    -----      -----    -----      B0FDH    000EH
  +--> ?PR?_READ_DGUS_VP?SYS
  +--> ?PR?_DGUSTONORFLASH?NORFLASH
  +--> ?PR?MODBUSCENERATE?CONST
  +--> ?PR?_WRITE_DGUS_VP?SYS

?PR?P18FUNC?UI                               -----    -----      -----    -----      B0FDH    000EH
  +--> ?PR?_READ_DGUS_VP?SYS
  +--> ?PR?_DGUSTONORFLASH?NORFLASH
  +--> ?PR?MODBUSCENERATE?CONST
  +--> ?PR?_WRITE_DGUS_VP?SYS

?PR?P22FUNC?UI                               -----    -----      -----    -----      B0FDH    000EH
  +--> ?PR?_READ_DGUS_VP?SYS
  +--> ?PR?_DGUSTONORFLASH?NORFLASH
  +--> ?PR?MODBUSCENERATE?CONST
  +--> ?PR?_CHARGEMODESWITCH?UI
  +--> ?PR?_WRITE_DGUS_VP?SYS

?PR?_CHARGEMODESWITCH?UI                     -----    -----      -----    -----      -----    -----
  +--> ?PR?_PUSHTOEMERGENCY?MODBUS

?PR?_PUSHTOEMERGENCY?MODBUS                  -----    -----      -----    -----      -----    -----
  +--> ?PR?ISEMERGENCYFULL?MODBUS

?PR?P24FUNC?UI                               -----    -----      -----    -----      B0FDH    000EH
  +--> ?PR?_READ_DGUS_VP?SYS
  +--> ?PR?_NOR_FLASH_WRITE?NORFLASH
  +--> ?PR?_WRITE_DGUS_VP?SYS

?PR?_NOR_FLASH_WRITE?NORFLASH                -----    -----      -----    -----      B1E7H    0009H
  +--> ?PR?_WRITE_DGUS_VP?SYS
  +--> ?PR?_READ_DGUS_VP?SYS
  +--> ?PR?_DELAY_MS?SYS

?PR?P26FUNC?UI                               -----    -----      -----    -----      B0FDH    000EH
  +--> ?PR?_READ_DGUS_VP?SYS
  +--> ?PR?_PASSWORDLOGIN?PERMISSION
  +--> ?PR?_WRITE_DGUS_VP?SYS

?PR?P29FUNC?UI                               -----    -----      -----    -----      B0FDH    000EH
  +--> ?PR?_READ_DGUS_VP?SYS
  +--> ?PR?_DGUSTONORFLASH?NORFLASH
  +--> ?PR?MODBUSCENERATE?CONST
  +--> ?PR?_PUSHTOEMERGENCY?MODBUS
  +--> ?PR?_WRITE_DGUS_VP?SYS

?PR?P33FUNC?UI                               -----    -----      -----    -----      B0FDH    0014H
  +--> ?PR?_READ_DGUS_VP?SYS
  +--> ?PR?_WRITE_RTC?RTC
  +--> ?PR?_NOR_FLASH_WRITE?NORFLASH
  +--> ?PR?_WRITE_DGUS_VP?SYS

BL51 BANKED LINKER/LOCATER V6.22.4.0                                                  05/11/2023  11:48:35  PAGE 12


?PR?_WRITE_RTC?RTC                           -----    -----      -----    -----      B111H    000BH
  +--> ?PR?_BCD?UMATH
  +--> ?PR?_RTC_GET_WEEK?RTC
  +--> ?PR?_RTC_CONFIG?RTC

?PR?_RTC_GET_WEEK?RTC                        -----    -----      -----    -----      B11CH    0005H

?PR?_RTC_CONFIG?RTC                          -----    -----      -----    -----      B11CH    0005H
  +--> ?PR?_I2CSTART?IIC
  +--> ?PR?_I2CBW?IIC
  +--> ?PR?_I2CBR?IIC
  +--> ?PR?_MACK?IIC
  +--> ?PR?_MNAK?IIC
  +--> ?PR?_I2CSTOP?IIC

?PR?P35FUNC?UI                               -----    -----      -----    -----      B0FDH    000EH
  +--> ?PR?_READ_DGUS_VP?SYS
  +--> ?PR?_DGUSTONORFLASH?NORFLASH
  +--> ?PR?MODBUSCENERATE?CONST
  +--> ?PR?_WRITE_DGUS_VP?SYS

?PR?P39FUNC?UI                               -----    -----      -----    -----      B0FDH    0012H
  +--> ?PR?_READ_DGUS_VP?SYS
  +--> ?PR?_DGUSTONORFLASH?NORFLASH
  +--> ?PR?MODBUSCENERATE?CONST
  +--> ?PR?_WRITE_DGUS_VP?SYS

?PR?P42FUNC?UI                               -----    -----      -----    -----      B0FDH    000EH
  +--> ?PR?_READ_DGUS_VP?SYS
  +--> ?PR?_DGUSTONORFLASH?NORFLASH
  +--> ?PR?MODBUSCENERATE?CONST
  +--> ?PR?_PUSHTOEMERGENCY?MODBUS
  +--> ?PR?_WRITE_DGUS_VP?SYS

?PR?P44FUNC?UI                               -----    -----      -----    -----      B0FDH    000EH
  +--> ?PR?_READ_DGUS_VP?SYS
  +--> ?PR?_DGUSTONORFLASH?NORFLASH
  +--> ?PR?MODBUSCENERATE?CONST
  +--> ?PR?_WRITE_DGUS_VP?SYS

?PR?P48FUNC?UI                               -----    -----      -----    -----      B0FDH    000EH
  +--> ?PR?_READ_DGUS_VP?SYS
  +--> ?PR?_DGUSTONORFLASH?NORFLASH
  +--> ?PR?MODBUSCENERATE?CONST
  +--> ?PR?_PUSHTOEMERGENCY?MODBUS
  +--> ?PR?_WRITE_DGUS_VP?SYS

?PR?P50FUNC?UI                               -----    -----      -----    -----      B0FDH    000EH
  +--> ?PR?_READ_DGUS_VP?SYS
  +--> ?PR?_DGUSTONORFLASH?NORFLASH
  +--> ?PR?MODBUSCENERATE?CONST
  +--> ?PR?_WRITE_DGUS_VP?SYS

?PR?P52FUNC?UI                               -----    -----      -----    -----      B0FDH    000EH
  +--> ?PR?_READ_DGUS_VP?SYS
  +--> ?PR?RECOVERY?UI
  +--> ?PR?_NOR_FLASH_WRITE?NORFLASH
BL51 BANKED LINKER/LOCATER V6.22.4.0                                                  05/11/2023  11:48:35  PAGE 13


  +--> ?PR?_WRITE_DGUS_VP?SYS

?PR?RECOVERY?UI                              -----    -----      -----    -----      -----    -----
  +--> ?PR?_NOR_FLASH_WRITE?NORFLASH
  +--> ?PR?_WRITE_DGUS_VP?SYS

?PR?REALTIMEALARMDISPLAY?ALARM               -----    -----      -----    -----      B0FDH    00BCH
  +--> ?CO?ALARM
  +--> ?PR?PRINTF?PRINTF
  +--> ?PR?_READ_DGUS_VP?SYS
  +--> ?PR?_WRITE_DGUS_VP?SYS
  +--> ?PR?_STRNCPY?STRNCPY
  +--> ?PR?_NOR_FLASH_WRITE?NORFLASH

?PR?_STRNCPY?STRNCPY                         -----    -----      -----    -----      B1E7H    000AH

?PR?HISTORYALARMDISPLAY?ALARM                -----    -----      -----    -----      B0FDH    00EAH
  +--> ?PR?_READ_DGUS_VP?SYS
  +--> ?PR?_WRITE_DGUS_VP?SYS
  +--> ?CO?ALARM
  +--> ?PR?PRINTF?PRINTF
  +--> ?PR?_STRNCPY?STRNCPY
  +--> ?PR?_NOR_FLASH_WRITE?NORFLASH

?PR?P68FUNC?UI                               -----    -----      -----    -----      B0FDH    0002H
  +--> ?PR?_WRITE_DGUS_VP?SYS

?PR?P70FUNC?UI                               -----    -----      -----    -----      B0FDH    000EH
  +--> ?PR?_READ_DGUS_VP?SYS
  +--> ?PR?_WRITE_DGUS_VP?SYS
  +--> ?PR?_PUSHTOEMERGENCY?MODBUS

?PR?P72FUNC?UI                               -----    -----      -----    -----      B0FDH    0004H
  +--> ?PR?_WRITE_DGUS_VP?SYS

?PR?P75FUNC?UI                               -----    -----      -----    -----      B0FDH    0012H
  +--> ?PR?_WRITE_DGUS_VP?SYS
  +--> ?PR?_READ_DGUS_VP?SYS
  +--> ?PR?_PUSHTOEMERGENCY?MODBUS

?PR?P76FUNC?UI                               -----    -----      -----    -----      B0FDH    0004H
  +--> ?PR?_WRITE_DGUS_VP?SYS

?PR?P77FUNC?UI                               -----    -----      -----    -----      B0FDH    0004H
  +--> ?PR?_WRITE_DGUS_VP?SYS

?PR?P78FUNC?UI                               -----    -----      -----    -----      B0FDH    0004H
  +--> ?PR?_WRITE_DGUS_VP?SYS

?PR?P79FUNC?UI                               -----    -----      -----    -----      B0FDH    0004H
  +--> ?PR?_WRITE_DGUS_VP?SYS

?PR?P80FUNC?UI                               -----    -----      -----    -----      -----    -----
  +--> ?PR?_WRITE_DGUS_VP?SYS

?PR?P82FUNC?UI                               -----    -----      -----    -----      B0FDH    0002H
  +--> ?PR?_WRITE_DGUS_VP?SYS
BL51 BANKED LINKER/LOCATER V6.22.4.0                                                  05/11/2023  11:48:35  PAGE 14



?PR?P85FUNC?UI                               -----    -----      -----    -----      B0FDH    0002H
  +--> ?PR?_WRITE_DGUS_VP?SYS

?PR?P86FUNC?UI                               -----    -----      -----    -----      B0FDH    0006H
  +--> ?PR?_WRITE_DGUS_VP?SYS

?PR?P87FUNC?UI                               -----    -----      -----    -----      B0FDH    000AH
  +--> ?PR?_WRITE_DGUS_VP?SYS

?PR?P88FUNC?UI                               -----    -----      -----    -----      B0FDH    000AH
  +--> ?PR?_WRITE_DGUS_VP?SYS

?PR?P94FUNC?UI                               -----    -----      -----    -----      B0FDH    0004H
  +--> ?PR?_WRITE_DGUS_VP?SYS

?PR?PERMISSIONLOGIN?PERMISSION               -----    -----      -----    -----      B0FDH    001AH
  +--> ?PR?_READ_DGUS_VP?SYS
  +--> ?PR?_NOR_FLASH_READ?NORFLASH
  +--> ?PR?_STRPOS?STRPOS
  +--> ?PR?_STRNCMP?STRNCMP
  +--> ?PR?_WRITE_DGUS_VP?SYS
  +--> ?PR?_PAGE_CHANGE?SYS

?PR?_STRNCMP?STRNCMP                         -----    -----      -----    -----      B12BH    0008H

?PR?PASSWORDMODIFY?PERMISSION                -----    -----      -----    -----      B0FDH    002EH
  +--> ?CO?PERMISSION
  +--> ?PR?_READ_DGUS_VP?SYS
  +--> ?PR?_NOR_FLASH_READ?NORFLASH
  +--> ?PR?_STRPOS?STRPOS
  +--> ?PR?_STRNCMP?STRNCMP
  +--> ?PR?_NOR_FLASH_WRITE?NORFLASH
  +--> ?PR?_PAGE_CHANGE?SYS
  +--> ?PR?_WRITE_DGUS_VP?SYS

?PR?P113FUNC?UI                              -----    -----      -----    -----      B0FDH    0004H
  +--> ?PR?_WRITE_DGUS_VP?SYS

?PR?P114FUNC?UI                              -----    -----      -----    -----      B0FDH    0012H
  +--> ?PR?_WRITE_DGUS_VP?SYS
  +--> ?PR?_READ_DGUS_VP?SYS
  +--> ?PR?_PUSHTOEMERGENCY?MODBUS

?PR?_PAGEOPENTREAT?UI                        -----    -----      -----    -----      B0FBH    0006H
  +--> ?PR?_WRITE_DGUS_VP?SYS

?PR?MODBUSTREAT?MODBUS                       -----    -----      -----    -----      B0F9H    0002H
  +--> ?PR?_GETTIMEOUTFLAG?TIMER
  +--> ?PR?MODBUSTXTREAT?MODBUS
  +--> ?PR?MODBUSRXTREAT?MODBUS

?PR?MODBUSTXTREAT?MODBUS                     -----    -----      -----    -----      B0FBH    0201H
  +--> ?PR?POPFROMEMERGENCY?MODBUS
  +--> ?PR?_ANALYSISMOSBUSORDER?MODBUS
  +--> ?PR?_UART_SEND_DATA?UART
  +--> ?PR?_STARTTIMER?TIMER
BL51 BANKED LINKER/LOCATER V6.22.4.0                                                  05/11/2023  11:48:35  PAGE 15



?PR?POPFROMEMERGENCY?MODBUS                  -----    -----      -----    -----      -----    -----
  +--> ?PR?ISEMERGENCYEMPTY?MODBUS

?PR?_ANALYSISMOSBUSORDER?MODBUS              -----    -----      -----    -----      B2FCH    0008H
  +--> ?PR?_READ_DGUS_VP?SYS
  +--> ?PR?_CALCULATE_CRC16?UMATH

?PR?_CALCULATE_CRC16?UMATH                   -----    -----      -----    -----      B307H    0008H

?PR?MODBUSRXTREAT?MODBUS                     -----    -----      -----    -----      B0FBH    020CH
  +--> ?PR?_CALCULATE_CRC16?UMATH
  +--> ?PR?_WRITE_DGUS_VP?SYS

?PR?UART485RXTREAT?MODBUS                    -----    -----      -----    -----      B0F9H    0208H
  +--> ?PR?_CALCULATE_CRC16?UMATH
  +--> ?PR?_READ_DGUS_VP?SYS
  +--> ?PR?_WRITE_DGUS_VP?SYS
  +--> ?PR?_UART_SEND_DATA?UART

?PR?PUBLICUI?UI                              -----    -----      -----    -----      B0F9H    0002H
  +--> ?PR?WEEKDISPLAY?UI
  +--> ?PR?BATTERYVOLTDISPLAY?UI
  +--> ?PR?BATTERYCURRDISPLAY?UI
  +--> ?PR?_WRITE_DGUS_VP?SYS

?PR?WEEKDISPLAY?UI                           -----    -----      -----    -----      B0FBH    0002H
  +--> ?PR?_WRITE_DGUS_VP?SYS

?PR?BATTERYVOLTDISPLAY?UI                    -----    -----      -----    -----      B0FBH    0004H
  +--> ?PR?_WRITE_DGUS_VP?SYS

?PR?BATTERYCURRDISPLAY?UI                    -----    -----      -----    -----      -----    -----
  +--> ?PR?_WRITE_DGUS_VP?SYS

?PR?ALARMSOUNDPLAY?UI                        -----    -----      -----    -----      B0F9H    0004H
  +--> ?CO?UI
  +--> ?PR?_WRITE_DGUS_VP?SYS

?PR?ALARMTREAT?ALARM                         -----    -----      -----    -----      B0F9H    0024H
  +--> ?CO?ALARM
  +--> ?PR?_ALARM?ALARM
  +--> ?PR?PRINTF?PRINTF
  +--> ?PR?SYNTHESISCOLLECT_JDQ_STATE?ALARM
  +--> ?PR?_PUSHTOEMERGENCY?MODBUS

?PR?_ALARM?ALARM                             -----    -----      -----    -----      B11DH    0049H
  +--> ?PR?_READ_DGUS_VP?SYS
  +--> ?PR?_ALARMSTART?ALARM
  +--> ?PR?_ALARMEND?ALARM

?PR?_ALARMSTART?ALARM                        -----    -----      -----    -----      B166H    000AH
  +--> ?PR?_STARTTIMERECORD?ALARM
  +--> ?PR?_STRNCPY?STRNCPY
  +--> ?PR?_LISTINSERTHEAD?ALARM
  +--> ?PR?SAVESTARTALARM?ALARM

BL51 BANKED LINKER/LOCATER V6.22.4.0                                                  05/11/2023  11:48:35  PAGE 16


?PR?_STARTTIMERECORD?ALARM                   -----    -----      -----    -----      B170H    0003H

?PR?_LISTINSERTHEAD?ALARM                    -----    -----      -----    -----      -----    -----
  +--> ?PR?_WRITE_DGUS_VP?SYS

?PR?SAVESTARTALARM?ALARM                     -----    -----      -----    -----      B170H    0040H
  +--> ?PR?_NOR_FLASH_WRITE?NORFLASH
  +--> ?PR?_WRITE_DGUS_VP?SYS
  +--> ?PR?PHISTORYALARMMOVE?ALARM

?PR?PHISTORYALARMMOVE?ALARM                  -----    -----      -----    -----      -----    -----
  +--> ?PR?_NOR_FLASH_WRITE?NORFLASH

?PR?_ALARMEND?ALARM                          -----    -----      -----    -----      B166H    0003H
  +--> ?PR?_ENDTIMERECORD?ALARM
  +--> ?PR?SAVEENDALARM?ALARM
  +--> ?PR?_LISTDELETE?ALARM

?PR?_ENDTIMERECORD?ALARM                     -----    -----      -----    -----      B169H    0003H

?PR?SAVEENDALARM?ALARM                       -----    -----      -----    -----      B169H    0040H
  +--> ?PR?_NOR_FLASH_WRITE?NORFLASH
  +--> ?PR?_WRITE_DGUS_VP?SYS

?PR?_LISTDELETE?ALARM                        -----    -----      -----    -----      B169H    0084H
  +--> ?CO?ALARM
  +--> ?PR?PRINTF?PRINTF
  +--> ?PR?_READ_DGUS_VP?SYS
  +--> ?PR?_WRITE_DGUS_VP?SYS

?PR?SYNTHESISCOLLECT_JDQ_STATE?ALARM         -----    -----      -----    -----      B11DH    001AH
  +--> ?CO?ALARM
  +--> ?PR?PRINTF?PRINTF

?PR?BATTERYMANAGE?UI                         -----    -----      -----    -----      B0F9H    000AH
  +--> ?PR?_KILLTIMER?TIMER
  +--> ?PR?_STARTTIMER?TIMER
  +--> ?PR?_CHARGEMODESWITCH?UI
  +--> ?PR?_GETTIMEOUTFLAG?TIMER
  +--> ?PR?_WRITE_DGUS_VP?SYS

?PR?SCREENPROTECTION?UI                      -----    -----      -----    -----      B0F9H    0006H
  +--> ?PR?_READ_DGUS_VP?SYS
  +--> ?PR?_GETTIMEOUTFLAG?TIMER
  +--> ?PR?_PAGE_CHANGE?SYS
  +--> ?PR?_WRITE_DGUS_VP?SYS
  +--> ?PR?_STARTTIMER?TIMER
  +--> ?PR?SCREENTOUCHORNOT?SYS

?PR?SCREENTOUCHORNOT?SYS                     -----    -----      -----    -----      B0FFH    0002H
  +--> ?PR?_READ_DGUS_VP?SYS
  +--> ?PR?_WRITE_DGUS_VP?SYS

*** NEW ROOT ***************************************************

?PR?T0_ISR_PC?TIMER                          -----    -----      0027H    0001H      -----    -----

BL51 BANKED LINKER/LOCATER V6.22.4.0                                                  05/11/2023  11:48:35  PAGE 17




SYMBOL TABLE OF MODULE:  .\Objects\T5L51 (?C_STARTUP)

  VALUE           TYPE          NAME
  ----------------------------------

  -------         MODULE        ?C_STARTUP
  C:DAABH         SEGMENT       ?C_C51STARTUP
  I:0028H         SEGMENT       ?STACK
  C:0000H         PUBLIC        ?C_STARTUP
  D:00E0H         SYMBOL        ACC
  D:00F0H         SYMBOL        B
  D:008EH         SYMBOL        CKCON
  D:0094H         SYMBOL        DAGESEL
  D:0093H         SYMBOL        DPC
  D:0083H         SYMBOL        DPH
  D:0082H         SYMBOL        DPL
  D:0095H         SYMBOL        D_PAGESEL
  N:0000H         SYMBOL        IBPSTACK
  N:0100H         SYMBOL        IBPSTACKTOP
  N:0080H         SYMBOL        IDATALEN
  C:DAD8H         SYMBOL        IDATALOOP
  D:00A8H         SYMBOL        IEN0
  D:00B8H         SYMBOL        IEN1
  D:009AH         SYMBOL        IEN2
  D:00A9H         SYMBOL        IP0
  D:00B9H         SYMBOL        IP1
  D:00C9H         SYMBOL        MUX_SEL
  N:0000H         SYMBOL        PBPSTACK
  N:0100H         SYMBOL        PBPSTACKTOP
  N:0000H         SYMBOL        PDATALEN
  N:0000H         SYMBOL        PDATASTART
  D:00F9H         SYMBOL        PORTDRV
  N:0000H         SYMBOL        PPAGE
  N:0000H         SYMBOL        PPAGEENABLE
  D:00A0H         SYMBOL        PPAGE_SFR
  D:00D0H         SYMBOL        PSW
  D:00F8H         SYMBOL        RAMMODE
  D:0081H         SYMBOL        SP
  C:DAABH         SYMBOL        STARTUP1
  D:00C8H         SYMBOL        T2CON
  N:0000H         SYMBOL        XBPSTACK
  N:0000H         SYMBOL        XBPSTACKTOP
  N:8000H         SYMBOL        XDATALEN
  C:DAE3H         SYMBOL        XDATALOOP
  N:8000H         SYMBOL        XDATASTART
  C:0000H         LINE#         140
  C:DAABH         LINE#         160
  C:DAAEH         LINE#         161
  C:DAB1H         LINE#         162
  C:DAB4H         LINE#         163
  C:DAB7H         LINE#         164
  C:DABAH         LINE#         166
  C:DABDH         LINE#         167
  C:DAC0H         LINE#         168
  C:DAC3H         LINE#         169
BL51 BANKED LINKER/LOCATER V6.22.4.0                                                  05/11/2023  11:48:35  PAGE 18


  C:DAC6H         LINE#         170
  C:DAC9H         LINE#         171
  C:DACCH         LINE#         172
  C:DACFH         LINE#         173
  C:DAD2H         LINE#         174
  C:DAD5H         LINE#         180
  C:DAD7H         LINE#         181
  C:DAD8H         LINE#         182
  C:DAD9H         LINE#         183
  C:DADBH         LINE#         187
  C:DADEH         LINE#         188
  C:DAE0H         LINE#         192
  C:DAE2H         LINE#         194
  C:DAE3H         LINE#         195
  C:DAE4H         LINE#         196
  C:DAE5H         LINE#         197
  C:DAE7H         LINE#         198
  C:DAE9H         LINE#         232
  C:DAECH         LINE#         243
  -------         ENDMOD        ?C_STARTUP

  -------         MODULE        SYS
  C:0000H         SYMBOL        _ICE_DUMMY_
  X:B5C7H         PUBLIC        Spi_Flash
  D:00F1H         PUBLIC        ADR_H
  D:0080H         PUBLIC        P0
  D:0090H         PUBLIC        P1
  X:B5D7H         PUBLIC        Nor_Flash
  D:00A0H         PUBLIC        P2
  C:EDD2H         PUBLIC        _GetPinIn
  D:00B0H         PUBLIC        P3
  D:00F3H         PUBLIC        ADR_L
  D:00F2H         PUBLIC        ADR_M
  B:00A8H.7       PUBLIC        EA
  D:00F8H         PUBLIC        RAMMODE
  C:AF92H         PUBLIC        _write_dgus_vp
  D:00B7H         PUBLIC        P0MDOUT
  D:00BCH         PUBLIC        P1MDOUT
  D:00BDH         PUBLIC        P2MDOUT
  C:F00CH         PUBLIC        _SetPinIn
  X:B5E3H         PUBLIC        PressPosChange
  D:00BEH         PUBLIC        P3MDOUT
  C:F17FH         PUBLIC        _SetPinOut
  B:00F8H.4       PUBLIC        APP_ACK
  X:B5E4H         PUBLIC        RealPosX
  D:00F4H         PUBLIC        ADR_INC
  X:B5E6H         PUBLIC        RealPosY
  X:B5E8H         PUBLIC        PressPosX
  X:B5EAH         PUBLIC        PressPageID
  X:B5ECH         PUBLIC        PressPosY
  X:B5EEH         PUBLIC        LastPosX
  X:B5F0H         PUBLIC        MusicBuf
  X:B613H         PUBLIC        LastPosY
  C:E6C3H         PUBLIC        _Page_Change
  X:B615H         PUBLIC        Touchstate
  C:E25EH         PUBLIC        _PinOutput
  X:B616H         PUBLIC        xdistance
BL51 BANKED LINKER/LOCATER V6.22.4.0                                                  05/11/2023  11:48:35  PAGE 19


  X:B618H         PUBLIC        ydistance
  X:B61AH         PUBLIC        PosXChangeSpeed
  D:00FDH         PUBLIC        DATA0
  X:B61CH         PUBLIC        PosYChangeSpeed
  D:00FCH         PUBLIC        DATA1
  D:00FBH         PUBLIC        DATA2
  D:00FAH         PUBLIC        DATA3
  C:F137H         PUBLIC        _delay_ms
  B:00F8H.6       PUBLIC        APP_EN
  C:F806H         PUBLIC        _delay_us
  C:F40FH         PUBLIC        ScreenTouchOrNot
  C:B178H         PUBLIC        _read_dgus_vp
  -------         PROC          L?0137
  -------         ENDPROC       L?0137
  -------         PROC          _READ_DGUS_VP
  X:B304H         SYMBOL        addr
  X:B308H         SYMBOL        buf
  X:B30BH         SYMBOL        len
  -------         DO            
  X:B30DH         SYMBOL        OS_addr
  X:B30FH         SYMBOL        OS_addr_offset
  X:B311H         SYMBOL        OS_len
  X:B313H         SYMBOL        OS_len_offset
  X:B315H         SYMBOL        LenLimit
  -------         ENDDO         
  C:B178H         LINE#         37
  C:B189H         LINE#         38
  C:B189H         LINE#         39
  C:B190H         LINE#         40
  C:B194H         LINE#         41
  C:B19CH         LINE#         44
  C:B1A9H         LINE#         46
  C:B1CBH         LINE#         47
  C:B1EAH         LINE#         48
  C:B1EAH         LINE#         49
  C:B1FBH         LINE#         50
  C:B1FBH         LINE#         51
  C:B216H         LINE#         52
  C:B228H         LINE#         54
  C:B22AH         LINE#         56
  C:B22DH         LINE#         57
  C:B238H         LINE#         58
  C:B23AH         LINE#         59
  C:B23DH         LINE#         60
  C:B240H         LINE#         61
  C:B243H         LINE#         62
  C:B24DH         LINE#         63
  C:B24DH         LINE#         64
  C:B24FH         LINE#         65
  C:B252H         LINE#         66
  C:B267H         LINE#         67
  C:B27CH         LINE#         68
  C:B28AH         LINE#         69
  C:B28AH         LINE#         70
  C:B2A0H         LINE#         71
  C:B2AAH         LINE#         72
  C:B2B8H         LINE#         73
BL51 BANKED LINKER/LOCATER V6.22.4.0                                                  05/11/2023  11:48:35  PAGE 20


  C:B2B8H         LINE#         74
  C:B2BAH         LINE#         75
  C:B2BDH         LINE#         76
  C:B2D2H         LINE#         77
  C:B2E7H         LINE#         78
  C:B2FCH         LINE#         79
  C:B311H         LINE#         80
  C:B313H         LINE#         81
  C:B31DH         LINE#         82
  C:B31DH         LINE#         83
  C:B31FH         LINE#         84
  C:B322H         LINE#         85
  C:B337H         LINE#         86
  C:B34CH         LINE#         87
  C:B34CH         LINE#         88
  C:B34FH         LINE#         90
  C:B351H         LINE#         92
  -------         ENDPROC       _READ_DGUS_VP
  -------         PROC          L?0136
  -------         ENDPROC       L?0136
  -------         PROC          _WRITE_DGUS_VP
  X:B307H         SYMBOL        addr
  X:B30BH         SYMBOL        buf
  X:B30EH         SYMBOL        len
  -------         DO            
  X:B310H         SYMBOL        OS_addr
  X:B312H         SYMBOL        OS_addr_offset
  X:B314H         SYMBOL        OS_len
  X:B316H         SYMBOL        OS_len_offset
  X:B318H         SYMBOL        LenLimit
  -------         ENDDO         
  C:AF92H         LINE#         162
  C:AFA3H         LINE#         163
  C:AFA3H         LINE#         164
  C:AFAAH         LINE#         165
  C:AFAEH         LINE#         166
  C:AFB6H         LINE#         169
  C:AFC3H         LINE#         171
  C:AFE5H         LINE#         172
  C:B004H         LINE#         173
  C:B004H         LINE#         174
  C:B015H         LINE#         175
  C:B015H         LINE#         176
  C:B030H         LINE#         177
  C:B042H         LINE#         179
  C:B044H         LINE#         181
  C:B047H         LINE#         182
  C:B052H         LINE#         183
  C:B054H         LINE#         184
  C:B057H         LINE#         185
  C:B05AH         LINE#         186
  C:B05DH         LINE#         187
  C:B067H         LINE#         188
  C:B067H         LINE#         189
  C:B07CH         LINE#         190
  C:B091H         LINE#         191
  C:B093H         LINE#         192
BL51 BANKED LINKER/LOCATER V6.22.4.0                                                  05/11/2023  11:48:35  PAGE 21


  C:B096H         LINE#         193
  C:B0A4H         LINE#         194
  C:B0A4H         LINE#         195
  C:B0BAH         LINE#         196
  C:B0C4H         LINE#         197
  C:B0C7H         LINE#         198
  C:B0D5H         LINE#         199
  C:B0D5H         LINE#         200
  C:B0EAH         LINE#         201
  C:B0FFH         LINE#         202
  C:B114H         LINE#         203
  C:B129H         LINE#         204
  C:B12BH         LINE#         205
  C:B130H         LINE#         206
  C:B130H         LINE#         207
  C:B13AH         LINE#         208
  C:B13AH         LINE#         209
  C:B13DH         LINE#         210
  C:B152H         LINE#         211
  C:B167H         LINE#         212
  C:B169H         LINE#         213
  C:B16CH         LINE#         214
  C:B16CH         LINE#         215
  C:B16FH         LINE#         217
  C:B171H         LINE#         219
  -------         ENDPROC       _WRITE_DGUS_VP
  -------         PROC          _DELAY_US
  D:0006H         SYMBOL        t
  -------         DO            
  D:0005H         SYMBOL        i
  -------         ENDDO         
  C:F806H         LINE#         341
  C:F806H         LINE#         342
  C:F806H         LINE#         345
  C:F80AH         LINE#         346
  C:F80AH         LINE#         347
  C:F80CH         LINE#         348
  C:F813H         LINE#         349
  C:F818H         LINE#         350
  C:F81AH         LINE#         351
  -------         ENDPROC       _DELAY_US
  -------         PROC          _PAGE_CHANGE
  X:B12BH         SYMBOL        PageID
  -------         DO            
  X:B12DH         SYMBOL        buf
  -------         ENDDO         
  C:E6C3H         LINE#         353
  C:E6CBH         LINE#         354
  C:E6CBH         LINE#         357
  C:E6CFH         LINE#         358
  C:E6D3H         LINE#         359
  C:E6E0H         LINE#         360
  C:E6E3H         LINE#         361
  C:E6F7H         LINE#         363
  C:E6F7H         LINE#         364
  C:E6FEH         LINE#         365
  C:E712H         LINE#         366
BL51 BANKED LINKER/LOCATER V6.22.4.0                                                  05/11/2023  11:48:35  PAGE 22


  C:E724H         LINE#         367
  C:E729H         LINE#         368
  C:E72BH         LINE#         369
  C:E72DH         LINE#         370
  C:E72FH         LINE#         371
  -------         ENDPROC       _PAGE_CHANGE
  -------         PROC          _DELAY_MS
  X:B1F0H         SYMBOL        t
  -------         DO            
  X:B1F2H         SYMBOL        i
  D:0002H         SYMBOL        j
  -------         ENDDO         
  C:F137H         LINE#         374
  C:F13FH         LINE#         375
  C:F13FH         LINE#         377
  C:F159H         LINE#         378
  C:F159H         LINE#         379
  C:F15CH         LINE#         380
  C:F16EH         LINE#         381
  C:F17EH         LINE#         382
  -------         ENDPROC       _DELAY_MS
  -------         PROC          _SETPINOUT
  D:0007H         SYMBOL        Port
  D:0005H         SYMBOL        Pin
  C:F17FH         LINE#         384
  C:F17FH         LINE#         385
  C:F17FH         LINE#         386
  C:F18DH         LINE#         387
  C:F18DH         LINE#         388
  C:F19AH         LINE#         389
  C:F19BH         LINE#         390
  C:F1A8H         LINE#         391
  C:F1A9H         LINE#         392
  C:F1B6H         LINE#         393
  C:F1B7H         LINE#         394
  C:F1C6H         LINE#         395
  C:F1C6H         LINE#         396
  C:F1C6H         LINE#         397
  C:F1C6H         LINE#         399
  -------         ENDPROC       _SETPINOUT
  -------         PROC          _SETPININ
  D:0007H         SYMBOL        Port
  D:0005H         SYMBOL        Pin
  C:F00CH         LINE#         401
  C:F00CH         LINE#         402
  C:F00CH         LINE#         403
  C:F01AH         LINE#         404
  C:F01AH         LINE#         405
  C:F028H         LINE#         406
  C:F029H         LINE#         407
  C:F037H         LINE#         408
  C:F038H         LINE#         409
  C:F046H         LINE#         410
  C:F047H         LINE#         411
  C:F057H         LINE#         412
  C:F057H         LINE#         413
  C:F057H         LINE#         414
BL51 BANKED LINKER/LOCATER V6.22.4.0                                                  05/11/2023  11:48:35  PAGE 23


  C:F057H         LINE#         416
  -------         ENDPROC       _SETPININ
  -------         PROC          _PINOUTPUT
  D:0007H         SYMBOL        Port
  D:0005H         SYMBOL        Pin
  D:0003H         SYMBOL        value
  C:E25EH         LINE#         418
  C:E25EH         LINE#         419
  C:E25EH         LINE#         420
  C:E26FH         LINE#         421
  C:E26FH         LINE#         422
  C:E280H         LINE#         423
  C:E28EH         LINE#         424
  C:E28FH         LINE#         425
  C:E2A0H         LINE#         426
  C:E2AEH         LINE#         427
  C:E2AFH         LINE#         428
  C:E2C0H         LINE#         429
  C:E2CEH         LINE#         430
  C:E2CFH         LINE#         431
  C:E2E0H         LINE#         432
  C:E2F0H         LINE#         433
  C:E2F0H         LINE#         434
  C:E2F0H         LINE#         435
  C:E2F0H         LINE#         436
  -------         ENDPROC       _PINOUTPUT
  -------         PROC          _GETPININ
  D:0007H         SYMBOL        Port
  D:0005H         SYMBOL        Pin
  -------         DO            
  D:0006H         SYMBOL        value
  -------         ENDDO         
  C:EDD2H         LINE#         438
  C:EDD2H         LINE#         439
  C:EDD2H         LINE#         441
  C:EDE0H         LINE#         442
  C:EDE0H         LINE#         443
  C:EDEEH         LINE#         444
  C:EDF0H         LINE#         445
  C:EDFEH         LINE#         446
  C:EE00H         LINE#         447
  C:EE0EH         LINE#         448
  C:EE10H         LINE#         449
  C:EE20H         LINE#         450
  C:EE22H         LINE#         451
  C:EE22H         LINE#         452
  C:EE24H         LINE#         453
  C:EE24H         LINE#         454
  C:EE24H         LINE#         455
  C:EE26H         LINE#         456
  -------         ENDPROC       _GETPININ
  -------         PROC          SCREENTOUCHORNOT
  -------         DO            
  X:B0FFH         SYMBOL        k_data
  -------         ENDDO         
  C:F40FH         LINE#         460
  C:F40FH         LINE#         461
BL51 BANKED LINKER/LOCATER V6.22.4.0                                                  05/11/2023  11:48:35  PAGE 24


  C:F40FH         LINE#         464
  C:F422H         LINE#         465
  C:F429H         LINE#         466
  C:F429H         LINE#         467
  C:F42BH         LINE#         468
  C:F43DH         LINE#         469
  C:F440H         LINE#         470
  C:F440H         LINE#         471
  C:F442H         LINE#         472
  -------         ENDPROC       SCREENTOUCHORNOT
  -------         ENDMOD        SYS

  -------         MODULE        TIMER
  C:0000H         SYMBOL        _ICE_DUMMY_
  B:00A8H.7       PUBLIC        EA
  C:F81BH         PUBLIC        _KillTimer
  D:0008H         PUBLIC        TimerTime
  C:F615H         PUBLIC        _StartTimer
  B:0090H.0       PUBLIC        P10
  B:0090H.1       PUBLIC        P11
  D:0089H         PUBLIC        TMOD
  C:E840H         PUBLIC        T0_ISR_PC
  D:0018H         PUBLIC        OutTimeFlag
  B:00A8H.1       PUBLIC        ET0
  B:00A8H.3       PUBLIC        ET1
  B:00A8H.5       PUBLIC        ET2
  B:00C0H.6       PUBLIC        TF2
  D:008CH         PUBLIC        TH0
  D:008DH         PUBLIC        TH1
  D:0019H         PUBLIC        SysTick
  D:00CDH         PUBLIC        TH2
  D:001AH         PUBLIC        EnableTimer
  D:008AH         PUBLIC        TL0
  D:008BH         PUBLIC        TL1
  D:00CCH         PUBLIC        TL2
  B:0088H.4       PUBLIC        TR0
  B:0088H.6       PUBLIC        TR1
  C:F8ADH         PUBLIC        timer1_Isr
  C:F8C4H         PUBLIC        timer2_Isr
  D:00C8H         PUBLIC        T2CON
  C:F858H         PUBLIC        _GetTimeOutFlag
  D:00CBH         PUBLIC        TRL2H
  D:00CAH         PUBLIC        TRL2L
  C:F6B1H         PUBLIC        T0_Init
  C:F7EEH         PUBLIC        T1_Init
  C:F830H         PUBLIC        T2_Init
  -------         PROC          T0_INIT
  C:F6B1H         LINE#         41
  C:F6B1H         LINE#         42
  C:F6B1H         LINE#         43
  C:F6B4H         LINE#         45
  C:F6B7H         LINE#         46
  C:F6B9H         LINE#         47
  C:F6BBH         LINE#         49
  C:F6BDH         LINE#         50
  C:F6BFH         LINE#         52
  C:F6C2H         LINE#         53
BL51 BANKED LINKER/LOCATER V6.22.4.0                                                  05/11/2023  11:48:35  PAGE 25


  C:F6C5H         LINE#         54
  C:F6C8H         LINE#         55
  C:F6CAH         LINE#         57
  C:F6CCH         LINE#         58
  -------         ENDPROC       T0_INIT
  -------         PROC          T0_ISR_PC
  -------         DO            
  D:0027H         SYMBOL        i
  -------         ENDDO         
  C:E840H         LINE#         69
  C:E84DH         LINE#         73
  C:E84FH         LINE#         74
  C:E852H         LINE#         75
  C:E855H         LINE#         76
  C:E857H         LINE#         77
  C:E85AH         LINE#         78
  C:E85AH         LINE#         79
  C:E870H         LINE#         80
  C:E870H         LINE#         81
  C:E87EH         LINE#         82
  C:E88CH         LINE#         83
  C:E88CH         LINE#         84
  C:E89AH         LINE#         85
  C:E89DH         LINE#         86
  C:E89DH         LINE#         87
  C:E89DH         LINE#         88
  C:E8A4H         LINE#         89
  C:E8A6H         LINE#         90
  -------         ENDPROC       T0_ISR_PC
  -------         PROC          T1_INIT
  C:F7EEH         LINE#         93
  C:F7EEH         LINE#         94
  C:F7EEH         LINE#         95
  C:F7F1H         LINE#         97
  C:F7F4H         LINE#         98
  C:F7F6H         LINE#         99
  C:F7F8H         LINE#         101
  C:F7FBH         LINE#         102
  C:F7FEH         LINE#         103
  C:F801H         LINE#         104
  C:F803H         LINE#         105
  C:F805H         LINE#         106
  -------         ENDPROC       T1_INIT
  -------         PROC          TIMER1_ISR
  C:F8ADH         LINE#         108
  C:F8ADH         LINE#         110
  C:F8AFH         LINE#         111
  C:F8B2H         LINE#         112
  C:F8B5H         LINE#         113
  C:F8B7H         LINE#         114
  C:F8B9H         LINE#         115
  -------         ENDPROC       TIMER1_ISR
  -------         PROC          T2_INIT
  C:F830H         LINE#         119
  C:F830H         LINE#         120
  C:F830H         LINE#         121
  C:F833H         LINE#         123
BL51 BANKED LINKER/LOCATER V6.22.4.0                                                  05/11/2023  11:48:35  PAGE 26


  C:F836H         LINE#         124
  C:F839H         LINE#         125
  C:F83CH         LINE#         126
  C:F83EH         LINE#         127
  C:F841H         LINE#         128
  C:F843H         LINE#         129
  -------         ENDPROC       T2_INIT
  -------         PROC          TIMER2_ISR
  C:F8C4H         LINE#         131
  C:F8C4H         LINE#         133
  C:F8C6H         LINE#         134
  C:F8C8H         LINE#         135
  C:F8CAH         LINE#         136
  C:F8CCH         LINE#         137
  -------         ENDPROC       TIMER2_ISR
  -------         PROC          _STARTTIMER
  D:0007H         SYMBOL        ID
  D:0004H         SYMBOL        nTime
  C:F615H         LINE#         152
  C:F615H         LINE#         153
  C:F615H         LINE#         154
  C:F617H         LINE#         155
  C:F625H         LINE#         156
  C:F630H         LINE#         157
  C:F634H         LINE#         158
  C:F636H         LINE#         159
  -------         ENDPROC       _STARTTIMER
  -------         PROC          _KILLTIMER
  D:0007H         SYMBOL        ID
  C:F81BH         LINE#         172
  C:F81BH         LINE#         173
  C:F81BH         LINE#         174
  C:F81DH         LINE#         175
  C:F82BH         LINE#         176
  C:F82DH         LINE#         177
  C:F82FH         LINE#         178
  -------         ENDPROC       _KILLTIMER
  -------         PROC          _GETTIMEOUTFLAG
  D:0007H         SYMBOL        ID
  -------         DO            
  D:0007H         SYMBOL        flag
  -------         ENDDO         
  C:F858H         LINE#         190
  C:F858H         LINE#         191
  C:F858H         LINE#         193
  C:F85AH         LINE#         194
  C:F868H         LINE#         195
  C:F86AH         LINE#         196
  C:F86AH         LINE#         198
  -------         ENDPROC       _GETTIMEOUTFLAG
  -------         ENDMOD        TIMER

  -------         MODULE        UART
  C:0000H         SYMBOL        _ICE_DUMMY_
  D:0080H         PUBLIC        P0
  C:E411H         PUBLIC        uart2_Isr
  C:E1C3H         PUBLIC        uart3_Isr
BL51 BANKED LINKER/LOCATER V6.22.4.0                                                  05/11/2023  11:48:35  PAGE 27


  B:00A8H.7       PUBLIC        EA
  X:8000H         PUBLIC        Uart_Struct
  D:00A8H         PUBLIC        IEN0
  D:00B8H         PUBLIC        IEN1
  D:009AH         PUBLIC        IEN2
  D:00BAH         PUBLIC        SREL0H
  D:00BBH         PUBLIC        SREL1H
  D:00AAH         PUBLIC        SREL0L
  C:EE7CH         PUBLIC        _UartInit
  D:009DH         PUBLIC        SREL1L
  D:0097H         PUBLIC        SCON2R
  D:00D9H         PUBLIC        BODE2_DIV_H
  D:00ABH         PUBLIC        SCON3R
  D:00AEH         PUBLIC        BODE3_DIV_H
  D:0096H         PUBLIC        SCON2T
  D:00A7H         PUBLIC        SCON3T
  D:00E7H         PUBLIC        BODE2_DIV_L
  D:00AFH         PUBLIC        BODE3_DIV_L
  D:00C9H         PUBLIC        MUX_SEL
  D:00E0H         PUBLIC        ACC
  B:00A8H.4       PUBLIC        ES0
  B:0098H.0       PUBLIC        RI0
  B:0098H.1       PUBLIC        TI0
  B:00D0H.0       PUBLIC        P
  B:0080H.0       PUBLIC        TR4
  B:0080H.1       PUBLIC        TR5
  D:0099H         PUBLIC        SBUF0
  D:009CH         PUBLIC        SBUF1
  D:0098H         PUBLIC        SCON0
  D:009BH         PUBLIC        SCON1
  C:EF71H         PUBLIC        _UART2_Init
  D:00D8H         PUBLIC        ADCON
  C:F0EEH         PUBLIC        _UART3_Init
  C:B6FAH         PUBLIC        _Uart_Send_Data
  C:F541H         PUBLIC        _UART4_Init
  C:F510H         PUBLIC        _UART5_Init
  D:009FH         PUBLIC        SBUF2_RX
  D:00ADH         PUBLIC        SBUF3_RX
  D:009EH         PUBLIC        SBUF2_TX
  D:00ACH         PUBLIC        SBUF3_TX
  C:EB9EH         PUBLIC        uart4r_Isr
  C:F20FH         PUBLIC        uart5r_Isr
  C:E991H         PUBLIC        uart4t_Isr
  C:EC00H         PUBLIC        uart5t_Isr
  -------         PROC          _UART2_INIT
  D:0004H         SYMBOL        bdt
  -------         DO            
  X:B0FEH         SYMBOL        tmp
  -------         ENDDO         
  C:EF71H         LINE#         36
  C:EF71H         LINE#         37
  C:EF71H         LINE#         39
  C:EF92H         LINE#         40
  C:EF95H         LINE#         41
  C:EF9CH         LINE#         42
  C:EFA3H         LINE#         43
  C:EFA6H         LINE#         44
BL51 BANKED LINKER/LOCATER V6.22.4.0                                                  05/11/2023  11:48:35  PAGE 28


  C:EFA9H         LINE#         45
  C:EFACH         LINE#         46
  C:EFB7H         LINE#         47
  C:EFB9H         LINE#         48
  C:EFBCH         LINE#         49
  C:EFBEH         LINE#         60
  -------         ENDPROC       _UART2_INIT
  -------         PROC          _UART3_INIT
  D:0004H         SYMBOL        bdt
  -------         DO            
  X:B0FEH         SYMBOL        tmp
  -------         ENDDO         
  C:F0EEH         LINE#         75
  C:F0EEH         LINE#         76
  C:F0EEH         LINE#         78
  C:F10FH         LINE#         80
  C:F112H         LINE#         82
  C:F119H         LINE#         83
  C:F120H         LINE#         84
  C:F123H         LINE#         86
  C:F126H         LINE#         87
  C:F131H         LINE#         88
  C:F133H         LINE#         89
  C:F136H         LINE#         99
  -------         ENDPROC       _UART3_INIT
  -------         PROC          _UART4_INIT
  D:0004H         SYMBOL        bdt
  -------         DO            
  D:0004H         SYMBOL        tmp
  -------         ENDDO         
  C:F541H         LINE#         114
  C:F541H         LINE#         115
  C:F541H         LINE#         117
  C:F544H         LINE#         118
  C:F547H         LINE#         121
  C:F55EH         LINE#         122
  C:F561H         LINE#         123
  C:F565H         LINE#         125
  C:F568H         LINE#         127
  C:F56EH         LINE#         128
  C:F570H         LINE#         135
  -------         ENDPROC       _UART4_INIT
  -------         PROC          _UART5_INIT
  D:0004H         SYMBOL        bdt
  -------         DO            
  D:0004H         SYMBOL        tmp
  -------         ENDDO         
  C:F510H         LINE#         150
  C:F510H         LINE#         151
  C:F510H         LINE#         153
  C:F513H         LINE#         154
  C:F516H         LINE#         156
  C:F52DH         LINE#         157
  C:F530H         LINE#         158
  C:F534H         LINE#         160
  C:F537H         LINE#         162
  C:F53EH         LINE#         163
BL51 BANKED LINKER/LOCATER V6.22.4.0                                                  05/11/2023  11:48:35  PAGE 29


  C:F540H         LINE#         170
  -------         ENDPROC       _UART5_INIT
  -------         PROC          _UARTINIT
  D:0007H         SYMBOL        UartPort
  X:B0FAH         SYMBOL        bdt
  C:EE7CH         LINE#         172
  C:EE7CH         LINE#         173
  C:EE7CH         LINE#         174
  C:EE8AH         LINE#         175
  C:EE8AH         LINE#         176
  C:EE8AH         LINE#         177
  C:EE9BH         LINE#         178
  C:EE9BH         LINE#         179
  C:EE9BH         LINE#         180
  C:EEACH         LINE#         181
  C:EEACH         LINE#         182
  C:EEACH         LINE#         183
  C:EEBDH         LINE#         184
  C:EEBDH         LINE#         185
  C:EEBDH         LINE#         186
  C:EECEH         LINE#         187
  C:EECEH         LINE#         188
  C:EECEH         LINE#         189
  C:EECEH         LINE#         190
  C:EECEH         LINE#         191
  -------         ENDPROC       _UARTINIT
  -------         PROC          _UART_SEND_DATA
  X:B301H         SYMBOL        str
  X:B302H         SYMBOL        len
  X:B304H         SYMBOL        buf
  -------         DO            
  X:B307H         SYMBOL        i
  -------         ENDDO         
  C:B6FAH         LINE#         203
  C:B70EH         LINE#         204
  C:B70EH         LINE#         207
  C:B710H         LINE#         208
  C:B72DH         LINE#         209
  C:B72DH         LINE#         210
  C:B786H         LINE#         211
  C:B7A5H         LINE#         212
  C:B7C1H         LINE#         213
  C:B7D2H         LINE#         214
  C:B7E9H         LINE#         215
  C:B7E9H         LINE#         216
  C:B7E9H         LINE#         217
  C:B7F2H         LINE#         218
  C:B7F2H         LINE#         222
  C:B7F4H         LINE#         223
  C:B807H         LINE#         224
  C:B815H         LINE#         225
  C:B818H         LINE#         226
  C:B818H         LINE#         227
  C:B81BH         LINE#         228
  C:B81BH         LINE#         229
  C:B824H         LINE#         230
  C:B824H         LINE#         234
BL51 BANKED LINKER/LOCATER V6.22.4.0                                                  05/11/2023  11:48:35  PAGE 30


  C:B826H         LINE#         235
  C:B839H         LINE#         236
  C:B847H         LINE#         237
  C:B84AH         LINE#         238
  C:B84AH         LINE#         239
  C:B84CH         LINE#         240
  C:B84CH         LINE#         241
  C:B852H         LINE#         242
  C:B852H         LINE#         244
  C:B854H         LINE#         246
  C:B856H         LINE#         248
  C:B868H         LINE#         249
  C:B873H         LINE#         251
  C:B875H         LINE#         252
  C:B883H         LINE#         253
  C:B886H         LINE#         254
  C:B886H         LINE#         255
  C:B888H         LINE#         256
  C:B888H         LINE#         257
  C:B88EH         LINE#         258
  C:B88EH         LINE#         260
  C:B890H         LINE#         262
  C:B892H         LINE#         263
  C:B8A5H         LINE#         264
  C:B8B3H         LINE#         265
  C:B8BAH         LINE#         266
  C:B8BAH         LINE#         267
  C:B8BAH         LINE#         268
  C:B8BAH         LINE#         269
  C:B8BAH         LINE#         270
  C:B8BAH         LINE#         271
  C:B8BCH         LINE#         272
  -------         ENDPROC       _UART_SEND_DATA
  -------         PROC          UART2_ISR
  C:E411H         LINE#         274
  C:E420H         LINE#         276
  C:E422H         LINE#         277
  C:E425H         LINE#         278
  C:E425H         LINE#         279
  C:E427H         LINE#         280
  C:E43AH         LINE#         281
  C:E448H         LINE#         282
  C:E44FH         LINE#         283
  C:E44FH         LINE#         284
  C:E452H         LINE#         285
  C:E452H         LINE#         286
  C:E454H         LINE#         287
  C:E468H         LINE#         288
  C:E468H         LINE#         289
  C:E475H         LINE#         290
  C:E483H         LINE#         291
  C:E48AH         LINE#         292
  C:E48CH         LINE#         294
  C:E48CH         LINE#         295
  C:E491H         LINE#         299
  C:E491H         LINE#         300
  C:E491H         LINE#         301
BL51 BANKED LINKER/LOCATER V6.22.4.0                                                  05/11/2023  11:48:35  PAGE 31


  C:E493H         LINE#         302
  -------         ENDPROC       UART2_ISR
  -------         PROC          UART4T_ISR
  C:E991H         LINE#         304
  C:E9A0H         LINE#         306
  C:E9A2H         LINE#         307
  C:E9A5H         LINE#         308
  C:E9B9H         LINE#         309
  C:E9B9H         LINE#         310
  C:E9C5H         LINE#         311
  C:E9D0H         LINE#         313
  C:E9D2H         LINE#         314
  C:E9E0H         LINE#         315
  C:E9E7H         LINE#         316
  C:E9E9H         LINE#         318
  C:E9E9H         LINE#         319
  C:E9EEH         LINE#         321
  C:E9F0H         LINE#         323
  C:E9F0H         LINE#         324
  C:E9F2H         LINE#         325
  -------         ENDPROC       UART4T_ISR
  -------         PROC          UART4R_ISR
  C:EB9EH         LINE#         327
  C:EBADH         LINE#         329
  C:EBAFH         LINE#         330
  C:EBB2H         LINE#         331
  C:EBB4H         LINE#         332
  C:EBC9H         LINE#         333
  C:EBC9H         LINE#         334
  C:EBDCH         LINE#         335
  C:EBEAH         LINE#         336
  C:EBF1H         LINE#         337
  C:EBF1H         LINE#         338
  C:EBF3H         LINE#         339
  -------         ENDPROC       UART4R_ISR
  -------         PROC          UART5T_ISR
  C:EC00H         LINE#         341
  C:EC0FH         LINE#         343
  C:EC11H         LINE#         344
  C:EC14H         LINE#         345
  C:EC28H         LINE#         346
  C:EC28H         LINE#         347
  C:EC35H         LINE#         348
  C:EC43H         LINE#         349
  C:EC4AH         LINE#         350
  C:EC4CH         LINE#         352
  C:EC4CH         LINE#         353
  C:EC51H         LINE#         355
  C:EC53H         LINE#         357
  C:EC53H         LINE#         358
  C:EC55H         LINE#         359
  -------         ENDPROC       UART5T_ISR
  -------         PROC          UART5R_ISR
  C:F20FH         LINE#         361
  C:F21CH         LINE#         363
  C:F21EH         LINE#         364
  C:F221H         LINE#         365
BL51 BANKED LINKER/LOCATER V6.22.4.0                                                  05/11/2023  11:48:35  PAGE 32


  C:F234H         LINE#         366
  C:F242H         LINE#         367
  C:F249H         LINE#         368
  C:F24BH         LINE#         369
  -------         ENDPROC       UART5R_ISR
  -------         PROC          UART3_ISR
  C:E1C3H         LINE#         371
  C:E1D2H         LINE#         373
  C:E1D4H         LINE#         374
  C:E1D9H         LINE#         375
  C:E1D9H         LINE#         376
  C:E1DCH         LINE#         377
  C:E1DFH         LINE#         378
  C:E1F2H         LINE#         379
  C:E200H         LINE#         380
  C:E207H         LINE#         381
  C:E207H         LINE#         382
  C:E20CH         LINE#         383
  C:E20CH         LINE#         384
  C:E20FH         LINE#         385
  C:E212H         LINE#         386
  C:E226H         LINE#         387
  C:E226H         LINE#         388
  C:E233H         LINE#         389
  C:E241H         LINE#         390
  C:E248H         LINE#         391
  C:E24AH         LINE#         393
  C:E24AH         LINE#         394
  C:E24FH         LINE#         398
  C:E24FH         LINE#         399
  C:E24FH         LINE#         400
  C:E251H         LINE#         401
  -------         ENDPROC       UART3_ISR
  -------         ENDMOD        UART

  -------         MODULE        DEBUG
  C:0000H         SYMBOL        _ICE_DUMMY_
  D:0080H         PUBLIC        P0
  D:00BBH         PUBLIC        SREL1H
  D:009DH         PUBLIC        SREL1L
  C:F4DEH         PUBLIC        initDebugUart
  D:00C9H         PUBLIC        MUX_SEL
  D:009CH         PUBLIC        SBUF1
  D:009BH         PUBLIC        SCON1
  C:F756H         PUBLIC        _putchar
  -------         PROC          INITDEBUGUART
  -------         DO            
  X:B0F9H         SYMBOL        tmp
  -------         ENDDO         
  C:F4DEH         LINE#         4
  C:F4DEH         LINE#         5
  C:F4DEH         LINE#         8
  C:F4E8H         LINE#         9
  C:F4EBH         LINE#         10
  C:F4F2H         LINE#         11
  C:F4F9H         LINE#         12
  C:F4FCH         LINE#         14
BL51 BANKED LINKER/LOCATER V6.22.4.0                                                  05/11/2023  11:48:35  PAGE 33


  C:F4FFH         LINE#         15
  C:F50AH         LINE#         16
  C:F50CH         LINE#         17
  C:F50FH         LINE#         18
  -------         ENDPROC       INITDEBUGUART
  -------         PROC          _PUTCHAR
  X:B215H         SYMBOL        c
  C:F756H         LINE#         28
  C:F75BH         LINE#         29
  C:F75BH         LINE#         30
  C:F76AH         LINE#         31
  C:F76FH         LINE#         32
  -------         ENDPROC       _PUTCHAR
  -------         ENDMOD        DEBUG

  -------         MODULE        IIC
  C:0000H         SYMBOL        _ICE_DUMMY_
  C:F792H         PUBLIC        _SetSdaIn
  C:F7ABH         PUBLIC        _SetSdaOut
  C:ECC2H         PUBLIC        _cack
  C:F70DH         PUBLIC        _SdaOutH
  C:F39FH         PUBLIC        _mack
  C:F728H         PUBLIC        _SdaOutL
  C:F67DH         PUBLIC        _SckOutH
  C:F69BH         PUBLIC        _SckOutL
  C:F3D7H         PUBLIC        _mnak
  C:F361H         PUBLIC        _i2cstart
  C:F322H         PUBLIC        _i2cstop
  C:EE27H         PUBLIC        _i2cbr
  C:EAD5H         PUBLIC        _i2cbw
  C:F844H         PUBLIC        _Init_IIc_Interface
  C:F7C4H         PUBLIC        _GetSdaIn
  -------         PROC          _INIT_IIC_INTERFACE
  D:0001H         SYMBOL        cfg
  C:F844H         LINE#         7
  C:F844H         LINE#         8
  C:F844H         LINE#         9
[...]
  C:A3BFH         LINE#         234
  C:A3C8H         LINE#         235
  C:A3C8H         LINE#         238
  C:A3CFH         LINE#         239
  C:A3D8H         LINE#         240
  C:A3E3H         LINE#         241
  C:A3EEH         LINE#         242
  C:A3FCH         LINE#         243
  C:A405H         LINE#         244
  C:A40CH         LINE#         245
  C:A415H         LINE#         246
  C:A420H         LINE#         247
  C:A42BH         LINE#         248
  C:A439H         LINE#         249
BL51 BANKED LINKER/LOCATER V6.22.4.0                                                  05/11/2023  11:48:35  PAGE 136


  C:A442H         LINE#         252
  C:A44BH         LINE#         253
  C:A456H         LINE#         254
  C:A461H         LINE#         255
  C:A46CH         LINE#         256
  C:A477H         LINE#         257
  C:A482H         LINE#         258
  C:A48DH         LINE#         259
  C:A498H         LINE#         260
  C:A4A3H         LINE#         261
  C:A4AEH         LINE#         262
  C:A4B7H         LINE#         263
  C:A4BEH         LINE#         264
  C:A4C5H         LINE#         265
  C:A4CEH         LINE#         266
  C:A4D9H         LINE#         267
  C:A4E4H         LINE#         268
  C:A4F2H         LINE#         269
  C:A4FBH         LINE#         270
  C:A504H         LINE#         271
  C:A50FH         LINE#         272
  C:A51AH         LINE#         273
  C:A528H         LINE#         274
  C:A531H         LINE#         275
  C:A531H         LINE#         276
  -------         ENDPROC       INIT_RTC
  -------         PROC          _RTC_CONFIG
  X:B11CH         SYMBOL        prtc_set
  -------         DO            
  X:B11FH         SYMBOL        dat
  X:B120H         SYMBOL        dat1
  -------         ENDDO         
  C:A532H         LINE#         278
  C:A53DH         LINE#         279
  C:A53DH         LINE#         282
  C:A546H         LINE#         283
  C:A551H         LINE#         284
  C:A55CH         LINE#         285
  C:A565H         LINE#         286
  C:A570H         LINE#         287
  C:A57EH         LINE#         288
  C:A587H         LINE#         289
  C:A595H         LINE#         290
  C:A59EH         LINE#         291
  C:A5A7H         LINE#         292
  C:A5AEH         LINE#         293
  C:A5B7H         LINE#         294
  C:A5C2H         LINE#         295
  C:A5CDH         LINE#         296
  C:A5DBH         LINE#         297
  C:A5E4H         LINE#         298
  C:A5EBH         LINE#         299
  C:A5F4H         LINE#         300
  C:A5FFH         LINE#         301
  C:A60AH         LINE#         302
  C:A618H         LINE#         303
  C:A621H         LINE#         306
BL51 BANKED LINKER/LOCATER V6.22.4.0                                                  05/11/2023  11:48:35  PAGE 137


  C:A62AH         LINE#         307
  C:A635H         LINE#         308
  C:A640H         LINE#         309
  C:A65BH         LINE#         310
  C:A676H         LINE#         311
  C:A691H         LINE#         312
  C:A6ACH         LINE#         313
  C:A6C7H         LINE#         314
  C:A6E2H         LINE#         315
  C:A6FAH         LINE#         316
  C:A703H         LINE#         317
  C:A70AH         LINE#         318
  C:A70FH         LINE#         319
  C:A718H         LINE#         320
  C:A723H         LINE#         321
  C:A72EH         LINE#         322
  C:A73CH         LINE#         323
  C:A745H         LINE#         324
  C:A74EH         LINE#         325
  C:A759H         LINE#         326
  C:A764H         LINE#         327
  C:A772H         LINE#         328
  -------         ENDPROC       _RTC_CONFIG
  -------         PROC          RDTIME
  -------         DO            
  X:B0F9H         SYMBOL        rtcdata
  X:B101H         SYMBOL        i
  X:B102H         SYMBOL        n
  X:B103H         SYMBOL        m
  -------         ENDDO         
  C:C5D1H         LINE#         332
  C:C5D1H         LINE#         333
  C:C5D1H         LINE#         336
  C:C5DAH         LINE#         337
  C:C5E5H         LINE#         338
  C:C5F0H         LINE#         339
  C:C5F9H         LINE#         340
  C:C604H         LINE#         341
  C:C60AH         LINE#         342
  C:C60AH         LINE#         343
  C:C622H         LINE#         344
  C:C62BH         LINE#         345
  C:C637H         LINE#         346
  C:C645H         LINE#         347
  C:C64EH         LINE#         348
  C:C657H         LINE#         349
  C:C65EH         LINE#         353
  C:C663H         LINE#         354
  C:C663H         LINE#         355
  C:C67BH         LINE#         356
  C:C681H         LINE#         357
  C:C694H         LINE#         358
  C:C69EH         LINE#         359
  C:C6A4H         LINE#         360
  C:C6A4H         LINE#         361
  C:C6BCH         LINE#         362
  C:C6C2H         LINE#         363
BL51 BANKED LINKER/LOCATER V6.22.4.0                                                  05/11/2023  11:48:35  PAGE 138


  C:C6D5H         LINE#         364
  C:C6DFH         LINE#         366
  C:C6E4H         LINE#         367
  C:C701H         LINE#         368
  -------         ENDPROC       RDTIME
  -------         PROC          _RTC_GET_WEEK
  D:0003H         SYMBOL        year
  D:0005H         SYMBOL        month
  X:B11CH         SYMBOL        day
  -------         DO            
  D:0006H         SYMBOL        tmp
  X:B11DH         SYMBOL        mon
  X:B11FH         SYMBOL        y
  D:0007H         SYMBOL        week
  -------         ENDDO         
  C:E381H         LINE#         373
  C:E388H         LINE#         374
  C:E388H         LINE#         377
  C:E391H         LINE#         378
  C:E391H         LINE#         379
  C:E39EH         LINE#         380
  C:E3AAH         LINE#         381
  C:E3ACH         LINE#         383
  C:E3ACH         LINE#         384
  C:E3B6H         LINE#         385
  C:E3BEH         LINE#         386
  C:E3BEH         LINE#         387
  C:E409H         LINE#         388
  C:E410H         LINE#         389
  C:E410H         LINE#         390
  -------         ENDPROC       _RTC_GET_WEEK
  -------         PROC          _WRITE_RTC
  X:B111H         SYMBOL        date
  -------         DO            
  X:B114H         SYMBOL        rtc_set
  -------         ENDDO         
  C:D775H         LINE#         392
  C:D780H         LINE#         393
  C:D780H         LINE#         395
  C:D797H         LINE#         396
  C:D7B1H         LINE#         397
  C:D7CBH         LINE#         398
  C:D7F0H         LINE#         399
  C:D80AH         LINE#         400
  C:D80DH         LINE#         401
  C:D827H         LINE#         402
  C:D841H         LINE#         403
  -------         ENDPROC       _WRITE_RTC
  -------         ENDMOD        RTC

  -------         MODULE        NORFLASH
  C:0000H         SYMBOL        _ICE_DUMMY_
  C:D850H         PUBLIC        _Nor_Flash_read
  C:92B2H         PUBLIC        sysParameterRead
  C:DE6CH         PUBLIC        _Nor_Flash_write
  C:DC31H         PUBLIC        _norFlashToDgus
  C:DB6FH         PUBLIC        _dgusToNorFlash
BL51 BANKED LINKER/LOCATER V6.22.4.0                                                  05/11/2023  11:48:35  PAGE 139


  X:B666H         PUBLIC        norflash_cmd
  -------         PROC          _NOR_FLASH_WRITE
  X:B1E7H         SYMBOL        addr
  D:0001H         SYMBOL        buff
  X:B1EEH         SYMBOL        len
  C:DE6CH         LINE#         14
  C:DE72H         LINE#         15
  C:DE72H         LINE#         16
  C:DE8CH         LINE#         17
  C:DE92H         LINE#         19
  C:DEAAH         LINE#         20
  C:DEC2H         LINE#         21
  C:DECDH         LINE#         23
  C:DED1H         LINE#         24
  C:DED4H         LINE#         26
  C:DEE1H         LINE#         27
  C:DEE4H         LINE#         29
  C:DEFEH         LINE#         30
  C:DEFEH         LINE#         31
  C:DEFEH         LINE#         32
  C:DF18H         LINE#         33
  C:DF1EH         LINE#         34
  C:DF1EH         LINE#         35
  C:DF1EH         LINE#         36
  C:DF1EH         LINE#         37
  C:DF25H         LINE#         38
  C:DF27H         LINE#         39
  -------         ENDPROC       _NOR_FLASH_WRITE
  C:D84AH         SYMBOL        L?0020
  C:D84CH         SYMBOL        L?0021
  -------         PROC          L?0019
  -------         ENDPROC       L?0019
  C:D84AH         SYMBOL        L?0020
  C:D84CH         SYMBOL        L?0021
  -------         PROC          _NOR_FLASH_READ
  X:B13BH         SYMBOL        addr
  X:B13FH         SYMBOL        buff
  X:B142H         SYMBOL        len
  C:D850H         LINE#         41
  C:D861H         LINE#         42
  C:D861H         LINE#         43
  C:D867H         LINE#         45
  C:D87FH         LINE#         46
  C:D897H         LINE#         47
  C:D8A2H         LINE#         49
  C:D8A6H         LINE#         50
  C:D8A9H         LINE#         52
  C:D8B6H         LINE#         53
  C:D8B9H         LINE#         55
  C:D8D3H         LINE#         56
  C:D8D3H         LINE#         57
  C:D8D3H         LINE#         58
  C:D8EDH         LINE#         59
  C:D8F3H         LINE#         60
  C:D8F3H         LINE#         61
  C:D8F3H         LINE#         62
  C:D8F3H         LINE#         63
BL51 BANKED LINKER/LOCATER V6.22.4.0                                                  05/11/2023  11:48:35  PAGE 140


  C:D8FAH         LINE#         64
  C:D8FCH         LINE#         65
  -------         ENDPROC       _NOR_FLASH_READ
  -------         PROC          _DGUSTONORFLASH
  X:B10FH         SYMBOL        addrForNorFlash
  X:B113H         SYMBOL        addrInDgus
  X:B117H         SYMBOL        len
  -------         DO            
  X:B119H         SYMBOL        norFlash_buff
  -------         ENDDO         
  C:DB6FH         LINE#         72
  C:DB75H         LINE#         73
  C:DB75H         LINE#         76
  C:DB7BH         LINE#         77
  C:DB93H         LINE#         78
  C:DBABH         LINE#         79
  C:DBB8H         LINE#         80
  C:DBD0H         LINE#         81
  C:DBDDH         LINE#         82
  C:DBEAH         LINE#         83
  C:DBEDH         LINE#         84
  C:DC07H         LINE#         86
  C:DC07H         LINE#         87
  C:DC07H         LINE#         88
  C:DC21H         LINE#         89
  C:DC27H         LINE#         90
  C:DC27H         LINE#         91
  C:DC2EH         LINE#         92
  C:DC30H         LINE#         93
  -------         ENDPROC       _DGUSTONORFLASH
  -------         PROC          _NORFLASHTODGUS
  X:B637H         SYMBOL        addrForNorFlash
  X:B63BH         SYMBOL        addrInDgus
  X:B63FH         SYMBOL        len
  -------         DO            
  X:B641H         SYMBOL        norFlash_buff
  -------         ENDDO         
  C:DC31H         LINE#         95
  C:DC37H         LINE#         96
  C:DC37H         LINE#         99
  C:DC3DH         LINE#         100
  C:DC55H         LINE#         101
  C:DC6DH         LINE#         102
  C:DC7AH         LINE#         103
  C:DC92H         LINE#         104
  C:DC9FH         LINE#         105
  C:DCACH         LINE#         106
  C:DCAFH         LINE#         107
  C:DCC9H         LINE#         109
  C:DCC9H         LINE#         110
  C:DCC9H         LINE#         111
  C:DCE3H         LINE#         112
  C:DCE9H         LINE#         113
  C:DCE9H         LINE#         114
  C:DCF0H         LINE#         115
  C:DCF2H         LINE#         116
  -------         ENDPROC       _NORFLASHTODGUS
BL51 BANKED LINKER/LOCATER V6.22.4.0                                                  05/11/2023  11:48:35  PAGE 141


  -------         PROC          SYSPARAMETERREAD
  C:92B2H         LINE#         118
  C:92B2H         LINE#         119
  C:92B2H         LINE#         121
  C:92C6H         LINE#         122
  C:92E0H         LINE#         124
  C:92F4H         LINE#         125
  C:930EH         LINE#         127
  C:9322H         LINE#         128
  C:933CH         LINE#         130
  C:9352H         LINE#         131
  C:936CH         LINE#         133
  C:9381H         LINE#         134
  C:939BH         LINE#         136
  C:93B0H         LINE#         137
  C:93BFH         LINE#         138
  C:93BFH         LINE#         139
  C:93C5H         LINE#         140
  C:93C5H         LINE#         141
  C:93DEH         LINE#         142
  C:93F7H         LINE#         145
  C:940DH         LINE#         146
  C:9427H         LINE#         148
  C:943DH         LINE#         149
  C:9457H         LINE#         151
  C:946DH         LINE#         152
  C:9487H         LINE#         154
  C:949DH         LINE#         155
  C:94B7H         LINE#         157
  C:94CCH         LINE#         158
  C:94E6H         LINE#         160
  C:94FCH         LINE#         161
  C:9516H         LINE#         163
  C:952CH         LINE#         164
  C:9545H         LINE#         166
  C:9545H         LINE#         168
  C:955BH         LINE#         169
  -------         ENDPROC       SYSPARAMETERREAD
  -------         ENDMOD        NORFLASH

  -------         MODULE        ?C?COPY
  C:66DEH         PUBLIC        ?C?COPY
  -------         ENDMOD        ?C?COPY

  -------         MODULE        ?C?CLDPTR
  C:6704H         PUBLIC        ?C?CLDPTR
  -------         ENDMOD        ?C?CLDPTR

  -------         MODULE        ?C?CLDOPTR
  C:671DH         PUBLIC        ?C?CLDOPTR
  -------         ENDMOD        ?C?CLDOPTR

  -------         MODULE        ?C?CSTPTR
  C:674AH         PUBLIC        ?C?CSTPTR
  -------         ENDMOD        ?C?CSTPTR

  -------         MODULE        ?C?CSTOPTR
BL51 BANKED LINKER/LOCATER V6.22.4.0                                                  05/11/2023  11:48:35  PAGE 142


  C:675CH         PUBLIC        ?C?CSTOPTR
  -------         ENDMOD        ?C?CSTOPTR

  -------         MODULE        ?C?IMUL
  C:677EH         PUBLIC        ?C?IMUL
  -------         ENDMOD        ?C?IMUL

  -------         MODULE        ?C?UIDIV
  C:6790H         PUBLIC        ?C?UIDIV
  -------         ENDMOD        ?C?UIDIV

  -------         MODULE        ?C?IILDX
  C:67E5H         PUBLIC        ?C?IILDX
  -------         ENDMOD        ?C?IILDX

  -------         MODULE        ?C?ILDIX
  C:67FBH         PUBLIC        ?C?ILDIX
  -------         ENDMOD        ?C?ILDIX

  -------         MODULE        ?C?ILDOPTR
  C:6811H         PUBLIC        ?C?ILDOPTR
  -------         ENDMOD        ?C?ILDOPTR

  -------         MODULE        ?C?ISTPTR
  C:6849H         PUBLIC        ?C?ISTPTR
  -------         ENDMOD        ?C?ISTPTR

  -------         MODULE        ?C?ISTOPTR
  C:6868H         PUBLIC        ?C?ISTOPTR
  -------         ENDMOD        ?C?ISTOPTR

  -------         MODULE        ?C?LMUL
  C:6895H         PUBLIC        ?C?LMUL
  -------         ENDMOD        ?C?LMUL

  -------         MODULE        ?C?ULDIV
  C:6920H         PUBLIC        ?C?ULDIV
  -------         ENDMOD        ?C?ULDIV

  -------         MODULE        ?C?SLDIV
  C:F29DH         PUBLIC        ?C?SLDIV
  -------         ENDMOD        ?C?SLDIV

  -------         MODULE        ?C?SLCMP
  C:69B2H         PUBLIC        ?C?SLCMP
  -------         ENDMOD        ?C?SLCMP

  -------         MODULE        ?C?ULCMP
  C:69C8H         PUBLIC        ?C?ULCMP
  -------         ENDMOD        ?C?ULCMP

  -------         MODULE        ?C?ULSHR
  C:69D9H         PUBLIC        ?C?ULSHR
  -------         ENDMOD        ?C?ULSHR

  -------         MODULE        ?C?LLDOPTR
  C:69ECH         PUBLIC        ?C?LLDOPTR
BL51 BANKED LINKER/LOCATER V6.22.4.0                                                  05/11/2023  11:48:35  PAGE 143


  -------         ENDMOD        ?C?LLDOPTR

  -------         MODULE        ?C?LSTOPTR
  C:6A1CH         PUBLIC        ?C?LSTOPTR
  -------         ENDMOD        ?C?LSTOPTR

  -------         MODULE        ?C?LSTXDATA
  C:6A40H         PUBLIC        ?C?LSTXDATA
  -------         ENDMOD        ?C?LSTXDATA

  -------         MODULE        ?C?LSTKXDATA
  C:6A4CH         PUBLIC        ?C?LSTKXDATA
  -------         ENDMOD        ?C?LSTKXDATA

  -------         MODULE        ?C?OFFXADD
  C:6A7DH         PUBLIC        ?C?OFFXADD
  -------         ENDMOD        ?C?OFFXADD

  -------         MODULE        ?C?PLDOPTR
  C:6A89H         PUBLIC        ?C?PLDOPTR
  -------         ENDMOD        ?C?PLDOPTR

  -------         MODULE        ?C?CCASE
  C:6AB9H         PUBLIC        ?C?CCASE
  -------         ENDMOD        ?C?CCASE

  -------         MODULE        ?C?ICASE
  C:6ADFH         PUBLIC        ?C?ICASE
  -------         ENDMOD        ?C?ICASE

  -------         MODULE        ?C?ICALL
  C:6B0CH         PUBLIC        ?C?ICALL
  C:6B10H         PUBLIC        ?C?ICALL2
  -------         ENDMOD        ?C?ICALL

  -------         MODULE        PRINTF
  X:B1EDH         PUBLIC        ?_PRINTF517?BYTE
  X:B1EDH         PUBLIC        ?_PRINTF?BYTE
  X:B1EDH         PUBLIC        ?_SPRINTF517?BYTE
  X:B1EDH         PUBLIC        ?_SPRINTF?BYTE
  C:89C0H         PUBLIC        _PRINTF
  C:89C0H         PUBLIC        _PRINTF517
  C:89BAH         PUBLIC        _SPRINTF
  C:89BAH         PUBLIC        _SPRINTF517
  -------         ENDMOD        PRINTF

  -------         MODULE        STRNCMP
  X:B12BH         PUBLIC        ?_strncmp?BYTE
  C:E63CH         PUBLIC        _strncmp
  -------         ENDMOD        STRNCMP

  -------         MODULE        STRNCPY
  X:B1E7H         PUBLIC        ?_strncpy?BYTE
  C:EA6DH         PUBLIC        _strncpy
  -------         ENDMOD        STRNCPY

  -------         MODULE        STRPOS
BL51 BANKED LINKER/LOCATER V6.22.4.0                                                  05/11/2023  11:48:35  PAGE 144


  C:F656H         PUBLIC        _STRPOS
  -------         ENDMOD        STRPOS

  -------         MODULE        ?C?MEMCMP
  C:6C98H         PUBLIC        ?C?MEMCMP
  -------         ENDMOD        ?C?MEMCMP

  -------         MODULE        ?C?MEMSET
  C:6CBCH         PUBLIC        ?C?MEMSET
  -------         ENDMOD        ?C?MEMSET

  -------         MODULE        ?C?LLDIDATA
  C:6CE8H         PUBLIC        ?C?LLDIDATA
  -------         ENDMOD        ?C?LLDIDATA

  -------         MODULE        ?C?LLDXDATA
  C:6CF4H         PUBLIC        ?C?LLDXDATA
  -------         ENDMOD        ?C?LLDXDATA

  -------         MODULE        ?C?LLDPDATA
  C:6D00H         PUBLIC        ?C?LLDPDATA
  -------         ENDMOD        ?C?LLDPDATA

  -------         MODULE        ?C?LLDCODE
  C:6D0CH         PUBLIC        ?C?LLDCODE
  -------         ENDMOD        ?C?LLDCODE

  -------         MODULE        ?C?LSTIDATA
  C:6D1CH         PUBLIC        ?C?LSTIDATA
  -------         ENDMOD        ?C?LSTIDATA

  -------         MODULE        ?C?LSTPDATA
  C:6D28H         PUBLIC        ?C?LSTPDATA
  -------         ENDMOD        ?C?LSTPDATA

  -------         MODULE        ?C?PLDIDATA
  C:6D34H         PUBLIC        ?C?PLDIDATA
  -------         ENDMOD        ?C?PLDIDATA

  -------         MODULE        ?C?PLDXDATA
  C:6D3DH         PUBLIC        ?C?PLDXDATA
  -------         ENDMOD        ?C?PLDXDATA

  -------         MODULE        ?C?PLDIXDATA
  C:6D46H         PUBLIC        ?C?PLDIXDATA
  -------         ENDMOD        ?C?PLDIXDATA

  -------         MODULE        ?C?PSTXDATA
  C:6D5DH         PUBLIC        ?C?PSTXDATA
  -------         ENDMOD        ?C?PSTXDATA

  -------         MODULE        ?C?PLDPDATA
  C:6D66H         PUBLIC        ?C?PLDPDATA
  -------         ENDMOD        ?C?PLDPDATA

  -------         MODULE        ?C?PLDCODE
  C:6D6FH         PUBLIC        ?C?PLDCODE
BL51 BANKED LINKER/LOCATER V6.22.4.0                                                  05/11/2023  11:48:35  PAGE 145


  -------         ENDMOD        ?C?PLDCODE

*** WARNING L13: RECURSIVE CALL TO SEGMENT
    SEGMENT: ?CO?UI
    CALLER:  ?PR?P52FUNC?UI

Program Size: data=35.1 xdata=13965 code=63475
LINK/LOCATE RUN COMPLETE.  1 WARNING(S),  0 ERROR(S)
